strata generate: native pack:  experts (largest blob 2.76 MB), token embedding BF16 in mapped host memory (1212 MiB, 1.7 s)
strata generate: 7016 MiB of weights loaded from  in 10.1 s (1 canonical tensors skipped: served natively)
strata generate: GPU 0: NVIDIA GeForce RTX 5090, compute capability 12.0
strata generate: the SSD is kept awake while rows are read: one page of the table after 100 ms without a read, until 60 s after the last request (STRATA_SSD_KEEPALIVE=0 turns it off)
strata generate: profile G:\Strata\Strata-Safetensors\data\expert-profile.bin: 24576 ranked pairs, built for 24576 slots
strata generate: --batch: 2 slot sessions on CUDA0 (0.23 GiB each); 22.62 GiB free
strata generate: --batch 2: the slot sessions take 0.46 GiB of VRAM on CUDA0 that the expert cache would otherwise hold
safetensors MTP: 29 dense tensors, 512 original FP8 experts; 2573.1 MiB, no requantization
strata mtp: original safetensors draft, 2587 MiB total VRAM, startup 2.17 s
strata generate: native BF16 head, 1271398400 bytes, in 1.3 s
safetensors: allocating 63.282 GiB expert RAM (CUDA pinned); startup batch=64 workers=4
safetensors: expert RAM allocated and locked in 4.94 s
safetensors: resident experts 1/48 layers (elapsed 5.55 s, read 0.48 s, pack 0.08 s)
safetensors: resident experts 2/48 layers (elapsed 6.09 s, read 0.94 s, pack 0.16 s)
safetensors: resident experts 3/48 layers (elapsed 6.82 s, read 1.57 s, pack 0.25 s)
safetensors: resident experts 4/48 layers (elapsed 7.46 s, read 2.14 s, pack 0.33 s)
safetensors: resident experts 5/48 layers (elapsed 8.15 s, read 2.75 s, pack 0.41 s)
safetensors: resident experts 6/48 layers (elapsed 8.71 s, read 3.22 s, pack 0.49 s)
safetensors: resident experts 7/48 layers (elapsed 9.18 s, read 3.62 s, pack 0.56 s)
safetensors: resident experts 8/48 layers (elapsed 9.66 s, read 4.03 s, pack 0.64 s)
safetensors: resident experts 9/48 layers (elapsed 10.09 s, read 4.38 s, pack 0.71 s)
safetensors: resident experts 10/48 layers (elapsed 10.56 s, read 4.78 s, pack 0.78 s)
safetensors: resident experts 11/48 layers (elapsed 11.02 s, read 5.17 s, pack 0.85 s)
safetensors: resident experts 12/48 layers (elapsed 11.49 s, read 5.56 s, pack 0.92 s)
safetensors: resident experts 13/48 layers (elapsed 13.14 s, read 7.14 s, pack 1.00 s)
safetensors: resident experts 14/48 layers (elapsed 13.59 s, read 7.52 s, pack 1.07 s)
safetensors: resident experts 15/48 layers (elapsed 14.04 s, read 7.90 s, pack 1.14 s)
safetensors: resident experts 16/48 layers (elapsed 14.51 s, read 8.30 s, pack 1.21 s)
safetensors: resident experts 17/48 layers (elapsed 14.96 s, read 8.67 s, pack 1.28 s)
safetensors: resident experts 18/48 layers (elapsed 15.55 s, read 9.18 s, pack 1.36 s)
safetensors: resident experts 19/48 layers (elapsed 16.00 s, read 9.57 s, pack 1.43 s)
safetensors: resident experts 20/48 layers (elapsed 16.47 s, read 9.95 s, pack 1.50 s)
safetensors: resident experts 21/48 layers (elapsed 16.94 s, read 10.35 s, pack 1.57 s)
safetensors: resident experts 22/48 layers (elapsed 17.39 s, read 10.73 s, pack 1.65 s)
safetensors: resident experts 23/48 layers (elapsed 17.88 s, read 11.14 s, pack 1.72 s)
safetensors: resident experts 24/48 layers (elapsed 18.36 s, read 11.55 s, pack 1.79 s)
safetensors: resident experts 25/48 layers (elapsed 18.84 s, read 11.96 s, pack 1.86 s)
safetensors: resident experts 26/48 layers (elapsed 19.31 s, read 12.36 s, pack 1.94 s)
safetensors: resident experts 27/48 layers (elapsed 19.83 s, read 12.80 s, pack 2.01 s)
safetensors: resident experts 28/48 layers (elapsed 20.24 s, read 13.14 s, pack 2.08 s)
safetensors: resident experts 29/48 layers (elapsed 20.70 s, read 13.53 s, pack 2.15 s)
safetensors: resident experts 30/48 layers (elapsed 21.16 s, read 13.92 s, pack 2.22 s)
safetensors: resident experts 31/48 layers (elapsed 21.68 s, read 14.36 s, pack 2.30 s)
safetensors: resident experts 32/48 layers (elapsed 23.06 s, read 15.67 s, pack 2.37 s)
safetensors: resident experts 33/48 layers (elapsed 23.56 s, read 16.10 s, pack 2.44 s)
safetensors: resident experts 34/48 layers (elapsed 24.03 s, read 16.49 s, pack 2.51 s)
safetensors: resident experts 35/48 layers (elapsed 24.54 s, read 16.94 s, pack 2.58 s)
safetensors: resident experts 36/48 layers (elapsed 25.08 s, read 17.40 s, pack 2.66 s)
safetensors: resident experts 37/48 layers (elapsed 27.83 s, read 20.08 s, pack 2.72 s)
safetensors: resident experts 38/48 layers (elapsed 29.79 s, read 21.98 s, pack 2.79 s)
safetensors: resident experts 39/48 layers (elapsed 32.00 s, read 24.12 s, pack 2.85 s)
safetensors: resident experts 40/48 layers (elapsed 37.84 s, read 29.89 s, pack 2.92 s)
safetensors: resident experts 41/48 layers (elapsed 38.38 s, read 30.35 s, pack 3.00 s)
safetensors: resident experts 42/48 layers (elapsed 43.37 s, read 35.27 s, pack 3.07 s)
safetensors: resident experts 43/48 layers (elapsed 45.15 s, read 36.98 s, pack 3.14 s)
safetensors: resident experts 44/48 layers (elapsed 47.98 s, read 39.74 s, pack 3.21 s)
safetensors: resident experts 45/48 layers (elapsed 52.39 s, read 44.07 s, pack 3.28 s)
safetensors: resident experts 46/48 layers (elapsed 55.30 s, read 46.91 s, pack 3.35 s)
safetensors: resident experts 47/48 layers (elapsed 58.55 s, read 50.09 s, pack 3.42 s)
safetensors: resident experts 48/48 layers (elapsed 66.70 s, read 58.17 s, pack 3.49 s)
safetensors: 63.282 GiB physically page-locked and GPU-mapped via cudaHostAlloc, 0.0 MiB GPU staging
safetensors: startup weight handles closed; all resident payload reads sealed
safetensors: expert startup complete: 66.70 s, batch=64 workers=4 scratch_peak_mib=168.75 read_s=58.17 pack_s=3.49 source_read_calls=29980
safetensors: all expert weights in locked RAM; expert source reads sealed
strata generate: CPU pool tasks/phase: 40 (capped by rows), participating threads: 16
strata generate: 15 pool workers on logical processors 2,4,6,8,10,12,14,16,18,20,22,24,26,28,30, the host thread on 0 (draining too) (--host-core first)
strata prefill allocation: requested=4096 effective=4096 capacity=4096 workspace_bytes=2906123008 free_vram_bytes=16600006656
safetensors: prefill-first: 4096 rows allocated and touched before expert cache sizing; 512 MiB startup headroom held; experts use the remaining budget
strata generate: expert cache auto: 15.46 GiB free, 1536 MiB reserved (+2 MiB for the draft head) -> 5396 slots
strata generate: only 1037 MiB free once the slots are written (reserve 1536 MiB); shrinking the expert cache
safetensors: written-cache budget also keeps 3 MiB for the late MTP head
strata generate: expert cache 5180 slots, 13.34 GiB of VRAM; policy is
strata generate: native NVFP4 CPU/GPU FP32 canonical arithmetic enabled
                 (32-lane reduction and double exp rounded to float).
                 PROFILE, ranked by routing frequency, no eviction.
strata generate: the profile fill asks for 0 pairs ahead (STRATA_FILL_AHEAD)
strata generate: pre-filled 5180 of 5180 slots from the profile in 0.4 s (40744 MB/s); slot 0 verified
strata generate: R4 hit path ON - resident experts are computed on the GPU
strata generate: 15 expert-pool workers + the host thread
strata generate: session is up (engine 0.1.41)
strata generate: token graph hit path: 5180 resident experts, decided on the device
strata generate: resident RAM mode: 63.28 GiB of experts in RAM (page-locked), 5180 in the GPU cache; adaptive swaps off
strata serve: the prompt path allocates its own buffers (dedicated workspace: --no-prefill-borrow)
strata serve prefill selection: configured=4096 selected=4096 auto=0 reduced=0
strata hc: CUDA0: the hyper-connection read runs as staged (the norm per token and stream, the down projection's activations staged ahead by cp.async); checked bit for bit against the plain read on this card (STRATA_HC_SPLIT=1 or 0 for the earlier ones)
strata verify: window up to 3 tokens, 354.4 MiB of device buffers
strata verify: batch windows of up to 2 sequences (layers [0, 48))
strata serve: STRATA_ADAPT_FETCH is off (the adaptive tier is off)
safetensors: startup MTP weight warm: 2573.1 MiB read on device in 3.7 ms; original weights, KV and sampling state unchanged
safetensors: startup immutable weight warm completed in 15.6 ms using the 512 MiB guard; no forward pass or expert source read
safetensors: prefill-first ready: configured=4096 allocated=4096; startup headroom released; 2053 MiB free
strata serve: 2053 MiB of VRAM free with everything loaded
safetensors: engine ready after 106.30 s from main entry
strata serve prefill segment: start=0 end=22 root=0 turn=1 message=0 pin=0 reread=0
strata verify: capturing the 3-token window (2053 MiB of VRAM free)
strata: the hyper-connection read v4 (programmatic dependent launch)
strata verify: captured the 3-token window (upload no error, sync no error)
strata verify: capturing the 1-token window (2049 MiB of VRAM free)
strata verify: captured the 1-token window (upload no error, sync no error)
strata serve prefill segment: start=22 end=28 root=0 turn=0 message=0 pin=0 reread=0
strata verify: capturing the 2-token window (2043 MiB of VRAM free)
strata verify: captured the 2-token window (upload no error, sync no error)
strata serve: prompt 29 tokens = 0 reused + 29 read in 496 ms (58.4 tok/s), 64 generated in 1112 ms (57.6 tok/s), drafts accepted 34 of 48, 1 checkpoints
strata serve: decode expert cache hit rate: 55.5% (19128 hits / 34487 lookups); 2953 more read by the GPU over PCIe or from another GPU (7.9% of all 37440 routed)
strata serve: resident RAM: 63.28 GiB of experts in RAM, 0 exchanged with the VRAM tier, 0 blob reads from the file
safetensors residency metrics: ram_bytes=67948118016 os_locked_bytes=0 cuda_pinned_bytes=67948118016 promotions=0 promoted_payload_bytes=0 expert_file_bytes=0 (cumulative; payload is not a physical PCIe counter)
safetensors ngram metrics: ple io: 1792 rows, 4.9% row-cache hits, 1704 SSD reads (7.3 MB), read p50 171 us p99 11276 us, blocked 109.498 ms total (submit 1.281 ms), cache 1704/1048576 rows
strata serve: expert tiers: GPU 19128 hits this request; since the start RAM 24488 blobs, files 0 blobs 0.0 MB read
strata serve: conversation cache: parked 92 tokens in 54.8 ms; parked=1 bytes=237541744 evictions=0 snapshot_bytes=237541744 reused_kv_bytes=0
strata serve prefill segment: start=0 end=19 root=0 turn=1 message=0 pin=0 reread=0
strata serve prefill segment: start=19 end=25 root=0 turn=0 message=0 pin=0 reread=0
strata serve: prompt 26 tokens = 0 reused + 26 read in 377 ms (68.9 tok/s), 64 generated in 852 ms (75.1 tok/s), drafts accepted 40 of 45, 1 checkpoints
strata serve: decode expert cache hit rate: 34.0% (9982 hits / 29396 lookups); 3724 more read by the GPU over PCIe or from another GPU (11.2% of all 33120 routed)
strata serve: resident RAM: 63.28 GiB of experts in RAM, 0 exchanged with the VRAM tier, 0 blob reads from the file
safetensors residency metrics: ram_bytes=67948118016 os_locked_bytes=0 cuda_pinned_bytes=67948118016 promotions=0 promoted_payload_bytes=0 expert_file_bytes=0 (cumulative; payload is not a physical PCIe counter)
safetensors ngram metrics: ple io: 3312 rows, 11.6% row-cache hits, 2928 SSD reads (12.5 MB), read p50 156 us p99 10118 us, blocked 109.772 ms total (submit 2.210 ms), cache 2928/1048576 rows, SSD kept awake by 2 reads (slowest 0.2 ms)
strata serve: expert tiers: GPU 9982 hits this request; since the start RAM 45849 blobs, files 0 blobs 0.0 MB read
strata serve: conversation cache: parked 89 tokens in 50.9 ms; parked=1 bytes=237535576 evictions=0 snapshot_bytes=237535576 reused_kv_bytes=0
strata serve: conversation cache: restored 22 tokens (checkpoint) in 30.3 ms; parked=1 bytes=238950352
strata serve prefill segment: start=22 end=28 root=0 turn=0 message=0 pin=0 reread=0
strata batch: slot 0 takes 29 tokens (copied in 59.4 ms)
strata serve: prompt 29 tokens = 22 reused + 7 read in 153 ms (45.7 tok/s), 1 generated in 17 ms (59.3 tok/s), drafts accepted 0 of 0, 1 checkpoints
strata serve: decode expert cache hit rate: 60.7% (272 hits / 448 lookups); 32 more read by the GPU over PCIe or from another GPU (6.7% of all 480 routed)
strata serve: resident RAM: 63.28 GiB of experts in RAM, 0 exchanged with the VRAM tier, 0 blob reads from the file
safetensors residency metrics: ram_bytes=67948118016 os_locked_bytes=0 cuda_pinned_bytes=67948118016 promotions=0 promoted_payload_bytes=0 expert_file_bytes=0 (cumulative; payload is not a physical PCIe counter)
safetensors ngram metrics: ple io: 3424 rows, 14.5% row-cache hits, 2928 SSD reads (12.5 MB), read p50 156 us p99 10118 us, blocked 109.773 ms total (submit 2.210 ms), cache 2928/1048576 rows, SSD kept awake by 4 reads (slowest 5.7 ms)
strata serve: expert tiers: GPU 272 hits this request; since the start RAM 47287 blobs, files 0 blobs 0.0 MB read
strata serve: conversation cache: parked 29 tokens in 47.6 ms; parked=1 bytes=237541492 evictions=0 snapshot_bytes=237541492 reused_kv_bytes=305280
strata serve: conversation cache: restored 19 tokens (checkpoint) in 20.8 ms; parked=1 bytes=238950124
strata serve prefill segment: start=19 end=25 root=0 turn=0 message=0 pin=0 reread=0
strata batch: slot 1 takes 26 tokens (copied in 48.9 ms)
strata serve: prompt 26 tokens = 19 reused + 7 read in 150 ms (46.6 tok/s), 1 generated in 19 ms (53.9 tok/s), drafts accepted 0 of 0, 1 checkpoints
strata serve: decode expert cache hit rate: 52.9% (230 hits / 435 lookups); 45 more read by the GPU over PCIe or from another GPU (9.4% of all 480 routed)
strata serve: resident RAM: 63.28 GiB of experts in RAM, 0 exchanged with the VRAM tier, 0 blob reads from the file
safetensors residency metrics: ram_bytes=67948118016 os_locked_bytes=0 cuda_pinned_bytes=67948118016 promotions=0 promoted_payload_bytes=0 expert_file_bytes=0 (cumulative; payload is not a physical PCIe counter)
safetensors ngram metrics: ple io: 3536 rows, 17.2% row-cache hits, 2928 SSD reads (12.5 MB), read p50 156 us p99 10118 us, blocked 109.773 ms total (submit 2.210 ms), cache 2928/1048576 rows, SSD kept awake by 6 reads (slowest 5.7 ms)
strata serve: expert tiers: GPU 230 hits this request; since the start RAM 48862 blobs, files 0 blobs 0.0 MB read
strata verify: captured the batch window over slots 0,1
strata batch: 63 windows, avg 2.00 rows, 33.57 ms/window = run 32.87 (CUDA0 GPU-reach wait 7.96 + CPU experts 23.90) + commit 0.66 + emit 0.05; per layer-window: CPU experts 9.08, VRAM hits 8.21, PCIe 2.52; 59.6 rows/s over 2115 ms of wall time (admissions included)
strata serve: conversation cache: parked 26 tokens in 35.2 ms; parked=2 bytes=475076816 evictions=0 snapshot_bytes=237535324 reused_kv_bytes=244224
strata batch: slot 0 gave back 22 tokens of this conversation (its turn checkpoint) in 35.9 ms
strata serve prefill segment: start=22 end=28 root=0 turn=0 message=0 pin=0 reread=0
strata serve: prompt 29 tokens = 22 reused + 7 read in 152 ms (46.2 tok/s), 64 generated in 1031 ms (62.1 tok/s), drafts accepted 28 of 55, 1 checkpoints
strata serve: decode expert cache hit rate: 56.1% (22559 hits / 40204 lookups); 3476 more read by the GPU over PCIe or from another GPU (8.0% of all 43680 routed)
strata serve: resident RAM: 63.28 GiB of experts in RAM, 0 exchanged with the VRAM tier, 0 blob reads from the file
safetensors residency metrics: ram_bytes=67948118016 os_locked_bytes=0 cuda_pinned_bytes=67948118016 promotions=0 promoted_payload_bytes=0 expert_file_bytes=0 (cumulative; payload is not a physical PCIe counter)
safetensors ngram metrics: ple io: 7264 rows, 40.9% row-cache hits, 4296 SSD reads (18.3 MB), read p50 154 us p99 10044 us, blocked 126.180 ms total (submit 3.357 ms), cache 4296/1048576 rows, SSD kept awake by 27 reads (slowest 5.7 ms)
strata serve: expert tiers: GPU 22559 hits this request; since the start RAM 100993 blobs, files 0 blobs 0.0 MB read
strata serve: conversation cache: dropped 1 superseded copy of this conversation; parked=1
strata serve: conversation cache: parked 92 tokens in 33.4 ms; parked=2 bytes=475077068 evictions=0 snapshot_bytes=237541744 reused_kv_bytes=0
strata batch: slot 1 gave back 19 tokens of this conversation (its turn checkpoint) in 34.3 ms
strata serve prefill segment: start=19 end=25 root=0 turn=0 message=0 pin=0 reread=0
strata serve: prompt 26 tokens = 19 reused + 7 read in 150 ms (46.5 tok/s), 64 generated in 937 ms (68.3 tok/s), drafts accepted 38 of 49, 1 checkpoints
strata serve: decode expert cache hit rate: 34.8% (11112 hits / 31948 lookups); 4052 more read by the GPU over PCIe or from another GPU (11.3% of all 36000 routed)
strata serve: resident RAM: 63.28 GiB of experts in RAM, 0 exchanged with the VRAM tier, 0 blob reads from the file
safetensors residency metrics: ram_bytes=67948118016 os_locked_bytes=0 cuda_pinned_bytes=67948118016 promotions=0 promoted_payload_bytes=0 expert_file_bytes=0 (cumulative; payload is not a physical PCIe counter)
safetensors ngram metrics: ple io: 8576 rows, 46.0% row-cache hits, 4632 SSD reads (19.7 MB), read p50 154 us p99 9631 us, blocked 129.409 ms total (submit 3.664 ms), cache 4632/1048576 rows, SSD kept awake by 33 reads (slowest 5.7 ms)
strata serve: expert tiers: GPU 11112 hits this request; since the start RAM 119350 blobs, files 0 blobs 0.0 MB read
strata serve: conversation cache: dropped 1 superseded copy of this conversation; parked=1
strata serve: conversation cache: parked 89 tokens in 39.9 ms; parked=2 bytes=475077320 evictions=0 snapshot_bytes=237535576 reused_kv_bytes=0
strata batch: slot 0 gave back 22 tokens of this conversation (its turn checkpoint) in 37.6 ms
strata serve prefill segment: start=22 end=28 root=0 turn=0 message=0 pin=0 reread=0
strata batch: slot 0 takes 29 tokens (copied in 64.0 ms)
strata serve: prompt 29 tokens = 22 reused + 7 read in 158 ms (44.3 tok/s), 1 generated in 18 ms (56.7 tok/s), drafts accepted 0 of 0, 1 checkpoints
strata serve: decode expert cache hit rate: 60.7% (272 hits / 448 lookups); 32 more read by the GPU over PCIe or from another GPU (6.7% of all 480 routed)
strata serve: resident RAM: 63.28 GiB of experts in RAM, 0 exchanged with the VRAM tier, 0 blob reads from the file
safetensors residency metrics: ram_bytes=67948118016 os_locked_bytes=0 cuda_pinned_bytes=67948118016 promotions=0 promoted_payload_bytes=0 expert_file_bytes=0 (cumulative; payload is not a physical PCIe counter)
safetensors ngram metrics: ple io: 8688 rows, 46.7% row-cache hits, 4632 SSD reads (19.7 MB), read p50 154 us p99 9631 us, blocked 129.410 ms total (submit 3.664 ms), cache 4632/1048576 rows, SSD kept awake by 35 reads (slowest 53.5 ms)
strata serve: expert tiers: GPU 272 hits this request; since the start RAM 120788 blobs, files 0 blobs 0.0 MB read
strata serve: conversation cache: dropped 1 superseded copy of this conversation; parked=1
strata serve: conversation cache: parked 29 tokens in 32.3 ms; parked=2 bytes=474155084 evictions=0 snapshot_bytes=236619508 reused_kv_bytes=0
strata batch: slot 1 gave back 19 tokens of this conversation (its turn checkpoint) in 31.0 ms
strata serve prefill segment: start=19 end=25 root=0 turn=0 message=0 pin=0 reread=0
strata batch: slot 1 takes 26 tokens (copied in 64.3 ms)
strata serve: prompt 26 tokens = 19 reused + 7 read in 147 ms (47.5 tok/s), 1 generated in 18 ms (54.2 tok/s), drafts accepted 0 of 0, 1 checkpoints
strata serve: decode expert cache hit rate: 52.9% (230 hits / 435 lookups); 45 more read by the GPU over PCIe or from another GPU (9.4% of all 480 routed)
strata serve: resident RAM: 63.28 GiB of experts in RAM, 0 exchanged with the VRAM tier, 0 blob reads from the file
safetensors residency metrics: ram_bytes=67948118016 os_locked_bytes=0 cuda_pinned_bytes=67948118016 promotions=0 promoted_payload_bytes=0 expert_file_bytes=0 (cumulative; payload is not a physical PCIe counter)
safetensors ngram metrics: ple io: 8800 rows, 47.4% row-cache hits, 4632 SSD reads (19.7 MB), read p50 154 us p99 9631 us, blocked 129.411 ms total (submit 3.664 ms), cache 4632/1048576 rows, SSD kept awake by 36 reads (slowest 80.7 ms)
strata serve: expert tiers: GPU 230 hits this request; since the start RAM 122363 blobs, files 0 blobs 0.0 MB read
strata batch: 63 windows, avg 2.00 rows, 31.23 ms/window = run 30.56 (CUDA0 GPU-reach wait 8.03 + CPU experts 21.54) + commit 0.63 + emit 0.05; per layer-window: CPU experts 9.06, VRAM hits 8.25, PCIe 2.52; 64.0 rows/s over 1968 ms of wall time (admissions included)
strata serve: conversation cache: dropped 1 superseded copy of this conversation; parked=1
strata serve: conversation cache: parked 26 tokens in 37.1 ms; parked=2 bytes=473177936 evictions=0 snapshot_bytes=236558428 reused_kv_bytes=0
strata batch: slot 0 gave back 22 tokens of this conversation (its turn checkpoint) in 38.6 ms
strata serve prefill segment: start=22 end=28 root=0 turn=0 message=0 pin=0 reread=0
strata serve: prompt 29 tokens = 22 reused + 7 read in 154 ms (45.3 tok/s), 64 generated in 850 ms (75.3 tok/s), drafts accepted 35 of 46, 1 checkpoints
strata serve: decode expert cache hit rate: 56.8% (18851 hits / 33183 lookups); 2817 more read by the GPU over PCIe or from another GPU (7.8% of all 36000 routed)
strata serve: resident RAM: 63.28 GiB of experts in RAM, 0 exchanged with the VRAM tier, 0 blob reads from the file
safetensors residency metrics: ram_bytes=67948118016 os_locked_bytes=0 cuda_pinned_bytes=67948118016 promotions=0 promoted_payload_bytes=0 expert_file_bytes=0 (cumulative; payload is not a physical PCIe counter)
safetensors ngram metrics: ple io: 12208 rows, 56.9% row-cache hits, 5256 SSD reads (22.4 MB), read p50 154 us p99 9049 us, blocked 140.579 ms total (submit 4.329 ms), cache 5256/1048576 rows, SSD kept awake by 58 reads (slowest 80.7 ms)
strata serve: expert tiers: GPU 18851 hits this request; since the start RAM 171403 blobs, files 0 blobs 0.0 MB read
strata serve: conversation cache: dropped 1 superseded copy of this conversation; parked=1
strata serve: conversation cache: parked 92 tokens in 31.1 ms; parked=2 bytes=474100172 evictions=0 snapshot_bytes=237541744 reused_kv_bytes=0
strata batch: slot 1 gave back 19 tokens of this conversation (its turn checkpoint) in 27.3 ms
strata serve prefill segment: start=19 end=25 root=0 turn=0 message=0 pin=0 reread=0
strata serve: prompt 26 tokens = 19 reused + 7 read in 138 ms (50.8 tok/s), 64 generated in 924 ms (69.3 tok/s), drafts accepted 38 of 50, 1 checkpoints
strata serve: decode expert cache hit rate: 34.6% (11166 hits / 32307 lookups); 4173 more read by the GPU over PCIe or from another GPU (11.4% of all 36480 routed)
strata serve: resident RAM: 63.28 GiB of experts in RAM, 0 exchanged with the VRAM tier, 0 blob reads from the file
safetensors residency metrics: ram_bytes=67948118016 os_locked_bytes=0 cuda_pinned_bytes=67948118016 promotions=0 promoted_payload_bytes=0 expert_file_bytes=0 (cumulative; payload is not a physical PCIe counter)
safetensors ngram metrics: ple io: 13520 rows, 60.7% row-cache hits, 5320 SSD reads (22.6 MB), read p50 154 us p99 9049 us, blocked 140.589 ms total (submit 4.399 ms), cache 5320/1048576 rows, SSD kept awake by 66 reads (slowest 80.7 ms)
strata serve: expert tiers: GPU 11166 hits this request; since the start RAM 190047 blobs, files 0 blobs 0.0 MB read
strata serve: conversation cache: dropped 1 superseded copy of this conversation; parked=1
strata serve: conversation cache: parked 89 tokens in 31.1 ms; parked=2 bytes=475077320 evictions=0 snapshot_bytes=237535576 reused_kv_bytes=0
strata batch: slot 0 gave back 22 tokens of this conversation (its turn checkpoint) in 25.3 ms
strata serve prefill segment: start=22 end=28 root=0 turn=0 message=0 pin=0 reread=0
strata batch: slot 0 takes 29 tokens (copied in 53.5 ms)
strata serve: prompt 29 tokens = 22 reused + 7 read in 140 ms (49.9 tok/s), 1 generated in 18 ms (57.1 tok/s), drafts accepted 0 of 0, 1 checkpoints
strata serve: decode expert cache hit rate: 60.7% (272 hits / 448 lookups); 32 more read by the GPU over PCIe or from another GPU (6.7% of all 480 routed)
strata serve: resident RAM: 63.28 GiB of experts in RAM, 0 exchanged with the VRAM tier, 0 blob reads from the file
safetensors residency metrics: ram_bytes=67948118016 os_locked_bytes=0 cuda_pinned_bytes=67948118016 promotions=0 promoted_payload_bytes=0 expert_file_bytes=0 (cumulative; payload is not a physical PCIe counter)
safetensors ngram metrics: ple io: 13632 rows, 61.0% row-cache hits, 5320 SSD reads (22.6 MB), read p50 154 us p99 9049 us, blocked 140.590 ms total (submit 4.399 ms), cache 5320/1048576 rows, SSD kept awake by 68 reads (slowest 80.7 ms)
strata serve: expert tiers: GPU 272 hits this request; since the start RAM 191485 blobs, files 0 blobs 0.0 MB read
strata serve: conversation cache: dropped 1 superseded copy of this conversation; parked=1
strata serve: conversation cache: parked 29 tokens in 33.3 ms; parked=2 bytes=474155084 evictions=0 snapshot_bytes=236619508 reused_kv_bytes=0
strata batch: slot 1 gave back 19 tokens of this conversation (its turn checkpoint) in 32.9 ms
strata serve prefill segment: start=19 end=25 root=0 turn=0 message=0 pin=0 reread=0
strata batch: slot 1 takes 26 tokens (copied in 58.3 ms)
strata serve: prompt 26 tokens = 19 reused + 7 read in 143 ms (49.0 tok/s), 1 generated in 20 ms (51.2 tok/s), drafts accepted 0 of 0, 1 checkpoints
strata serve: decode expert cache hit rate: 52.9% (230 hits / 435 lookups); 45 more read by the GPU over PCIe or from another GPU (9.4% of all 480 routed)
strata serve: resident RAM: 63.28 GiB of experts in RAM, 0 exchanged with the VRAM tier, 0 blob reads from the file
safetensors residency metrics: ram_bytes=67948118016 os_locked_bytes=0 cuda_pinned_bytes=67948118016 promotions=0 promoted_payload_bytes=0 expert_file_bytes=0 (cumulative; payload is not a physical PCIe counter)
safetensors ngram metrics: ple io: 13744 rows, 61.3% row-cache hits, 5320 SSD reads (22.6 MB), read p50 154 us p99 9049 us, blocked 140.591 ms total (submit 4.399 ms), cache 5320/1048576 rows, SSD kept awake by 70 reads (slowest 80.7 ms)
strata serve: expert tiers: GPU 230 hits this request; since the start RAM 193060 blobs, files 0 blobs 0.0 MB read
strata batch: 63 windows, avg 2.00 rows, 30.56 ms/window = run 29.88 (CUDA0 GPU-reach wait 8.00 + CPU experts 20.79) + commit 0.63 + emit 0.05; per layer-window: CPU experts 9.10, VRAM hits 8.21, PCIe 2.53; 65.4 rows/s over 1925 ms of wall time (admissions included)
strata serve: conversation cache: dropped 1 superseded copy of this conversation; parked=1
strata serve: conversation cache: parked 26 tokens in 30.6 ms; parked=2 bytes=473177936 evictions=0 snapshot_bytes=236558428 reused_kv_bytes=0
strata batch: slot 0 gave back 22 tokens of this conversation (its turn checkpoint) in 25.5 ms
strata serve prefill segment: start=22 end=28 root=0 turn=0 message=0 pin=0 reread=0
strata serve: prompt 29 tokens = 22 reused + 7 read in 126 ms (55.6 tok/s), 64 generated in 806 ms (79.4 tok/s), drafts accepted 35 of 46, 1 checkpoints
strata serve: decode expert cache hit rate: 55.7% (18488 hits / 33220 lookups); 2780 more read by the GPU over PCIe or from another GPU (7.7% of all 36000 routed)
strata serve: resident RAM: 63.28 GiB of experts in RAM, 0 exchanged with the VRAM tier, 0 blob reads from the file
safetensors residency metrics: ram_bytes=67948118016 os_locked_bytes=0 cuda_pinned_bytes=67948118016 promotions=0 promoted_payload_bytes=0 expert_file_bytes=0 (cumulative; payload is not a physical PCIe counter)
safetensors ngram metrics: ple io: 17152 rows, 68.9% row-cache hits, 5336 SSD reads (22.7 MB), read p50 155 us p99 9049 us, blocked 144.291 ms total (submit 4.420 ms), cache 5336/1048576 rows, SSD kept awake by 95 reads (slowest 80.7 ms)
strata serve: expert tiers: GPU 18488 hits this request; since the start RAM 242233 blobs, files 0 blobs 0.0 MB read
strata serve: conversation cache: dropped 1 superseded copy of this conversation; parked=1
strata serve: conversation cache: parked 92 tokens in 30.9 ms; parked=2 bytes=474100172 evictions=0 snapshot_bytes=237541744 reused_kv_bytes=0
strata batch: slot 1 gave back 19 tokens of this conversation (its turn checkpoint) in 25.8 ms
strata serve prefill segment: start=19 end=25 root=0 turn=0 message=0 pin=0 reread=0
strata serve: prompt 26 tokens = 19 reused + 7 read in 130 ms (53.9 tok/s), 64 generated in 844 ms (75.8 tok/s), drafts accepted 40 of 45, 1 checkpoints
strata serve: decode expert cache hit rate: 34.0% (9982 hits / 29396 lookups); 3724 more read by the GPU over PCIe or from another GPU (11.2% of all 33120 routed)
strata serve: resident RAM: 63.28 GiB of experts in RAM, 0 exchanged with the VRAM tier, 0 blob reads from the file
safetensors residency metrics: ram_bytes=67948118016 os_locked_bytes=0 cuda_pinned_bytes=67948118016 promotions=0 promoted_payload_bytes=0 expert_file_bytes=0 (cumulative; payload is not a physical PCIe counter)
safetensors ngram metrics: ple io: 18368 rows, 70.9% row-cache hits, 5336 SSD reads (22.7 MB), read p50 155 us p99 9049 us, blocked 144.299 ms total (submit 4.420 ms), cache 5336/1048576 rows, SSD kept awake by 104 reads (slowest 80.7 ms)
strata serve: expert tiers: GPU 9982 hits this request; since the start RAM 259211 blobs, files 0 blobs 0.0 MB read
strata serve: conversation cache: dropped 1 superseded copy of this conversation; parked=1
strata serve: conversation cache: parked 89 tokens in 30.0 ms; parked=2 bytes=475077320 evictions=0 snapshot_bytes=237535576 reused_kv_bytes=0
strata batch: slot 0 gave back 22 tokens of this conversation (its turn checkpoint) in 25.3 ms
strata serve prefill segment: start=22 end=28 root=0 turn=0 message=0 pin=0 reread=0
strata batch: slot 0 takes 29 tokens (copied in 50.1 ms)
strata serve: prompt 29 tokens = 22 reused + 7 read in 126 ms (55.5 tok/s), 1 generated in 17 ms (58.9 tok/s), drafts accepted 0 of 0, 1 checkpoints
strata serve: decode expert cache hit rate: 60.7% (272 hits / 448 lookups); 32 more read by the GPU over PCIe or from another GPU (6.7% of all 480 routed)
strata serve: resident RAM: 63.28 GiB of experts in RAM, 0 exchanged with the VRAM tier, 0 blob reads from the file
safetensors residency metrics: ram_bytes=67948118016 os_locked_bytes=0 cuda_pinned_bytes=67948118016 promotions=0 promoted_payload_bytes=0 expert_file_bytes=0 (cumulative; payload is not a physical PCIe counter)
safetensors ngram metrics: ple io: 18480 rows, 71.1% row-cache hits, 5336 SSD reads (22.7 MB), read p50 155 us p99 9049 us, blocked 144.300 ms total (submit 4.420 ms), cache 5336/1048576 rows, SSD kept awake by 106 reads (slowest 80.7 ms)
strata serve: expert tiers: GPU 272 hits this request; since the start RAM 260649 blobs, files 0 blobs 0.0 MB read
strata serve: conversation cache: dropped 1 superseded copy of this conversation; parked=1
strata serve: conversation cache: parked 29 tokens in 30.4 ms; parked=2 bytes=474155084 evictions=0 snapshot_bytes=236619508 reused_kv_bytes=0
strata batch: slot 1 gave back 19 tokens of this conversation (its turn checkpoint) in 25.8 ms
strata serve prefill segment: start=19 end=25 root=0 turn=0 message=0 pin=0 reread=0
strata batch: slot 1 takes 26 tokens (copied in 45.5 ms)
strata serve: prompt 26 tokens = 19 reused + 7 read in 128 ms (54.8 tok/s), 1 generated in 18 ms (54.7 tok/s), drafts accepted 0 of 0, 1 checkpoints
strata serve: decode expert cache hit rate: 52.9% (230 hits / 435 lookups); 45 more read by the GPU over PCIe or from another GPU (9.4% of all 480 routed)
strata serve: resident RAM: 63.28 GiB of experts in RAM, 0 exchanged with the VRAM tier, 0 blob reads from the file
safetensors residency metrics: ram_bytes=67948118016 os_locked_bytes=0 cuda_pinned_bytes=67948118016 promotions=0 promoted_payload_bytes=0 expert_file_bytes=0 (cumulative; payload is not a physical PCIe counter)
safetensors ngram metrics: ple io: 18592 rows, 71.3% row-cache hits, 5336 SSD reads (22.7 MB), read p50 155 us p99 9049 us, blocked 144.301 ms total (submit 4.420 ms), cache 5336/1048576 rows, SSD kept awake by 107 reads (slowest 80.7 ms)
strata serve: expert tiers: GPU 230 hits this request; since the start RAM 262224 blobs, files 0 blobs 0.0 MB read
strata verify: captured the batch window over slots 1
strata batch: 63 windows, avg 1.21 rows, 23.06 ms/window = run 22.60 (CUDA0 GPU-reach wait 7.01 + CPU experts 14.65) + commit 0.41 + emit 0.04; per layer-window: CPU experts 6.22, VRAM hits 4.20, PCIe 1.58; 52.3 rows/s over 1453 ms of wall time (admissions included)
strata serve: conversation cache: dropped 1 superseded copy of this conversation; parked=1
strata serve: conversation cache: parked 26 tokens in 30.3 ms; parked=2 bytes=473177936 evictions=0 snapshot_bytes=236558428 reused_kv_bytes=0
strata batch: slot 0 gave back 42 tokens of this conversation (all it holds) in 34.7 ms
strata serve: prompt 43 tokens = 42 reused + 1 read in 72 ms (14.0 tok/s), 50 generated in 657 ms (76.1 tok/s), drafts accepted 26 of 35, 0 checkpoints
strata serve: decode expert cache hit rate: 53.8% (14024 hits / 26046 lookups); 2274 more read by the GPU over PCIe or from another GPU (8.0% of all 28320 routed)
strata serve: resident RAM: 63.28 GiB of experts in RAM, 0 exchanged with the VRAM tier, 0 blob reads from the file
safetensors residency metrics: ram_bytes=67948118016 os_locked_bytes=0 cuda_pinned_bytes=67948118016 promotions=0 promoted_payload_bytes=0 expert_file_bytes=0 (cumulative; payload is not a physical PCIe counter)
safetensors ngram metrics: ple io: 20864 rows, 74.3% row-cache hits, 5352 SSD reads (22.8 MB), read p50 155 us p99 9047 us, blocked 144.314 ms total (submit 4.440 ms), cache 5352/1048576 rows, SSD kept awake by 127 reads (slowest 80.7 ms)
strata serve: expert tiers: GPU 14024 hits this request; since the start RAM 296245 blobs, files 0 blobs 0.0 MB read
strata serve prefill segment: start=92 end=99 root=0 turn=0 message=0 pin=0 reread=0
strata serve: prompt 100 tokens = 92 reused + 8 read in 83 ms (95.8 tok/s), 1 generated in 17 ms (60.5 tok/s), drafts accepted 0 of 0, 0 checkpoints
strata serve: decode expert cache hit rate: 65.5% (296 hits / 452 lookups); 28 more read by the GPU over PCIe or from another GPU (5.8% of all 480 routed)
strata serve: resident RAM: 63.28 GiB of experts in RAM, 0 exchanged with the VRAM tier, 0 blob reads from the file
safetensors residency metrics: ram_bytes=67948118016 os_locked_bytes=0 cuda_pinned_bytes=67948118016 promotions=0 promoted_payload_bytes=0 expert_file_bytes=0 (cumulative; payload is not a physical PCIe counter)
safetensors ngram metrics: ple io: 20992 rows, 73.9% row-cache hits, 5480 SSD reads (23.3 MB), read p50 155 us p99 9047 us, blocked 145.463 ms total (submit 4.522 ms), cache 5480/1048576 rows, SSD kept awake by 127 reads (slowest 80.7 ms)
strata serve: expert tiers: GPU 296 hits this request; since the start RAM 297898 blobs, files 0 blobs 0.0 MB read
strata serve: conversation cache: parked 100 tokens in 20.3 ms; parked=3 bytes=592778376 evictions=0 snapshot_bytes=119600440 reused_kv_bytes=0
strata batch: slot 1 gave back 89 tokens of this conversation (all it holds) in 32.6 ms
strata serve prefill segment: start=89 end=96 root=0 turn=0 message=0 pin=0 reread=0
strata serve: prompt 97 tokens = 89 reused + 8 read in 145 ms (55.3 tok/s), 32 generated in 474 ms (67.5 tok/s), drafts accepted 19 of 19, 0 checkpoints
strata serve: decode expert cache hit rate: 25.6% (3401 hits / 13269 lookups); 2091 more read by the GPU over PCIe or from another GPU (13.6% of all 15360 routed)
strata serve: resident RAM: 63.28 GiB of experts in RAM, 0 exchanged with the VRAM tier, 0 blob reads from the file
safetensors residency metrics: ram_bytes=67948118016 os_locked_bytes=0 cuda_pinned_bytes=67948118016 promotions=0 promoted_payload_bytes=0 expert_file_bytes=0 (cumulative; payload is not a physical PCIe counter)
safetensors ngram metrics: ple io: 21664 rows, 72.8% row-cache hits, 5888 SSD reads (25.1 MB), read p50 155 us p99 9010 us, blocked 149.107 ms total (submit 4.914 ms), cache 5888/1048576 rows, SSD kept awake by 128 reads (slowest 80.7 ms)
strata serve: expert tiers: GPU 3401 hits this request; since the start RAM 308471 blobs, files 0 blobs 0.0 MB read
strata serve: conversation cache: parked 128 tokens in 20.3 ms; parked=4 bytes=712806320 evictions=0 snapshot_bytes=120027944 reused_kv_bytes=0
strata batch: slot 0 gave back 42 tokens of this conversation (all it holds) in 32.4 ms
strata serve prefill segment: start=42 end=99 root=0 turn=0 message=0 pin=0 reread=0
strata serve: prompt 100 tokens = 42 reused + 58 read in 594 ms (97.6 tok/s), 1 generated in 19 ms (53.7 tok/s), drafts accepted 0 of 0, 0 checkpoints
strata serve: decode expert cache hit rate: 65.5% (296 hits / 452 lookups); 28 more read by the GPU over PCIe or from another GPU (5.8% of all 480 routed)
strata serve: resident RAM: 63.28 GiB of experts in RAM, 0 exchanged with the VRAM tier, 0 blob reads from the file
safetensors residency metrics: ram_bytes=67948118016 os_locked_bytes=0 cuda_pinned_bytes=67948118016 promotions=0 promoted_payload_bytes=0 expert_file_bytes=0 (cumulative; payload is not a physical PCIe counter)
safetensors ngram metrics: ple io: 22592 rows, 73.9% row-cache hits, 5888 SSD reads (25.1 MB), read p50 155 us p99 9010 us, blocked 149.112 ms total (submit 4.914 ms), cache 5888/1048576 rows, SSD kept awake by 133 reads (slowest 80.7 ms)
strata serve: expert tiers: GPU 296 hits this request; since the start RAM 318441 blobs, files 0 blobs 0.0 MB read
strata serve: conversation cache: parked 100 tokens in 20.0 ms; parked=4 bytes=595787252 evictions=1 snapshot_bytes=119600440 reused_kv_bytes=0
strata batch: slot 1 gave back 89 tokens of this conversation (all it holds) in 31.9 ms
strata serve prefill segment: start=89 end=96 root=0 turn=0 message=0 pin=0 reread=0
strata batch: slot 1 takes 97 tokens (copied in 34.9 ms)
strata serve: prompt 97 tokens = 89 reused + 8 read in 146 ms (54.7 tok/s), 1 generated in 17 ms (60.1 tok/s), drafts accepted 0 of 0, 0 checkpoints
strata serve: decode expert cache hit rate: 70.7% (325 hits / 460 lookups); 20 more read by the GPU over PCIe or from another GPU (4.2% of all 480 routed)
strata serve: resident RAM: 63.28 GiB of experts in RAM, 0 exchanged with the VRAM tier, 0 blob reads from the file
safetensors residency metrics: ram_bytes=67948118016 os_locked_bytes=0 cuda_pinned_bytes=67948118016 promotions=0 promoted_payload_bytes=0 expert_file_bytes=0 (cumulative; payload is not a physical PCIe counter)
safetensors ngram metrics: ple io: 22720 rows, 74.1% row-cache hits, 5888 SSD reads (25.1 MB), read p50 155 us p99 9010 us, blocked 149.113 ms total (submit 4.914 ms), cache 5888/1048576 rows, SSD kept awake by 135 reads (slowest 80.7 ms)
strata serve: expert tiers: GPU 325 hits this request; since the start RAM 320162 blobs, files 0 blobs 0.0 MB read
strata batch: 31 windows, avg 1.00 rows, 22.97 ms/window = run 22.58 (CUDA0 GPU-reach wait 6.84 + CPU experts 14.91) + commit 0.35 + emit 0.04; per layer-window: CPU experts 6.30, VRAM hits 2.07, PCIe 1.64; 43.5 rows/s over 712 ms of wall time (admissions included)
strata serve: conversation cache: parked 97 tokens in 20.0 ms; parked=4 bytes=478823108 evictions=2 snapshot_bytes=119594284 reused_kv_bytes=0
strata batch: slot 0 gave back 22 tokens of this conversation (its turn checkpoint) in 22.9 ms
strata serve prefill segment: start=22 end=28 root=0 turn=0 message=0 pin=0 reread=0
strata serve: prompt 29 tokens = 22 reused + 7 read in 112 ms (62.4 tok/s), 1 generated in 17 ms (58.5 tok/s), drafts accepted 0 of 0, 1 checkpoints
strata serve: decode expert cache hit rate: 60.7% (272 hits / 448 lookups); 32 more read by the GPU over PCIe or from another GPU (6.7% of all 480 routed)
strata serve: resident RAM: 63.28 GiB of experts in RAM, 0 exchanged with the VRAM tier, 0 blob reads from the file
safetensors residency metrics: ram_bytes=67948118016 os_locked_bytes=0 cuda_pinned_bytes=67948118016 promotions=0 promoted_payload_bytes=0 expert_file_bytes=0 (cumulative; payload is not a physical PCIe counter)
safetensors ngram metrics: ple io: 23328 rows, 74.8% row-cache hits, 5888 SSD reads (25.1 MB), read p50 155 us p99 9010 us, blocked 149.117 ms total (submit 4.914 ms), cache 5888/1048576 rows, SSD kept awake by 143 reads (slowest 80.7 ms)
strata serve: expert tiers: GPU 272 hits this request; since the start RAM 333404 blobs, files 0 blobs 0.0 MB read
strata serve: conversation cache: parked 29 tokens in 30.4 ms; parked=4 bytes=595842176 evictions=3 snapshot_bytes=236619508 reused_kv_bytes=0
strata serve prefill segment: start=0 end=19 root=0 turn=1 message=0 pin=0 reread=0
strata serve prefill segment: start=19 end=25 root=0 turn=0 message=0 pin=0 reread=0
strata batch: slot 1 takes 26 tokens (copied in 42.6 ms)
strata serve: prompt 26 tokens = 0 reused + 26 read in 345 ms (75.4 tok/s), 1 generated in 18 ms (55.5 tok/s), drafts accepted 0 of 0, 1 checkpoints
strata serve: decode expert cache hit rate: 52.9% (230 hits / 435 lookups); 45 more read by the GPU over PCIe or from another GPU (9.4% of all 480 routed)
strata serve: resident RAM: 63.28 GiB of experts in RAM, 0 exchanged with the VRAM tier, 0 blob reads from the file
safetensors residency metrics: ram_bytes=67948118016 os_locked_bytes=0 cuda_pinned_bytes=67948118016 promotions=0 promoted_payload_bytes=0 expert_file_bytes=0 (cumulative; payload is not a physical PCIe counter)
safetensors ngram metrics: ple io: 23744 rows, 75.2% row-cache hits, 5888 SSD reads (25.1 MB), read p50 155 us p99 9010 us, blocked 149.120 ms total (submit 4.914 ms), cache 5888/1048576 rows, SSD kept awake by 146 reads (slowest 80.7 ms)
strata serve: expert tiers: GPU 230 hits this request; since the start RAM 339362 blobs, files 0 blobs 0.0 MB read
strata batch: 1 windows, avg 1.00 rows, 18.23 ms/window = run 17.82 (CUDA0 GPU-reach wait 6.60 + CPU experts 10.40) + commit 0.35 + emit 0.06; per layer-window: CPU experts 3.96, VRAM hits 5.19, PCIe 0.85; 54.9 rows/s over 18 ms of wall time (admissions included)
safetensors: post-residency expert source bytes=0
safetensors: post-residency MTP source bytes=0
