strata generate: native pack:  experts (largest blob 2.76 MB), token embedding BF16 in mapped host memory (1212 MiB, 1.6 s)
strata generate: 7016 MiB of weights loaded from  in 10.5 s (1 canonical tensors skipped: served natively)
strata generate: GPU 0: NVIDIA GeForce RTX 5090, compute capability 12.0
strata generate: the SSD is kept awake while rows are read: one page of the table after 100 ms without a read, until 60 s after the last request (STRATA_SSD_KEEPALIVE=0 turns it off)
strata generate: profile G:\Strata\Strata-Safetensors\data\expert-profile.bin: 24576 ranked pairs, built for 24576 slots
strata generate: --batch: 2 slot sessions on CUDA0 (0.56 GiB each); 20.92 GiB free
strata generate: --batch 2: the slot sessions take 1.12 GiB of VRAM on CUDA0 that the expert cache would otherwise hold
safetensors MTP: 29 dense tensors, 512 original FP8 experts; 2573.1 MiB, no requantization
strata mtp: original safetensors draft, 2620 MiB total VRAM, startup 2.25 s
strata generate: native BF16 head, 1271398400 bytes, in 1.4 s
safetensors: allocating 63.282 GiB expert RAM (CUDA pinned); startup batch=64 workers=4
safetensors: expert RAM allocated and locked in 4.40 s
safetensors: resident experts 1/48 layers (elapsed 4.98 s, read 0.47 s, pack 0.08 s)
safetensors: resident experts 2/48 layers (elapsed 5.54 s, read 0.94 s, pack 0.17 s)
safetensors: resident experts 3/48 layers (elapsed 6.10 s, read 1.42 s, pack 0.24 s)
safetensors: resident experts 4/48 layers (elapsed 6.69 s, read 1.94 s, pack 0.32 s)
safetensors: resident experts 5/48 layers (elapsed 7.28 s, read 2.45 s, pack 0.39 s)
safetensors: resident experts 6/48 layers (elapsed 7.87 s, read 2.96 s, pack 0.47 s)
safetensors: resident experts 7/48 layers (elapsed 8.40 s, read 3.43 s, pack 0.54 s)
safetensors: resident experts 8/48 layers (elapsed 8.92 s, read 3.88 s, pack 0.60 s)
safetensors: resident experts 9/48 layers (elapsed 9.52 s, read 4.41 s, pack 0.67 s)
safetensors: resident experts 10/48 layers (elapsed 9.97 s, read 4.79 s, pack 0.73 s)
safetensors: resident experts 11/48 layers (elapsed 10.55 s, read 5.30 s, pack 0.80 s)
safetensors: resident experts 12/48 layers (elapsed 11.62 s, read 6.31 s, pack 0.87 s)
safetensors: resident experts 13/48 layers (elapsed 12.07 s, read 6.69 s, pack 0.93 s)
safetensors: resident experts 14/48 layers (elapsed 12.52 s, read 7.07 s, pack 1.00 s)
safetensors: resident experts 15/48 layers (elapsed 12.95 s, read 7.44 s, pack 1.07 s)
safetensors: resident experts 16/48 layers (elapsed 13.56 s, read 7.98 s, pack 1.13 s)
safetensors: resident experts 17/48 layers (elapsed 14.09 s, read 8.44 s, pack 1.20 s)
safetensors: resident experts 18/48 layers (elapsed 14.57 s, read 8.85 s, pack 1.27 s)
safetensors: resident experts 19/48 layers (elapsed 15.03 s, read 9.24 s, pack 1.33 s)
safetensors: resident experts 20/48 layers (elapsed 15.50 s, read 9.65 s, pack 1.40 s)
safetensors: resident experts 21/48 layers (elapsed 15.96 s, read 10.05 s, pack 1.46 s)
safetensors: resident experts 22/48 layers (elapsed 16.42 s, read 10.44 s, pack 1.53 s)
safetensors: resident experts 23/48 layers (elapsed 16.88 s, read 10.83 s, pack 1.60 s)
safetensors: resident experts 24/48 layers (elapsed 17.34 s, read 11.22 s, pack 1.66 s)
safetensors: resident experts 25/48 layers (elapsed 17.79 s, read 11.61 s, pack 1.73 s)
safetensors: resident experts 26/48 layers (elapsed 18.27 s, read 12.02 s, pack 1.80 s)
safetensors: resident experts 27/48 layers (elapsed 18.73 s, read 12.41 s, pack 1.86 s)
safetensors: resident experts 28/48 layers (elapsed 19.51 s, read 13.12 s, pack 1.94 s)
safetensors: resident experts 29/48 layers (elapsed 20.00 s, read 13.53 s, pack 2.01 s)
safetensors: resident experts 30/48 layers (elapsed 20.48 s, read 13.94 s, pack 2.08 s)
safetensors: resident experts 31/48 layers (elapsed 20.96 s, read 14.35 s, pack 2.14 s)
safetensors: resident experts 32/48 layers (elapsed 21.44 s, read 14.77 s, pack 2.21 s)
safetensors: resident experts 33/48 layers (elapsed 21.91 s, read 15.17 s, pack 2.28 s)
safetensors: resident experts 34/48 layers (elapsed 23.52 s, read 16.71 s, pack 2.35 s)
safetensors: resident experts 35/48 layers (elapsed 24.14 s, read 17.26 s, pack 2.42 s)
safetensors: resident experts 36/48 layers (elapsed 24.61 s, read 17.66 s, pack 2.48 s)
safetensors: resident experts 37/48 layers (elapsed 25.07 s, read 18.06 s, pack 2.55 s)
safetensors: resident experts 38/48 layers (elapsed 25.62 s, read 18.54 s, pack 2.62 s)
safetensors: resident experts 39/48 layers (elapsed 26.11 s, read 18.97 s, pack 2.68 s)
safetensors: resident experts 40/48 layers (elapsed 26.60 s, read 19.40 s, pack 2.74 s)
safetensors: resident experts 41/48 layers (elapsed 27.01 s, read 19.74 s, pack 2.80 s)
safetensors: resident experts 42/48 layers (elapsed 27.47 s, read 20.15 s, pack 2.86 s)
safetensors: resident experts 43/48 layers (elapsed 27.95 s, read 20.56 s, pack 2.92 s)
safetensors: resident experts 44/48 layers (elapsed 28.42 s, read 20.97 s, pack 2.98 s)
safetensors: resident experts 45/48 layers (elapsed 28.88 s, read 21.37 s, pack 3.04 s)
safetensors: resident experts 46/48 layers (elapsed 29.48 s, read 21.91 s, pack 3.10 s)
safetensors: resident experts 47/48 layers (elapsed 30.09 s, read 22.45 s, pack 3.16 s)
safetensors: resident experts 48/48 layers (elapsed 30.64 s, read 22.94 s, pack 3.22 s)
safetensors: 63.282 GiB physically page-locked and GPU-mapped via cudaHostAlloc, 0.0 MiB GPU staging
safetensors: startup weight handles closed; all resident payload reads sealed
safetensors: expert startup complete: 30.64 s, batch=64 workers=4 scratch_peak_mib=168.75 read_s=22.94 pack_s=3.22 source_read_calls=29980
safetensors: all expert weights in locked RAM; expert source reads sealed
strata generate: CPU pool tasks/phase: 40 (capped by rows), participating threads: 16
strata generate: 15 pool workers on logical processors 2,4,6,8,10,12,14,16,18,20,22,24,26,28,30, the host thread on 0 (draining too) (--host-core first)
strata prefill allocation: requested=4096 effective=4096 capacity=4096 workspace_bytes=2906123008 free_vram_bytes=14720958464
safetensors: prefill-first: 4096 rows allocated and touched before expert cache sizing; 512 MiB startup headroom held; experts use the remaining budget
strata generate: expert cache auto: 13.71 GiB free, 1536 MiB reserved (+2 MiB for the draft head) -> 4716 slots
strata generate: only 0 MiB free once the slots are written (reserve 1536 MiB); shrinking the expert cache
safetensors: written-cache budget also keeps 3 MiB for the late MTP head
strata generate: only 0 MiB free once the slots are written (reserve 1536 MiB); shrinking the expert cache
safetensors: written-cache budget also keeps 3 MiB for the late MTP head
strata generate: only 951 MiB free once the slots are written (reserve 1536 MiB); shrinking the expert cache
safetensors: written-cache budget also keeps 3 MiB for the late MTP head
strata generate: expert cache 3251 slots, 8.37 GiB of VRAM; policy is
strata generate: native NVFP4 CPU/GPU FP32 canonical arithmetic enabled
                 (32-lane reduction and double exp rounded to float).
                 PROFILE, ranked by routing frequency, no eviction.
strata generate: the profile fill asks for 0 pairs ahead (STRATA_FILL_AHEAD)
strata generate: pre-filled 3251 of 3251 slots from the profile in 0.2 s (39613 MB/s); slot 0 verified
strata generate: R4 hit path ON - resident experts are computed on the GPU
strata generate: 15 expert-pool workers + the host thread
strata generate: session is up (engine 0.1.41)
strata generate: token graph hit path: 3251 resident experts, decided on the device
strata generate: resident RAM mode: 63.28 GiB of experts in RAM (page-locked), 3251 in the GPU cache; adaptive swaps off
strata serve: the prompt path allocates its own buffers (dedicated workspace: --no-prefill-borrow)
strata serve prefill selection: configured=4096 selected=4096 auto=0 reduced=0
strata generate: elastic K/V: 16384 of 262144 cells in VRAM (0.72 of 9.54 GiB); the expert cache (3251 slots) gives the K/V room below slot 3251 as the context grows
strata hc: CUDA0: the hyper-connection read runs as staged (the norm per token and stream, the down projection's activations staged ahead by cp.async); checked bit for bit against the plain read on this card (STRATA_HC_SPLIT=1 or 0 for the earlier ones)
strata verify: window up to 3 tokens, 355.1 MiB of device buffers
strata verify: batch windows of up to 2 sequences (layers [0, 48))
strata serve: STRATA_ADAPT_FETCH is off (the adaptive tier is off)
safetensors: startup MTP weight warm: 2573.1 MiB read on device in 8.0 ms; original weights, KV and sampling state unchanged
safetensors: startup immutable weight warm completed in 19.7 ms using the 512 MiB guard; no forward pass or expert source read
safetensors: prefill-first ready: configured=4096 allocated=4096; startup headroom released; 1733 MiB free
strata serve: 1733 MiB of VRAM free with everything loaded
safetensors: engine ready after 71.00 s from main entry
strata serve prefill segment: start=0 end=22 root=0 turn=1 message=0 pin=0 reread=0
strata verify: capturing the 3-token window (1733 MiB of VRAM free)
strata: the hyper-connection read v4 (programmatic dependent launch)
strata verify: captured the 3-token window (upload no error, sync no error)
strata verify: capturing the 1-token window (1729 MiB of VRAM free)
strata verify: captured the 1-token window (upload no error, sync no error)
strata serve prefill segment: start=22 end=28 root=0 turn=0 message=0 pin=0 reread=0
strata verify: capturing the 2-token window (1756 MiB of VRAM free)
strata verify: captured the 2-token window (upload no error, sync no error)
strata serve: prompt 29 tokens = 0 reused + 29 read in 2082 ms (13.9 tok/s), 64 generated in 4114 ms (15.6 tok/s), drafts accepted 34 of 48, 1 checkpoints
strata serve: decode expert cache hit rate: 38.8% (12915 hits / 33322 lookups); 4118 more read by the GPU over PCIe or from another GPU (11.0% of all 37440 routed)
strata serve: resident RAM: 63.28 GiB of experts in RAM, 0 exchanged with the VRAM tier, 0 blob reads from the file
safetensors residency metrics: ram_bytes=67948118016 os_locked_bytes=0 cuda_pinned_bytes=67948118016 promotions=0 promoted_payload_bytes=0 expert_file_bytes=0 (cumulative; payload is not a physical PCIe counter)
safetensors ngram metrics: ple io: 1792 rows, 4.9% row-cache hits, 1704 SSD reads (7.3 MB), read p50 146 us p99 4450 us, blocked 5.184 ms total (submit 1.310 ms), cache 1704/1048576 rows, SSD kept awake by 33 reads (slowest 6.7 ms)
strata serve: expert tiers: GPU 12915 hits this request; since the start RAM 28410 blobs, files 0 blobs 0.0 MB read
strata serve: conversation cache: parked 92 tokens in 47.1 ms; parked=1 bytes=237541744 evictions=0 snapshot_bytes=237541744 reused_kv_bytes=0
strata serve prefill segment: start=0 end=19 root=0 turn=1 message=0 pin=0 reread=0
strata serve prefill segment: start=19 end=25 root=0 turn=0 message=0 pin=0 reread=0
strata serve: prompt 26 tokens = 0 reused + 26 read in 502 ms (51.8 tok/s), 64 generated in 1235 ms (51.8 tok/s), drafts accepted 40 of 45, 1 checkpoints
strata serve: decode expert cache hit rate: 23.8% (6849 hits / 28833 lookups); 4287 more read by the GPU over PCIe or from another GPU (12.9% of all 33120 routed)
strata serve: resident RAM: 63.28 GiB of experts in RAM, 0 exchanged with the VRAM tier, 0 blob reads from the file
safetensors residency metrics: ram_bytes=67948118016 os_locked_bytes=0 cuda_pinned_bytes=67948118016 promotions=0 promoted_payload_bytes=0 expert_file_bytes=0 (cumulative; payload is not a physical PCIe counter)
safetensors ngram metrics: ple io: 3312 rows, 11.6% row-cache hits, 2928 SSD reads (12.5 MB), read p50 144 us p99 3109 us, blocked 5.200 ms total (submit 2.207 ms), cache 2928/1048576 rows, SSD kept awake by 35 reads (slowest 6.7 ms)
strata serve: expert tiers: GPU 6849 hits this request; since the start RAM 53009 blobs, files 0 blobs 0.0 MB read
strata serve: conversation cache: parked 89 tokens in 57.9 ms; parked=1 bytes=237535576 evictions=0 snapshot_bytes=237535576 reused_kv_bytes=0
strata serve: conversation cache: restored 22 tokens (checkpoint) in 32.4 ms; parked=1 bytes=238950352
strata serve prefill segment: start=22 end=28 root=0 turn=0 message=0 pin=0 reread=0
strata batch: slot 0 takes 29 tokens (copied in 60.5 ms)
strata serve: prompt 29 tokens = 22 reused + 7 read in 202 ms (34.6 tok/s), 1 generated in 20 ms (50.5 tok/s), drafts accepted 0 of 0, 1 checkpoints
strata serve: decode expert cache hit rate: 44.5% (189 hits / 425 lookups); 55 more read by the GPU over PCIe or from another GPU (11.5% of all 480 routed)
strata serve: resident RAM: 63.28 GiB of experts in RAM, 0 exchanged with the VRAM tier, 0 blob reads from the file
safetensors residency metrics: ram_bytes=67948118016 os_locked_bytes=0 cuda_pinned_bytes=67948118016 promotions=0 promoted_payload_bytes=0 expert_file_bytes=0 (cumulative; payload is not a physical PCIe counter)
safetensors ngram metrics: ple io: 3424 rows, 14.5% row-cache hits, 2928 SSD reads (12.5 MB), read p50 144 us p99 3109 us, blocked 5.201 ms total (submit 2.207 ms), cache 2928/1048576 rows, SSD kept awake by 38 reads (slowest 6.7 ms)
strata serve: expert tiers: GPU 189 hits this request; since the start RAM 54795 blobs, files 0 blobs 0.0 MB read
strata serve: conversation cache: parked 29 tokens in 53.1 ms; parked=1 bytes=237541492 evictions=0 snapshot_bytes=237541492 reused_kv_bytes=305280
strata serve: conversation cache: restored 19 tokens (checkpoint) in 22.7 ms; parked=1 bytes=238950124
strata serve prefill segment: start=19 end=25 root=0 turn=0 message=0 pin=0 reread=0
strata batch: slot 1 takes 26 tokens (copied in 64.4 ms)
strata serve: prompt 26 tokens = 19 reused + 7 read in 180 ms (38.9 tok/s), 1 generated in 30 ms (33.8 tok/s), drafts accepted 0 of 0, 1 checkpoints
strata serve: decode expert cache hit rate: 37.6% (156 hits / 415 lookups); 65 more read by the GPU over PCIe or from another GPU (13.5% of all 480 routed)
strata serve: resident RAM: 63.28 GiB of experts in RAM, 0 exchanged with the VRAM tier, 0 blob reads from the file
safetensors residency metrics: ram_bytes=67948118016 os_locked_bytes=0 cuda_pinned_bytes=67948118016 promotions=0 promoted_payload_bytes=0 expert_file_bytes=0 (cumulative; payload is not a physical PCIe counter)
safetensors ngram metrics: ple io: 3536 rows, 17.2% row-cache hits, 2928 SSD reads (12.5 MB), read p50 144 us p99 3109 us, blocked 5.201 ms total (submit 2.207 ms), cache 2928/1048576 rows, SSD kept awake by 40 reads (slowest 6.7 ms)
strata serve: expert tiers: GPU 156 hits this request; since the start RAM 56675 blobs, files 0 blobs 0.0 MB read
strata verify: captured the batch window over slots 0,1
strata batch: 63 windows, avg 2.00 rows, 45.56 ms/window = run 44.24 (CUDA0 GPU-reach wait 17.33 + CPU experts 25.06) + commit 1.28 + emit 0.05; per layer-window: CPU experts 10.98, VRAM hits 5.61, PCIe 3.15; 43.9 rows/s over 2871 ms of wall time (admissions included)
strata serve: conversation cache: parked 26 tokens in 50.3 ms; parked=2 bytes=475076816 evictions=0 snapshot_bytes=237535324 reused_kv_bytes=244224
strata batch: slot 0 gave back 22 tokens of this conversation (its turn checkpoint) in 45.3 ms
strata serve prefill segment: start=22 end=28 root=0 turn=0 message=0 pin=0 reread=0
strata serve: prompt 29 tokens = 22 reused + 7 read in 186 ms (37.7 tok/s), 64 generated in 1582 ms (40.5 tok/s), drafts accepted 28 of 55, 1 checkpoints
strata serve: decode expert cache hit rate: 38.8% (15030 hits / 38746 lookups); 4934 more read by the GPU over PCIe or from another GPU (11.3% of all 43680 routed)
strata serve: resident RAM: 63.28 GiB of experts in RAM, 0 exchanged with the VRAM tier, 0 blob reads from the file
safetensors residency metrics: ram_bytes=67948118016 os_locked_bytes=0 cuda_pinned_bytes=67948118016 promotions=0 promoted_payload_bytes=0 expert_file_bytes=0 (cumulative; payload is not a physical PCIe counter)
safetensors ngram metrics: ple io: 7264 rows, 40.9% row-cache hits, 4296 SSD reads (18.3 MB), read p50 131 us p99 2972 us, blocked 5.225 ms total (submit 3.269 ms), cache 4296/1048576 rows, SSD kept awake by 68 reads (slowest 6.7 ms)
strata serve: expert tiers: GPU 15030 hits this request; since the start RAM 122416 blobs, files 0 blobs 0.0 MB read
strata serve: conversation cache: dropped 1 superseded copy of this conversation; parked=1
strata serve: conversation cache: parked 92 tokens in 46.1 ms; parked=2 bytes=475077068 evictions=0 snapshot_bytes=237541744 reused_kv_bytes=0
strata batch: slot 1 gave back 19 tokens of this conversation (its turn checkpoint) in 44.4 ms
strata serve prefill segment: start=19 end=25 root=0 turn=0 message=0 pin=0 reread=0
strata serve: prompt 26 tokens = 19 reused + 7 read in 208 ms (33.6 tok/s), 64 generated in 1330 ms (48.1 tok/s), drafts accepted 38 of 49, 1 checkpoints
strata serve: decode expert cache hit rate: 24.6% (7704 hits / 31352 lookups); 4648 more read by the GPU over PCIe or from another GPU (12.9% of all 36000 routed)
strata serve: resident RAM: 63.28 GiB of experts in RAM, 0 exchanged with the VRAM tier, 0 blob reads from the file
safetensors residency metrics: ram_bytes=67948118016 os_locked_bytes=0 cuda_pinned_bytes=67948118016 promotions=0 promoted_payload_bytes=0 expert_file_bytes=0 (cumulative; payload is not a physical PCIe counter)
safetensors ngram metrics: ple io: 8576 rows, 46.0% row-cache hits, 4632 SSD reads (19.7 MB), read p50 131 us p99 3550 us, blocked 5.504 ms total (submit 3.580 ms), cache 4632/1048576 rows, SSD kept awake by 76 reads (slowest 6.7 ms)
strata serve: expert tiers: GPU 7704 hits this request; since the start RAM 143463 blobs, files 0 blobs 0.0 MB read
strata serve: conversation cache: dropped 1 superseded copy of this conversation; parked=1
strata serve: conversation cache: parked 89 tokens in 45.8 ms; parked=2 bytes=475077320 evictions=0 snapshot_bytes=237535576 reused_kv_bytes=0
strata batch: slot 0 gave back 22 tokens of this conversation (its turn checkpoint) in 45.2 ms
strata serve prefill segment: start=22 end=28 root=0 turn=0 message=0 pin=0 reread=0
strata batch: slot 0 takes 29 tokens (copied in 72.5 ms)
strata serve: prompt 29 tokens = 22 reused + 7 read in 208 ms (33.7 tok/s), 1 generated in 32 ms (31.0 tok/s), drafts accepted 0 of 0, 1 checkpoints
strata serve: decode expert cache hit rate: 44.5% (189 hits / 425 lookups); 55 more read by the GPU over PCIe or from another GPU (11.5% of all 480 routed)
strata serve: resident RAM: 63.28 GiB of experts in RAM, 0 exchanged with the VRAM tier, 0 blob reads from the file
safetensors residency metrics: ram_bytes=67948118016 os_locked_bytes=0 cuda_pinned_bytes=67948118016 promotions=0 promoted_payload_bytes=0 expert_file_bytes=0 (cumulative; payload is not a physical PCIe counter)
safetensors ngram metrics: ple io: 8688 rows, 46.7% row-cache hits, 4632 SSD reads (19.7 MB), read p50 131 us p99 3550 us, blocked 5.504 ms total (submit 3.580 ms), cache 4632/1048576 rows, SSD kept awake by 79 reads (slowest 6.7 ms)
strata serve: expert tiers: GPU 189 hits this request; since the start RAM 145249 blobs, files 0 blobs 0.0 MB read
strata serve: conversation cache: dropped 1 superseded copy of this conversation; parked=1
strata serve: conversation cache: parked 29 tokens in 44.4 ms; parked=2 bytes=474155084 evictions=0 snapshot_bytes=236619508 reused_kv_bytes=0
strata batch: slot 1 gave back 19 tokens of this conversation (its turn checkpoint) in 36.6 ms
strata serve prefill segment: start=19 end=25 root=0 turn=0 message=0 pin=0 reread=0
strata batch: slot 1 takes 26 tokens (copied in 68.6 ms)
strata serve: prompt 26 tokens = 19 reused + 7 read in 198 ms (35.3 tok/s), 1 generated in 31 ms (31.8 tok/s), drafts accepted 0 of 0, 1 checkpoints
strata serve: decode expert cache hit rate: 37.6% (156 hits / 415 lookups); 65 more read by the GPU over PCIe or from another GPU (13.5% of all 480 routed)
strata serve: resident RAM: 63.28 GiB of experts in RAM, 0 exchanged with the VRAM tier, 0 blob reads from the file
safetensors residency metrics: ram_bytes=67948118016 os_locked_bytes=0 cuda_pinned_bytes=67948118016 promotions=0 promoted_payload_bytes=0 expert_file_bytes=0 (cumulative; payload is not a physical PCIe counter)
safetensors ngram metrics: ple io: 8800 rows, 47.4% row-cache hits, 4632 SSD reads (19.7 MB), read p50 131 us p99 3550 us, blocked 5.505 ms total (submit 3.580 ms), cache 4632/1048576 rows, SSD kept awake by 82 reads (slowest 6.7 ms)
strata serve: expert tiers: GPU 156 hits this request; since the start RAM 147129 blobs, files 0 blobs 0.0 MB read
strata batch: 63 windows, avg 2.00 rows, 45.97 ms/window = run 44.74 (CUDA0 GPU-reach wait 17.34 + CPU experts 25.20) + commit 1.19 + emit 0.05; per layer-window: CPU experts 10.97, VRAM hits 5.63, PCIe 3.16; 43.5 rows/s over 2897 ms of wall time (admissions included)
strata serve: conversation cache: dropped 1 superseded copy of this conversation; parked=1
strata serve: conversation cache: parked 26 tokens in 41.8 ms; parked=2 bytes=473177936 evictions=0 snapshot_bytes=236558428 reused_kv_bytes=0
strata batch: slot 0 gave back 22 tokens of this conversation (its turn checkpoint) in 47.7 ms
strata serve prefill segment: start=22 end=28 root=0 turn=0 message=0 pin=0 reread=0
strata serve: prompt 29 tokens = 22 reused + 7 read in 199 ms (35.1 tok/s), 64 generated in 1276 ms (50.2 tok/s), drafts accepted 35 of 46, 1 checkpoints
strata serve: decode expert cache hit rate: 39.7% (12712 hits / 32042 lookups); 3958 more read by the GPU over PCIe or from another GPU (11.0% of all 36000 routed)
strata serve: resident RAM: 63.28 GiB of experts in RAM, 0 exchanged with the VRAM tier, 0 blob reads from the file
safetensors residency metrics: ram_bytes=67948118016 os_locked_bytes=0 cuda_pinned_bytes=67948118016 promotions=0 promoted_payload_bytes=0 expert_file_bytes=0 (cumulative; payload is not a physical PCIe counter)
safetensors ngram metrics: ple io: 12208 rows, 56.9% row-cache hits, 5256 SSD reads (22.4 MB), read p50 132 us p99 3537 us, blocked 5.525 ms total (submit 4.130 ms), cache 5256/1048576 rows, SSD kept awake by 113 reads (slowest 6.7 ms)
strata serve: expert tiers: GPU 12712 hits this request; since the start RAM 208527 blobs, files 0 blobs 0.0 MB read
strata serve: conversation cache: dropped 1 superseded copy of this conversation; parked=1
strata serve: conversation cache: parked 92 tokens in 40.7 ms; parked=2 bytes=474100172 evictions=0 snapshot_bytes=237541744 reused_kv_bytes=0
strata batch: slot 1 gave back 19 tokens of this conversation (its turn checkpoint) in 43.2 ms
strata serve prefill segment: start=19 end=25 root=0 turn=0 message=0 pin=0 reread=0
strata serve: prompt 26 tokens = 19 reused + 7 read in 184 ms (38.0 tok/s), 64 generated in 1357 ms (47.2 tok/s), drafts accepted 38 of 50, 1 checkpoints
strata serve: decode expert cache hit rate: 24.4% (7747 hits / 31695 lookups); 4785 more read by the GPU over PCIe or from another GPU (13.1% of all 36480 routed)
strata serve: resident RAM: 63.28 GiB of experts in RAM, 0 exchanged with the VRAM tier, 0 blob reads from the file
safetensors residency metrics: ram_bytes=67948118016 os_locked_bytes=0 cuda_pinned_bytes=67948118016 promotions=0 promoted_payload_bytes=0 expert_file_bytes=0 (cumulative; payload is not a physical PCIe counter)
safetensors ngram metrics: ple io: 13520 rows, 60.7% row-cache hits, 5320 SSD reads (22.6 MB), read p50 132 us p99 3537 us, blocked 5.533 ms total (submit 4.194 ms), cache 5320/1048576 rows, SSD kept awake by 126 reads (slowest 6.7 ms)
strata serve: expert tiers: GPU 7747 hits this request; since the start RAM 229873 blobs, files 0 blobs 0.0 MB read
strata serve: conversation cache: dropped 1 superseded copy of this conversation; parked=1
strata serve: conversation cache: parked 89 tokens in 43.2 ms; parked=2 bytes=475077320 evictions=0 snapshot_bytes=237535576 reused_kv_bytes=0
strata batch: slot 0 gave back 22 tokens of this conversation (its turn checkpoint) in 39.0 ms
strata serve prefill segment: start=22 end=28 root=0 turn=0 message=0 pin=0 reread=0
strata batch: slot 0 takes 29 tokens (copied in 75.4 ms)
strata serve: prompt 29 tokens = 22 reused + 7 read in 181 ms (38.6 tok/s), 1 generated in 30 ms (33.0 tok/s), drafts accepted 0 of 0, 1 checkpoints
strata serve: decode expert cache hit rate: 44.5% (189 hits / 425 lookups); 55 more read by the GPU over PCIe or from another GPU (11.5% of all 480 routed)
strata serve: resident RAM: 63.28 GiB of experts in RAM, 0 exchanged with the VRAM tier, 0 blob reads from the file
safetensors residency metrics: ram_bytes=67948118016 os_locked_bytes=0 cuda_pinned_bytes=67948118016 promotions=0 promoted_payload_bytes=0 expert_file_bytes=0 (cumulative; payload is not a physical PCIe counter)
safetensors ngram metrics: ple io: 13632 rows, 61.0% row-cache hits, 5320 SSD reads (22.6 MB), read p50 132 us p99 3537 us, blocked 5.534 ms total (submit 4.194 ms), cache 5320/1048576 rows, SSD kept awake by 128 reads (slowest 6.7 ms)
strata serve: expert tiers: GPU 189 hits this request; since the start RAM 231659 blobs, files 0 blobs 0.0 MB read
strata serve: conversation cache: dropped 1 superseded copy of this conversation; parked=1
strata serve: conversation cache: parked 29 tokens in 38.1 ms; parked=2 bytes=474155084 evictions=0 snapshot_bytes=236619508 reused_kv_bytes=0
strata batch: slot 1 gave back 19 tokens of this conversation (its turn checkpoint) in 34.5 ms
strata serve prefill segment: start=19 end=25 root=0 turn=0 message=0 pin=0 reread=0
strata batch: slot 1 takes 26 tokens (copied in 65.0 ms)
strata serve: prompt 26 tokens = 19 reused + 7 read in 189 ms (37.0 tok/s), 1 generated in 26 ms (38.9 tok/s), drafts accepted 0 of 0, 1 checkpoints
strata serve: decode expert cache hit rate: 37.6% (156 hits / 415 lookups); 65 more read by the GPU over PCIe or from another GPU (13.5% of all 480 routed)
strata serve: resident RAM: 63.28 GiB of experts in RAM, 0 exchanged with the VRAM tier, 0 blob reads from the file
safetensors residency metrics: ram_bytes=67948118016 os_locked_bytes=0 cuda_pinned_bytes=67948118016 promotions=0 promoted_payload_bytes=0 expert_file_bytes=0 (cumulative; payload is not a physical PCIe counter)
safetensors ngram metrics: ple io: 13744 rows, 61.3% row-cache hits, 5320 SSD reads (22.6 MB), read p50 132 us p99 3537 us, blocked 5.535 ms total (submit 4.194 ms), cache 5320/1048576 rows, SSD kept awake by 131 reads (slowest 6.7 ms)
strata serve: expert tiers: GPU 156 hits this request; since the start RAM 233539 blobs, files 0 blobs 0.0 MB read
strata batch: 63 windows, avg 2.00 rows, 46.11 ms/window = run 44.73 (CUDA0 GPU-reach wait 16.62 + CPU experts 25.34) + commit 1.34 + emit 0.05; per layer-window: CPU experts 11.00, VRAM hits 5.61, PCIe 3.17; 43.4 rows/s over 2905 ms of wall time (admissions included)
strata serve: conversation cache: dropped 1 superseded copy of this conversation; parked=1
strata serve: conversation cache: parked 26 tokens in 40.9 ms; parked=2 bytes=473177936 evictions=0 snapshot_bytes=236558428 reused_kv_bytes=0
strata batch: slot 0 gave back 22 tokens of this conversation (its turn checkpoint) in 39.1 ms
strata serve prefill segment: start=22 end=28 root=0 turn=0 message=0 pin=0 reread=0
strata serve: prompt 29 tokens = 22 reused + 7 read in 188 ms (37.2 tok/s), 64 generated in 1271 ms (50.4 tok/s), drafts accepted 35 of 46, 1 checkpoints
strata serve: decode expert cache hit rate: 39.0% (12514 hits / 32090 lookups); 3910 more read by the GPU over PCIe or from another GPU (10.9% of all 36000 routed)
strata serve: resident RAM: 63.28 GiB of experts in RAM, 0 exchanged with the VRAM tier, 0 blob reads from the file
safetensors residency metrics: ram_bytes=67948118016 os_locked_bytes=0 cuda_pinned_bytes=67948118016 promotions=0 promoted_payload_bytes=0 expert_file_bytes=0 (cumulative; payload is not a physical PCIe counter)
safetensors ngram metrics: ple io: 17152 rows, 68.9% row-cache hits, 5336 SSD reads (22.7 MB), read p50 132 us p99 3694 us, blocked 9.872 ms total (submit 4.212 ms), cache 5336/1048576 rows, SSD kept awake by 170 reads (slowest 6.7 ms)
strata serve: expert tiers: GPU 12514 hits this request; since the start RAM 294883 blobs, files 0 blobs 0.0 MB read
strata serve: conversation cache: dropped 1 superseded copy of this conversation; parked=1
strata serve: conversation cache: parked 92 tokens in 42.1 ms; parked=2 bytes=474100172 evictions=0 snapshot_bytes=237541744 reused_kv_bytes=0
strata batch: slot 1 gave back 19 tokens of this conversation (its turn checkpoint) in 40.2 ms
strata serve prefill segment: start=19 end=25 root=0 turn=0 message=0 pin=0 reread=0
strata serve: prompt 26 tokens = 19 reused + 7 read in 191 ms (36.6 tok/s), 64 generated in 1213 ms (52.8 tok/s), drafts accepted 40 of 45, 1 checkpoints
strata serve: decode expert cache hit rate: 23.8% (6849 hits / 28833 lookups); 4287 more read by the GPU over PCIe or from another GPU (12.9% of all 33120 routed)
strata serve: resident RAM: 63.28 GiB of experts in RAM, 0 exchanged with the VRAM tier, 0 blob reads from the file
safetensors residency metrics: ram_bytes=67948118016 os_locked_bytes=0 cuda_pinned_bytes=67948118016 promotions=0 promoted_payload_bytes=0 expert_file_bytes=0 (cumulative; payload is not a physical PCIe counter)
safetensors ngram metrics: ple io: 18368 rows, 70.9% row-cache hits, 5336 SSD reads (22.7 MB), read p50 132 us p99 3694 us, blocked 9.878 ms total (submit 4.212 ms), cache 5336/1048576 rows, SSD kept awake by 183 reads (slowest 6.7 ms)
strata serve: expert tiers: GPU 6849 hits this request; since the start RAM 314355 blobs, files 0 blobs 0.0 MB read
strata serve: conversation cache: dropped 1 superseded copy of this conversation; parked=1
strata serve: conversation cache: parked 89 tokens in 42.2 ms; parked=2 bytes=475077320 evictions=0 snapshot_bytes=237535576 reused_kv_bytes=0
strata batch: slot 0 gave back 22 tokens of this conversation (its turn checkpoint) in 37.3 ms
strata serve prefill segment: start=22 end=28 root=0 turn=0 message=0 pin=0 reread=0
strata batch: slot 0 takes 29 tokens (copied in 66.4 ms)
strata serve: prompt 29 tokens = 22 reused + 7 read in 185 ms (37.9 tok/s), 1 generated in 21 ms (47.1 tok/s), drafts accepted 0 of 0, 1 checkpoints
strata serve: decode expert cache hit rate: 44.5% (189 hits / 425 lookups); 55 more read by the GPU over PCIe or from another GPU (11.5% of all 480 routed)
strata serve: resident RAM: 63.28 GiB of experts in RAM, 0 exchanged with the VRAM tier, 0 blob reads from the file
safetensors residency metrics: ram_bytes=67948118016 os_locked_bytes=0 cuda_pinned_bytes=67948118016 promotions=0 promoted_payload_bytes=0 expert_file_bytes=0 (cumulative; payload is not a physical PCIe counter)
safetensors ngram metrics: ple io: 18480 rows, 71.1% row-cache hits, 5336 SSD reads (22.7 MB), read p50 132 us p99 3694 us, blocked 9.878 ms total (submit 4.212 ms), cache 5336/1048576 rows, SSD kept awake by 185 reads (slowest 6.7 ms)
strata serve: expert tiers: GPU 189 hits this request; since the start RAM 316141 blobs, files 0 blobs 0.0 MB read
strata serve: conversation cache: dropped 1 superseded copy of this conversation; parked=1
strata serve: conversation cache: parked 29 tokens in 45.5 ms; parked=2 bytes=474155084 evictions=0 snapshot_bytes=236619508 reused_kv_bytes=0
strata batch: slot 1 gave back 19 tokens of this conversation (its turn checkpoint) in 46.4 ms
strata serve prefill segment: start=19 end=25 root=0 turn=0 message=0 pin=0 reread=0
strata batch: slot 1 takes 26 tokens (copied in 66.7 ms)
strata serve: prompt 26 tokens = 19 reused + 7 read in 202 ms (34.7 tok/s), 1 generated in 27 ms (37.7 tok/s), drafts accepted 0 of 0, 1 checkpoints
strata serve: decode expert cache hit rate: 37.6% (156 hits / 415 lookups); 65 more read by the GPU over PCIe or from another GPU (13.5% of all 480 routed)
strata serve: resident RAM: 63.28 GiB of experts in RAM, 0 exchanged with the VRAM tier, 0 blob reads from the file
safetensors residency metrics: ram_bytes=67948118016 os_locked_bytes=0 cuda_pinned_bytes=67948118016 promotions=0 promoted_payload_bytes=0 expert_file_bytes=0 (cumulative; payload is not a physical PCIe counter)
safetensors ngram metrics: ple io: 18592 rows, 71.3% row-cache hits, 5336 SSD reads (22.7 MB), read p50 132 us p99 3694 us, blocked 9.880 ms total (submit 4.212 ms), cache 5336/1048576 rows, SSD kept awake by 188 reads (slowest 6.7 ms)
strata serve: expert tiers: GPU 156 hits this request; since the start RAM 318021 blobs, files 0 blobs 0.0 MB read
strata verify: captured the batch window over slots 1
strata batch: 63 windows, avg 1.21 rows, 34.07 ms/window = run 33.16 (CUDA0 GPU-reach wait 14.55 + CPU experts 17.12) + commit 0.87 + emit 0.04; per layer-window: CPU experts 7.12, VRAM hits 2.94, PCIe 1.90; 35.4 rows/s over 2147 ms of wall time (admissions included)
strata serve: conversation cache: dropped 1 superseded copy of this conversation; parked=1
strata serve: conversation cache: parked 26 tokens in 46.8 ms; parked=2 bytes=473177936 evictions=0 snapshot_bytes=236558428 reused_kv_bytes=0
strata batch: slot 0 gave back 42 tokens of this conversation (all it holds) in 52.8 ms
strata serve: prompt 43 tokens = 42 reused + 1 read in 114 ms (8.7 tok/s), 50 generated in 1040 ms (48.1 tok/s), drafts accepted 26 of 35, 0 checkpoints
strata serve: decode expert cache hit rate: 37.0% (9298 hits / 25163 lookups); 3157 more read by the GPU over PCIe or from another GPU (11.1% of all 28320 routed)
strata serve: resident RAM: 63.28 GiB of experts in RAM, 0 exchanged with the VRAM tier, 0 blob reads from the file
safetensors residency metrics: ram_bytes=67948118016 os_locked_bytes=0 cuda_pinned_bytes=67948118016 promotions=0 promoted_payload_bytes=0 expert_file_bytes=0 (cumulative; payload is not a physical PCIe counter)
safetensors ngram metrics: ple io: 20864 rows, 74.3% row-cache hits, 5352 SSD reads (22.8 MB), read p50 133 us p99 3694 us, blocked 9.892 ms total (submit 4.227 ms), cache 5352/1048576 rows, SSD kept awake by 218 reads (slowest 6.7 ms)
strata serve: expert tiers: GPU 9298 hits this request; since the start RAM 359152 blobs, files 0 blobs 0.0 MB read
strata serve prefill segment: start=92 end=99 root=0 turn=0 message=0 pin=0 reread=0
strata serve: prompt 100 tokens = 92 reused + 8 read in 132 ms (60.7 tok/s), 1 generated in 30 ms (32.9 tok/s), drafts accepted 0 of 0, 0 checkpoints
strata serve: decode expert cache hit rate: 49.1% (211 hits / 430 lookups); 50 more read by the GPU over PCIe or from another GPU (10.4% of all 480 routed)
strata serve: resident RAM: 63.28 GiB of experts in RAM, 0 exchanged with the VRAM tier, 0 blob reads from the file
safetensors residency metrics: ram_bytes=67948118016 os_locked_bytes=0 cuda_pinned_bytes=67948118016 promotions=0 promoted_payload_bytes=0 expert_file_bytes=0 (cumulative; payload is not a physical PCIe counter)
safetensors ngram metrics: ple io: 20992 rows, 73.9% row-cache hits, 5480 SSD reads (23.3 MB), read p50 137 us p99 3687 us, blocked 9.894 ms total (submit 4.299 ms), cache 5480/1048576 rows, SSD kept awake by 218 reads (slowest 6.7 ms)
strata serve: expert tiers: GPU 211 hits this request; since the start RAM 361251 blobs, files 0 blobs 0.0 MB read
strata serve: conversation cache: parked 100 tokens in 22.4 ms; parked=3 bytes=592778376 evictions=0 snapshot_bytes=119600440 reused_kv_bytes=0
strata batch: slot 1 gave back 89 tokens of this conversation (all it holds) in 45.7 ms
strata serve prefill segment: start=89 end=96 root=0 turn=0 message=0 pin=0 reread=0
strata serve: prompt 97 tokens = 89 reused + 8 read in 195 ms (41.0 tok/s), 32 generated in 669 ms (47.8 tok/s), drafts accepted 19 of 19, 0 checkpoints
strata serve: decode expert cache hit rate: 17.6% (2287 hits / 13020 lookups); 2340 more read by the GPU over PCIe or from another GPU (15.2% of all 15360 routed)
strata serve: resident RAM: 63.28 GiB of experts in RAM, 0 exchanged with the VRAM tier, 0 blob reads from the file
safetensors residency metrics: ram_bytes=67948118016 os_locked_bytes=0 cuda_pinned_bytes=67948118016 promotions=0 promoted_payload_bytes=0 expert_file_bytes=0 (cumulative; payload is not a physical PCIe counter)
safetensors ngram metrics: ple io: 21664 rows, 72.8% row-cache hits, 5888 SSD reads (25.1 MB), read p50 137 us p99 4804 us, blocked 16.619 ms total (submit 4.670 ms), cache 5888/1048576 rows, SSD kept awake by 219 reads (slowest 6.7 ms)
strata serve: expert tiers: GPU 2287 hits this request; since the start RAM 373089 blobs, files 0 blobs 0.0 MB read
strata serve: conversation cache: parked 128 tokens in 28.3 ms; parked=4 bytes=712806320 evictions=0 snapshot_bytes=120027944 reused_kv_bytes=0
strata batch: slot 0 gave back 42 tokens of this conversation (all it holds) in 49.7 ms
strata serve prefill segment: start=42 end=99 root=0 turn=0 message=0 pin=0 reread=0
strata serve: prompt 100 tokens = 42 reused + 58 read in 932 ms (62.2 tok/s), 1 generated in 30 ms (33.5 tok/s), drafts accepted 0 of 0, 0 checkpoints
strata serve: decode expert cache hit rate: 49.1% (211 hits / 430 lookups); 50 more read by the GPU over PCIe or from another GPU (10.4% of all 480 routed)
strata serve: resident RAM: 63.28 GiB of experts in RAM, 0 exchanged with the VRAM tier, 0 blob reads from the file
safetensors residency metrics: ram_bytes=67948118016 os_locked_bytes=0 cuda_pinned_bytes=67948118016 promotions=0 promoted_payload_bytes=0 expert_file_bytes=0 (cumulative; payload is not a physical PCIe counter)
safetensors ngram metrics: ple io: 22592 rows, 73.9% row-cache hits, 5888 SSD reads (25.1 MB), read p50 137 us p99 4804 us, blocked 16.625 ms total (submit 4.670 ms), cache 5888/1048576 rows, SSD kept awake by 228 reads (slowest 6.7 ms)
strata serve: expert tiers: GPU 211 hits this request; since the start RAM 386319 blobs, files 0 blobs 0.0 MB read
strata serve: conversation cache: parked 100 tokens in 27.7 ms; parked=4 bytes=595787252 evictions=1 snapshot_bytes=119600440 reused_kv_bytes=0
strata batch: slot 1 gave back 89 tokens of this conversation (all it holds) in 54.4 ms
strata serve prefill segment: start=89 end=96 root=0 turn=0 message=0 pin=0 reread=0
strata batch: slot 1 takes 97 tokens (copied in 52.6 ms)
strata serve: prompt 97 tokens = 89 reused + 8 read in 221 ms (36.2 tok/s), 1 generated in 24 ms (42.4 tok/s), drafts accepted 0 of 0, 0 checkpoints
strata serve: decode expert cache hit rate: 54.4% (237 hits / 436 lookups); 44 more read by the GPU over PCIe or from another GPU (9.2% of all 480 routed)
strata serve: resident RAM: 63.28 GiB of experts in RAM, 0 exchanged with the VRAM tier, 0 blob reads from the file
safetensors residency metrics: ram_bytes=67948118016 os_locked_bytes=0 cuda_pinned_bytes=67948118016 promotions=0 promoted_payload_bytes=0 expert_file_bytes=0 (cumulative; payload is not a physical PCIe counter)
safetensors ngram metrics: ple io: 22720 rows, 74.1% row-cache hits, 5888 SSD reads (25.1 MB), read p50 137 us p99 4804 us, blocked 16.626 ms total (submit 4.670 ms), cache 5888/1048576 rows, SSD kept awake by 230 reads (slowest 6.7 ms)
strata serve: expert tiers: GPU 237 hits this request; since the start RAM 388474 blobs, files 0 blobs 0.0 MB read
strata batch: 31 windows, avg 1.00 rows, 32.15 ms/window = run 31.46 (CUDA0 GPU-reach wait 14.20 + CPU experts 16.00) + commit 0.65 + emit 0.04; per layer-window: CPU experts 6.84, VRAM hits 1.38, PCIe 1.79; 31.1 rows/s over 997 ms of wall time (admissions included)
strata serve: conversation cache: parked 97 tokens in 23.5 ms; parked=4 bytes=478823108 evictions=2 snapshot_bytes=119594284 reused_kv_bytes=0
strata batch: slot 0 gave back 22 tokens of this conversation (its turn checkpoint) in 28.9 ms
strata serve prefill segment: start=22 end=28 root=0 turn=0 message=0 pin=0 reread=0
strata serve: prompt 29 tokens = 22 reused + 7 read in 171 ms (41.1 tok/s), 1 generated in 22 ms (46.0 tok/s), drafts accepted 0 of 0, 1 checkpoints
strata serve: decode expert cache hit rate: 44.5% (189 hits / 425 lookups); 55 more read by the GPU over PCIe or from another GPU (11.5% of all 480 routed)
strata serve: resident RAM: 63.28 GiB of experts in RAM, 0 exchanged with the VRAM tier, 0 blob reads from the file
safetensors residency metrics: ram_bytes=67948118016 os_locked_bytes=0 cuda_pinned_bytes=67948118016 promotions=0 promoted_payload_bytes=0 expert_file_bytes=0 (cumulative; payload is not a physical PCIe counter)
safetensors ngram metrics: ple io: 23328 rows, 74.8% row-cache hits, 5888 SSD reads (25.1 MB), read p50 137 us p99 4804 us, blocked 16.630 ms total (submit 4.670 ms), cache 5888/1048576 rows, SSD kept awake by 241 reads (slowest 6.7 ms)
strata serve: expert tiers: GPU 189 hits this request; since the start RAM 403090 blobs, files 0 blobs 0.0 MB read
strata serve: conversation cache: parked 29 tokens in 35.5 ms; parked=4 bytes=595842176 evictions=3 snapshot_bytes=236619508 reused_kv_bytes=0
strata serve prefill segment: start=0 end=19 root=0 turn=1 message=0 pin=0 reread=0
strata serve prefill segment: start=19 end=25 root=0 turn=0 message=0 pin=0 reread=0
strata batch: slot 1 takes 26 tokens (copied in 43.1 ms)
strata serve: prompt 26 tokens = 0 reused + 26 read in 511 ms (50.9 tok/s), 1 generated in 21 ms (46.6 tok/s), drafts accepted 0 of 0, 1 checkpoints
strata serve: decode expert cache hit rate: 37.6% (156 hits / 415 lookups); 65 more read by the GPU over PCIe or from another GPU (13.5% of all 480 routed)
strata serve: resident RAM: 63.28 GiB of experts in RAM, 0 exchanged with the VRAM tier, 0 blob reads from the file
safetensors residency metrics: ram_bytes=67948118016 os_locked_bytes=0 cuda_pinned_bytes=67948118016 promotions=0 promoted_payload_bytes=0 expert_file_bytes=0 (cumulative; payload is not a physical PCIe counter)
safetensors ngram metrics: ple io: 23744 rows, 75.2% row-cache hits, 5888 SSD reads (25.1 MB), read p50 137 us p99 4804 us, blocked 16.632 ms total (submit 4.670 ms), cache 5888/1048576 rows, SSD kept awake by 246 reads (slowest 6.7 ms)
strata serve: expert tiers: GPU 156 hits this request; since the start RAM 410097 blobs, files 0 blobs 0.0 MB read
strata batch: 1 windows, avg 1.00 rows, 27.29 ms/window = run 26.90 (CUDA0 GPU-reach wait 7.16 + CPU experts 18.89) + commit 0.34 + emit 0.05; per layer-window: CPU experts 5.12, VRAM hits 3.73, PCIe 1.15; 36.6 rows/s over 27 ms of wall time (admissions included)
strata: K/V grown to 24576 cells (1.01 GiB); the expert cache gave 113 slots for it, 0 hotter experts moved to colder ones' slots (3138 of 3251 slots hold experts)
strata serve: conversation cache: parked 26 tokens in 41.0 ms; parked=4 bytes=712372660 evictions=4 snapshot_bytes=236558428 reused_kv_bytes=0
strata serve prefill segment: start=0 end=22770 root=0 turn=1 message=0 pin=0 reread=0
strata ple batch phases: rows=65536 misses=65488 pages=337 total_ms=7.973 call_lock_ms=0.000 lookup_ms=0.388 plan_ms=1.424 group_wait_ms=3.366 cache_insert_ms=0.260 callback_ms=2.503 reader_drain_ms=0.000
strata ple gather phases: tokens=4096 rows=65536 total_ms=8.928 raw_resize_ms=0.919 host_available_mib=9673
strata ple: chunk 0: read started 0.5 ms into the run, layer 1 reached at 202.0, waited 0.0 ms
strata prefill callback: start=0 rows=4096 draft_path=token draft_ms=148.817 checkpoint_ms=0.002 total_ms=148.849
strata prefill chunk: start=0 rows=4096 main_and_wait_ms=1531.877 callback_ms=148.864 total_ms=1680.741
strata prefill executed: tokens=4096 max_chunk=4096 capacity=4096 start=0
strata ple batch phases: rows=65536 misses=0 pages=0 total_ms=2.959 call_lock_ms=0.000 lookup_ms=0.728 plan_ms=0.001 group_wait_ms=0.000 cache_insert_ms=0.000 callback_ms=2.229 reader_drain_ms=0.000
strata ple gather phases: tokens=4096 rows=65536 total_ms=3.005 raw_resize_ms=0.005 host_available_mib=9559
strata ple: chunk 0: read started 0.1 ms into the run, layer 1 reached at 26.4, waited 0.0 ms
strata prefill callback: start=4096 rows=4096 draft_path=token draft_ms=148.590 checkpoint_ms=0.002 total_ms=148.638
strata prefill chunk: start=4096 rows=4096 main_and_wait_ms=1343.643 callback_ms=148.652 total_ms=1492.295
strata prefill executed: tokens=4096 max_chunk=4096 capacity=4096 start=4096
strata ple batch phases: rows=65536 misses=0 pages=0 total_ms=3.466 call_lock_ms=0.000 lookup_ms=0.842 plan_ms=0.001 group_wait_ms=0.000 cache_insert_ms=0.000 callback_ms=2.622 reader_drain_ms=0.000
strata ple gather phases: tokens=4096 rows=65536 total_ms=3.501 raw_resize_ms=0.004 host_available_mib=9550
strata ple: chunk 0: read started 0.1 ms into the run, layer 1 reached at 26.9, waited 0.0 ms
strata prefill callback: start=8192 rows=4096 draft_path=token draft_ms=153.255 checkpoint_ms=0.002 total_ms=153.284
strata prefill chunk: start=8192 rows=4096 main_and_wait_ms=1338.979 callback_ms=153.299 total_ms=1492.278
strata prefill executed: tokens=4096 max_chunk=4096 capacity=4096 start=8192
strata ple batch phases: rows=65536 misses=0 pages=0 total_ms=3.534 call_lock_ms=0.000 lookup_ms=0.852 plan_ms=0.002 group_wait_ms=0.000 cache_insert_ms=0.000 callback_ms=2.680 reader_drain_ms=0.000
strata ple gather phases: tokens=4096 rows=65536 total_ms=3.589 raw_resize_ms=0.003 host_available_mib=9551
strata ple: chunk 0: read started 0.1 ms into the run, layer 1 reached at 16.8, waited 0.0 ms
strata prefill callback: start=12288 rows=4096 draft_path=token draft_ms=142.352 checkpoint_ms=28.222 total_ms=170.618
strata prefill chunk: start=12288 rows=4096 main_and_wait_ms=1371.961 callback_ms=170.635 total_ms=1542.597
strata prefill executed: tokens=4096 max_chunk=4096 capacity=4096 start=12288
strata ple batch phases: rows=65536 misses=0 pages=0 total_ms=3.350 call_lock_ms=0.000 lookup_ms=0.819 plan_ms=0.001 group_wait_ms=0.000 cache_insert_ms=0.000 callback_ms=2.530 reader_drain_ms=0.000
strata ple gather phases: tokens=4096 rows=65536 total_ms=3.373 raw_resize_ms=0.003 host_available_mib=9432
strata ple: chunk 0: read started 0.0 ms into the run, layer 1 reached at 16.2, waited 0.0 ms
strata prefill callback: start=16384 rows=4096 draft_path=token draft_ms=146.149 checkpoint_ms=0.008 total_ms=146.201
strata prefill chunk: start=16384 rows=4096 main_and_wait_ms=1336.649 callback_ms=146.217 total_ms=1482.866
strata prefill executed: tokens=4096 max_chunk=4096 capacity=4096 start=16384
strata ple batch phases: rows=36640 misses=200 pages=213 total_ms=9.770 call_lock_ms=0.000 lookup_ms=0.504 plan_ms=0.016 group_wait_ms=7.692 cache_insert_ms=0.037 callback_ms=1.496 reader_drain_ms=0.000
strata ple gather phases: tokens=2290 rows=36640 total_ms=9.792 raw_resize_ms=0.003 host_available_mib=9430
strata ple: chunk 0: read started 0.1 ms into the run, layer 1 reached at 32.7, waited 0.0 ms
strata prefill callback: start=20480 rows=2290 draft_path=token draft_ms=79.488 checkpoint_ms=0.002 total_ms=79.518
strata prefill chunk: start=20480 rows=2290 main_and_wait_ms=1238.222 callback_ms=79.531 total_ms=1317.753
strata prefill executed: tokens=2290 max_chunk=2290 capacity=4096 start=20480
strata serve prefill segment: start=22770 end=22776 root=0 turn=0 message=0 pin=0 reread=0
strata serve: prompt 22777 tokens = 0 reused + 22777 read in 9213 ms (2472.3 tok/s), 32 generated in 621 ms (51.6 tok/s), drafts accepted 18 of 20, 2 checkpoints
strata serve: decode expert cache hit rate: 45.1% (6578 hits / 14584 lookups); 1736 more read by the GPU over PCIe or from another GPU (10.6% of all 16320 routed)
strata serve: resident RAM: 63.28 GiB of experts in RAM, 0 exchanged with the VRAM tier, 0 blob reads from the file
safetensors residency metrics: ram_bytes=67948118016 os_locked_bytes=0 cuda_pinned_bytes=67948118016 promotions=0 promoted_payload_bytes=0 expert_file_bytes=0 (cumulative; payload is not a physical PCIe counter)
safetensors ngram metrics: ple io: 388784 rows, 81.5% row-cache hits, 6942 SSD reads (29.4 MB), read p50 145 us p99 4877 us, blocked 34.210 ms total (submit 5.166 ms), cache 6920/1048576 rows, SSD kept awake by 330 reads (slowest 22.5 ms)
strata serve: expert tiers: GPU 6578 hits this request; since the start RAM 548295 blobs, files 0 blobs 0.0 MB read
strata serve: conversation cache: parked 22808 tokens in 167.8 ms; parked=4 bytes=1295361740 evictions=5 snapshot_bytes=702589520 reused_kv_bytes=0
strata serve prefill segment: start=22770 end=22776 root=0 turn=0 message=0 pin=0 reread=0
strata batch: slot 0 takes 22777 tokens (copied in 162.0 ms)
strata serve: prompt 22777 tokens = 22770 reused + 7 read in 287 ms (24.4 tok/s), 1 generated in 30 ms (33.6 tok/s), drafts accepted 0 of 0, 2 checkpoints
strata serve: decode expert cache hit rate: 48.7% (209 hits / 429 lookups); 51 more read by the GPU over PCIe or from another GPU (10.6% of all 480 routed)
strata serve: resident RAM: 63.28 GiB of experts in RAM, 0 exchanged with the VRAM tier, 0 blob reads from the file
safetensors residency metrics: ram_bytes=67948118016 os_locked_bytes=0 cuda_pinned_bytes=67948118016 promotions=0 promoted_payload_bytes=0 expert_file_bytes=0 (cumulative; payload is not a physical PCIe counter)
safetensors ngram metrics: ple io: 388896 rows, 81.5% row-cache hits, 6942 SSD reads (29.4 MB), read p50 145 us p99 4877 us, blocked 34.211 ms total (submit 5.166 ms), cache 6920/1048576 rows, SSD kept awake by 334 reads (slowest 22.5 ms)
strata serve: expert tiers: GPU 209 hits this request; since the start RAM 550072 blobs, files 0 blobs 0.0 MB read
strata serve: conversation cache: dropped 1 superseded copy of this conversation; parked=3
strata serve: conversation cache: parked 22777 tokens in 116.4 ms; parked=4 bytes=1294928080 evictions=5 snapshot_bytes=702155860 reused_kv_bytes=0
strata batch: slot 1 gave back 19 tokens of this conversation (its turn checkpoint) in 47.3 ms
strata serve prefill segment: start=19 end=25 root=0 turn=0 message=0 pin=0 reread=0
strata batch: slot 1 takes 26 tokens (copied in 55.2 ms)
strata serve: prompt 26 tokens = 19 reused + 7 read in 305 ms (22.9 tok/s), 1 generated in 23 ms (43.6 tok/s), drafts accepted 0 of 0, 1 checkpoints
strata serve: decode expert cache hit rate: 37.4% (155 hits / 414 lookups); 66 more read by the GPU over PCIe or from another GPU (13.8% of all 480 routed)
strata serve: resident RAM: 63.28 GiB of experts in RAM, 0 exchanged with the VRAM tier, 0 blob reads from the file
safetensors residency metrics: ram_bytes=67948118016 os_locked_bytes=0 cuda_pinned_bytes=67948118016 promotions=0 promoted_payload_bytes=0 expert_file_bytes=0 (cumulative; payload is not a physical PCIe counter)
safetensors ngram metrics: ple io: 389008 rows, 81.5% row-cache hits, 6942 SSD reads (29.4 MB), read p50 145 us p99 4877 us, blocked 34.212 ms total (submit 5.166 ms), cache 6920/1048576 rows, SSD kept awake by 338 reads (slowest 22.5 ms)
strata serve: expert tiers: GPU 155 hits this request; since the start RAM 551959 blobs, files 0 blobs 0.0 MB read
strata batch: 63 windows, avg 1.49 rows, 37.99 ms/window = run 37.12 (CUDA0 GPU-reach wait 15.91 + CPU experts 19.86) + commit 0.83 + emit 0.04; per layer-window: CPU experts 8.50, VRAM hits 4.01, PCIe 2.35; 39.3 rows/s over 2394 ms of wall time (admissions included)
strata serve: conversation cache: dropped 1 superseded copy of this conversation; parked=3
strata serve: conversation cache: parked 26 tokens in 31.4 ms; parked=4 bytes=1294928080 evictions=5 snapshot_bytes=236558428 reused_kv_bytes=0
strata batch: slot 0 gave back 22808 tokens of this conversation (all it holds) in 115.9 ms
strata serve prefill segment: start=22808 end=22815 root=0 turn=0 message=0 pin=0 reread=0
strata serve: prompt 22816 tokens = 22808 reused + 8 read in 287 ms (27.8 tok/s), 1 generated in 31 ms (31.8 tok/s), drafts accepted 0 of 0, 0 checkpoints
strata serve: decode expert cache hit rate: 53.0% (231 hits / 436 lookups); 44 more read by the GPU over PCIe or from another GPU (9.2% of all 480 routed)
strata serve: resident RAM: 63.28 GiB of experts in RAM, 0 exchanged with the VRAM tier, 0 blob reads from the file
safetensors residency metrics: ram_bytes=67948118016 os_locked_bytes=0 cuda_pinned_bytes=67948118016 promotions=0 promoted_payload_bytes=0 expert_file_bytes=0 (cumulative; payload is not a physical PCIe counter)
safetensors ngram metrics: ple io: 390640 rows, 81.5% row-cache hits, 6966 SSD reads (29.5 MB), read p50 146 us p99 4874 us, blocked 34.219 ms total (submit 5.196 ms), cache 6944/1048576 rows, SSD kept awake by 362 reads (slowest 22.5 ms)
strata serve: expert tiers: GPU 231 hits this request; since the start RAM 586856 blobs, files 0 blobs 0.0 MB read
strata serve: conversation cache: parked 22816 tokens in 72.7 ms; parked=4 bytes=1641762124 evictions=6 snapshot_bytes=466428328 reused_kv_bytes=0
strata batch: slot 0 gave back 22808 tokens of this conversation (all it holds) in 136.7 ms
strata serve prefill segment: start=22808 end=22815 root=0 turn=0 message=0 pin=0 reread=0
strata serve: prompt 22816 tokens = 22808 reused + 8 read in 337 ms (23.8 tok/s), 1 generated in 30 ms (33.9 tok/s), drafts accepted 0 of 0, 0 checkpoints
strata serve: decode expert cache hit rate: 53.0% (231 hits / 436 lookups); 44 more read by the GPU over PCIe or from another GPU (9.2% of all 480 routed)
strata serve: resident RAM: 63.28 GiB of experts in RAM, 0 exchanged with the VRAM tier, 0 blob reads from the file
safetensors residency metrics: ram_bytes=67948118016 os_locked_bytes=0 cuda_pinned_bytes=67948118016 promotions=0 promoted_payload_bytes=0 expert_file_bytes=0 (cumulative; payload is not a physical PCIe counter)
safetensors ngram metrics: ple io: 390768 rows, 81.5% row-cache hits, 6966 SSD reads (29.5 MB), read p50 146 us p99 4874 us, blocked 34.220 ms total (submit 5.196 ms), cache 6944/1048576 rows, SSD kept awake by 365 reads (slowest 22.5 ms)
strata serve: expert tiers: GPU 231 hits this request; since the start RAM 588943 blobs, files 0 blobs 0.0 MB read
strata serve: conversation cache: parked 22816 tokens in 83.2 ms; parked=4 bytes=1871570944 evictions=7 snapshot_bytes=466428328 reused_kv_bytes=0
strata batch: slot 1 gave back 19 tokens of this conversation (its turn checkpoint) in 34.0 ms
strata serve prefill segment: start=19 end=25 root=0 turn=0 message=0 pin=0 reread=0
strata batch: slot 1 takes 26 tokens (copied in 60.0 ms)
strata serve: prompt 26 tokens = 19 reused + 7 read in 219 ms (31.9 tok/s), 1 generated in 31 ms (32.3 tok/s), drafts accepted 0 of 0, 1 checkpoints
strata serve: decode expert cache hit rate: 37.4% (155 hits / 414 lookups); 66 more read by the GPU over PCIe or from another GPU (13.8% of all 480 routed)
strata serve: resident RAM: 63.28 GiB of experts in RAM, 0 exchanged with the VRAM tier, 0 blob reads from the file
safetensors residency metrics: ram_bytes=67948118016 os_locked_bytes=0 cuda_pinned_bytes=67948118016 promotions=0 promoted_payload_bytes=0 expert_file_bytes=0 (cumulative; payload is not a physical PCIe counter)
safetensors ngram metrics: ple io: 390880 rows, 81.6% row-cache hits, 6966 SSD reads (29.5 MB), read p50 146 us p99 4874 us, blocked 34.221 ms total (submit 5.196 ms), cache 6944/1048576 rows, SSD kept awake by 368 reads (slowest 22.5 ms)
strata serve: expert tiers: GPU 155 hits this request; since the start RAM 590830 blobs, files 0 blobs 0.0 MB read
strata batch: 63 windows, avg 1.00 rows, 31.10 ms/window = run 30.25 (CUDA0 GPU-reach wait 13.76 + CPU experts 15.31) + commit 0.80 + emit 0.04; per layer-window: CPU experts 6.32, VRAM hits 2.03, PCIe 1.64; 32.2 rows/s over 1959 ms of wall time (admissions included)
safetensors: post-residency expert source bytes=0
safetensors: post-residency MTP source bytes=0
