-- Strata: CUDA enabled, arch 120
-- strata: pack/full/experts.bin absent - the expert arena load test is NOT registered
-- Warning: ccache not found - consider installing it for faster compilation or disable this warning with GGML_CCACHE=OFF
-- CMAKE_SYSTEM_PROCESSOR: AMD64
-- CMAKE_GENERATOR_PLATFORM:
-- GGML_SYSTEM_ARCH: x86
-- Including CPU backend
-- x86 detected
-- Adding CPU backend variant ggml-cpu: /arch:AVX512 GGML_AVX512
-- ggml version: 0.24.0
-- ggml commit:  unknown
-- Configuring done (6.4s)
-- Generating done (0.2s)
-- Build files have been written to: G:/Strata/Strata-Safetensors/build-native-engine
[1/12] Building CXX object CMakeFiles\strata_engine.dir\src\core\conversation_snapshot.cpp.obj
G:\Strata\Strata-Safetensors\include\strata/kernels/cpu/expert.hpp(74): warning C4324: “strata::kernels::cpu::ActQ”: 由于对齐说明符，结构被填充
G:\Strata\Strata-Safetensors\include\strata/kernels/cpu/pool.hpp(267): warning C4324: “strata::kernels::cpu::ExpertPool”: 由于对齐说明符，结构被填充
G:\Strata\Strata-Safetensors\include\strata/kernels/cpu/pool.hpp(268): warning C4324: “strata::kernels::cpu::ExpertPool”: 由于对齐说明符，结构被填充
G:\Strata\Strata-Safetensors\include\strata/kernels/cpu/pool.hpp(269): warning C4324: “strata::kernels::cpu::ExpertPool”: 由于对齐说明符，结构被填充
G:\Strata\Strata-Safetensors\include\strata/kernels/cpu/pool.hpp(270): warning C4324: “strata::kernels::cpu::ExpertPool”: 由于对齐说明符，结构被填充
G:\Strata\Strata-Safetensors\include\strata/kernels/cpu/pool.hpp(271): warning C4324: “strata::kernels::cpu::ExpertPool”: 由于对齐说明符，结构被填充
G:\Strata\Strata-Safetensors\include\strata/kernels/cpu/pool.hpp(274): warning C4324: “strata::kernels::cpu::ExpertPool”: 由于对齐说明符，结构被填充
[2/12] Building CXX object CMakeFiles\strata_engine.dir\src\core\session.cpp.obj
G:\Strata\Strata-Safetensors\include\strata/kernels/cpu/expert.hpp(74): warning C4324: “strata::kernels::cpu::ActQ”: 由于对齐说明符，结构被填充
G:\Strata\Strata-Safetensors\include\strata/kernels/cpu/pool.hpp(267): warning C4324: “strata::kernels::cpu::ExpertPool”: 由于对齐说明符，结构被填充
G:\Strata\Strata-Safetensors\include\strata/kernels/cpu/pool.hpp(268): warning C4324: “strata::kernels::cpu::ExpertPool”: 由于对齐说明符，结构被填充
G:\Strata\Strata-Safetensors\include\strata/kernels/cpu/pool.hpp(269): warning C4324: “strata::kernels::cpu::ExpertPool”: 由于对齐说明符，结构被填充
G:\Strata\Strata-Safetensors\include\strata/kernels/cpu/pool.hpp(270): warning C4324: “strata::kernels::cpu::ExpertPool”: 由于对齐说明符，结构被填充
G:\Strata\Strata-Safetensors\include\strata/kernels/cpu/pool.hpp(271): warning C4324: “strata::kernels::cpu::ExpertPool”: 由于对齐说明符，结构被填充
G:\Strata\Strata-Safetensors\include\strata/kernels/cpu/pool.hpp(274): warning C4324: “strata::kernels::cpu::ExpertPool”: 由于对齐说明符，结构被填充
G:\Strata\Strata-Safetensors\src\core\session.cpp(922): warning C4996: 'getenv': This function or variable may be unsafe. Consider using _dupenv_s instead. To disable deprecation, use _CRT_SECURE_NO_WARNINGS. See online help for details.
[3/12] Building CXX object CMakeFiles\strata_engine.dir\src\core\conversation_state.cpp.obj
G:\Strata\Strata-Safetensors\include\strata/kernels/cpu/expert.hpp(74): warning C4324: “strata::kernels::cpu::ActQ”: 由于对齐说明符，结构被填充
G:\Strata\Strata-Safetensors\include\strata/kernels/cpu/pool.hpp(267): warning C4324: “strata::kernels::cpu::ExpertPool”: 由于对齐说明符，结构被填充
G:\Strata\Strata-Safetensors\include\strata/kernels/cpu/pool.hpp(268): warning C4324: “strata::kernels::cpu::ExpertPool”: 由于对齐说明符，结构被填充
G:\Strata\Strata-Safetensors\include\strata/kernels/cpu/pool.hpp(269): warning C4324: “strata::kernels::cpu::ExpertPool”: 由于对齐说明符，结构被填充
G:\Strata\Strata-Safetensors\include\strata/kernels/cpu/pool.hpp(270): warning C4324: “strata::kernels::cpu::ExpertPool”: 由于对齐说明符，结构被填充
G:\Strata\Strata-Safetensors\include\strata/kernels/cpu/pool.hpp(271): warning C4324: “strata::kernels::cpu::ExpertPool”: 由于对齐说明符，结构被填充
G:\Strata\Strata-Safetensors\include\strata/kernels/cpu/pool.hpp(274): warning C4324: “strata::kernels::cpu::ExpertPool”: 由于对齐说明符，结构被填充
[4/12] Building CXX object CMakeFiles\strata_engine.dir\src\core\safetensors_mtp.cpp.obj
G:\Strata\Strata-Safetensors\include\strata/kernels/cpu/expert.hpp(74): warning C4324: “strata::kernels::cpu::ActQ”: 由于对齐说明符，结构被填充
G:\Strata\Strata-Safetensors\include\strata/kernels/cpu/pool.hpp(267): warning C4324: “strata::kernels::cpu::ExpertPool”: 由于对齐说明符，结构被填充
G:\Strata\Strata-Safetensors\include\strata/kernels/cpu/pool.hpp(268): warning C4324: “strata::kernels::cpu::ExpertPool”: 由于对齐说明符，结构被填充
G:\Strata\Strata-Safetensors\include\strata/kernels/cpu/pool.hpp(269): warning C4324: “strata::kernels::cpu::ExpertPool”: 由于对齐说明符，结构被填充
G:\Strata\Strata-Safetensors\include\strata/kernels/cpu/pool.hpp(270): warning C4324: “strata::kernels::cpu::ExpertPool”: 由于对齐说明符，结构被填充
G:\Strata\Strata-Safetensors\include\strata/kernels/cpu/pool.hpp(271): warning C4324: “strata::kernels::cpu::ExpertPool”: 由于对齐说明符，结构被填充
G:\Strata\Strata-Safetensors\include\strata/kernels/cpu/pool.hpp(274): warning C4324: “strata::kernels::cpu::ExpertPool”: 由于对齐说明符，结构被填充
G:\Strata\Strata-Safetensors\src\core\safetensors_mtp.cpp(20): warning C4996: 'getenv': This function or variable may be unsafe. Consider using _dupenv_s instead. To disable deprecation, use _CRT_SECURE_NO_WARNINGS. See online help for details.
[5/12] Building CXX object CMakeFiles\strata_engine.dir\src\core\mtp.cpp.obj
G:\Strata\Strata-Safetensors\include\strata/kernels/cpu/expert.hpp(74): warning C4324: “strata::kernels::cpu::ActQ”: 由于对齐说明符，结构被填充
G:\Strata\Strata-Safetensors\include\strata/kernels/cpu/pool.hpp(267): warning C4324: “strata::kernels::cpu::ExpertPool”: 由于对齐说明符，结构被填充
G:\Strata\Strata-Safetensors\include\strata/kernels/cpu/pool.hpp(268): warning C4324: “strata::kernels::cpu::ExpertPool”: 由于对齐说明符，结构被填充
G:\Strata\Strata-Safetensors\include\strata/kernels/cpu/pool.hpp(269): warning C4324: “strata::kernels::cpu::ExpertPool”: 由于对齐说明符，结构被填充
G:\Strata\Strata-Safetensors\include\strata/kernels/cpu/pool.hpp(270): warning C4324: “strata::kernels::cpu::ExpertPool”: 由于对齐说明符，结构被填充
G:\Strata\Strata-Safetensors\include\strata/kernels/cpu/pool.hpp(271): warning C4324: “strata::kernels::cpu::ExpertPool”: 由于对齐说明符，结构被填充
G:\Strata\Strata-Safetensors\include\strata/kernels/cpu/pool.hpp(274): warning C4324: “strata::kernels::cpu::ExpertPool”: 由于对齐说明符，结构被填充
G:\Strata\Strata-Safetensors\include\strata/core/coupled_draft.hpp(59): warning C4996: 'getenv': This function or variable may be unsafe. Consider using _dupenv_s instead. To disable deprecation, use _CRT_SECURE_NO_WARNINGS. See online help for details.
G:\Strata\Strata-Safetensors\include\strata/core/coupled_draft.hpp(69): warning C4996: 'getenv': This function or variable may be unsafe. Consider using _dupenv_s instead. To disable deprecation, use _CRT_SECURE_NO_WARNINGS. See online help for details.
G:\Strata\Strata-Safetensors\include\strata/core/spec_prob.hpp(47): warning C4996: 'getenv': This function or variable may be unsafe. Consider using _dupenv_s instead. To disable deprecation, use _CRT_SECURE_NO_WARNINGS. See online help for details.
G:\Strata\Strata-Safetensors\include\strata/core/spec_prob.hpp(57): warning C4996: 'getenv': This function or variable may be unsafe. Consider using _dupenv_s instead. To disable deprecation, use _CRT_SECURE_NO_WARNINGS. See online help for details.
G:\Strata\Strata-Safetensors\include\strata/core/spec_prob.hpp(69): warning C4996: 'getenv': This function or variable may be unsafe. Consider using _dupenv_s instead. To disable deprecation, use _CRT_SECURE_NO_WARNINGS. See online help for details.
G:\Strata\Strata-Safetensors\include\strata/platform/memory.hpp(58): warning C4996: 'sscanf': This function or variable may be unsafe. Consider using sscanf_s instead. To disable deprecation, use _CRT_SECURE_NO_WARNINGS. See online help for details.
G:\Strata\Strata-Safetensors\src\core\mtp.cpp(63): warning C4996: 'getenv': This function or variable may be unsafe. Consider using _dupenv_s instead. To disable deprecation, use _CRT_SECURE_NO_WARNINGS. See online help for details.
G:\Strata\Strata-Safetensors\src\core\mtp.cpp(112): warning C4996: 'fopen': This function or variable may be unsafe. Consider using fopen_s instead. To disable deprecation, use _CRT_SECURE_NO_WARNINGS. See online help for details.
G:\Strata\Strata-Safetensors\src\core\mtp.cpp(431): warning C4996: 'getenv': This function or variable may be unsafe. Consider using _dupenv_s instead. To disable deprecation, use _CRT_SECURE_NO_WARNINGS. See online help for details.
G:\Strata\Strata-Safetensors\src\core\mtp.cpp(310): warning C4996: 'fopen': This function or variable may be unsafe. Consider using fopen_s instead. To disable deprecation, use _CRT_SECURE_NO_WARNINGS. See online help for details.
G:\Strata\Strata-Safetensors\src\core\mtp.cpp(468): warning C4996: 'getenv': This function or variable may be unsafe. Consider using _dupenv_s instead. To disable deprecation, use _CRT_SECURE_NO_WARNINGS. See online help for details.
G:\Strata\Strata-Safetensors\src\core\mtp.cpp(474): warning C4996: 'getenv': This function or variable may be unsafe. Consider using _dupenv_s instead. To disable deprecation, use _CRT_SECURE_NO_WARNINGS. See online help for details.
G:\Strata\Strata-Safetensors\src\core\mtp.cpp(501): warning C4996: 'fopen': This function or variable may be unsafe. Consider using fopen_s instead. To disable deprecation, use _CRT_SECURE_NO_WARNINGS. See online help for details.
G:\Strata\Strata-Safetensors\src\core\mtp.cpp(786): warning C4996: 'getenv': This function or variable may be unsafe. Consider using _dupenv_s instead. To disable deprecation, use _CRT_SECURE_NO_WARNINGS. See online help for details.
G:\Strata\Strata-Safetensors\src\core\mtp.cpp(904): warning C4996: 'getenv': This function or variable may be unsafe. Consider using _dupenv_s instead. To disable deprecation, use _CRT_SECURE_NO_WARNINGS. See online help for details.
G:\Strata\Strata-Safetensors\src\core\mtp.cpp(911): warning C4996: 'getenv': This function or variable may be unsafe. Consider using _dupenv_s instead. To disable deprecation, use _CRT_SECURE_NO_WARNINGS. See online help for details.
G:\Strata\Strata-Safetensors\src\core\mtp.cpp(921): warning C4996: 'getenv': This function or variable may be unsafe. Consider using _dupenv_s instead. To disable deprecation, use _CRT_SECURE_NO_WARNINGS. See online help for details.
G:\Strata\Strata-Safetensors\src\core\mtp.cpp(947): warning C4127: 条件表达式是常量
G:\Strata\Strata-Safetensors\src\core\mtp.cpp(947): note: 考虑改用 "if constexpr" 语句
G:\Strata\Strata-Safetensors\src\core\mtp.cpp(972): warning C4996: 'getenv': This function or variable may be unsafe. Consider using _dupenv_s instead. To disable deprecation, use _CRT_SECURE_NO_WARNINGS. See online help for details.
G:\Strata\Strata-Safetensors\src\core\mtp.cpp(976): warning C4127: 条件表达式是常量
G:\Strata\Strata-Safetensors\src\core\mtp.cpp(976): note: 考虑改用 "if constexpr" 语句
G:\Strata\Strata-Safetensors\src\core\mtp.cpp(985): warning C4127: 条件表达式是常量
G:\Strata\Strata-Safetensors\src\core\mtp.cpp(985): note: 考虑改用 "if constexpr" 语句
G:\Strata\Strata-Safetensors\src\core\mtp.cpp(1213): warning C4996: 'getenv': This function or variable may be unsafe. Consider using _dupenv_s instead. To disable deprecation, use _CRT_SECURE_NO_WARNINGS. See online help for details.
[6/12] Building CXX object CMakeFiles\strata_engine.dir\src\core\layer.cpp.obj
G:\Strata\Strata-Safetensors\src\core\layer.cpp(405): warning C4996: 'getenv': This function or variable may be unsafe. Consider using _dupenv_s instead. To disable deprecation, use _CRT_SECURE_NO_WARNINGS. See online help for details.
G:\Strata\Strata-Safetensors\src\core\layer.cpp(417): warning C4996: 'getenv': This function or variable may be unsafe. Consider using _dupenv_s instead. To disable deprecation, use _CRT_SECURE_NO_WARNINGS. See online help for details.
G:\Strata\Strata-Safetensors\src\core\layer.cpp(667): warning C4996: 'getenv': This function or variable may be unsafe. Consider using _dupenv_s instead. To disable deprecation, use _CRT_SECURE_NO_WARNINGS. See online help for details.
G:\Strata\Strata-Safetensors\src\core\layer.cpp(668): warning C4996: 'getenv': This function or variable may be unsafe. Consider using _dupenv_s instead. To disable deprecation, use _CRT_SECURE_NO_WARNINGS. See online help for details.
G:\Strata\Strata-Safetensors\src\core\layer.cpp(1052): warning C4189: “n_kv”: 局部变量已初始化但不引用
G:\Strata\Strata-Safetensors\src\core\layer.cpp(1385): warning C4189: “hcd”: 局部变量已初始化但不引用
[7/12] Building CXX object CMakeFiles\strata_engine.dir\src\core\verify.cpp.obj
G:\Strata\Strata-Safetensors\include\strata/kernels/cpu/expert.hpp(74): warning C4324: “strata::kernels::cpu::ActQ”: 由于对齐说明符，结构被填充
G:\Strata\Strata-Safetensors\include\strata/kernels/cpu/pool.hpp(267): warning C4324: “strata::kernels::cpu::ExpertPool”: 由于对齐说明符，结构被填充
G:\Strata\Strata-Safetensors\include\strata/kernels/cpu/pool.hpp(268): warning C4324: “strata::kernels::cpu::ExpertPool”: 由于对齐说明符，结构被填充
G:\Strata\Strata-Safetensors\include\strata/kernels/cpu/pool.hpp(269): warning C4324: “strata::kernels::cpu::ExpertPool”: 由于对齐说明符，结构被填充
G:\Strata\Strata-Safetensors\include\strata/kernels/cpu/pool.hpp(270): warning C4324: “strata::kernels::cpu::ExpertPool”: 由于对齐说明符，结构被填充
G:\Strata\Strata-Safetensors\include\strata/kernels/cpu/pool.hpp(271): warning C4324: “strata::kernels::cpu::ExpertPool”: 由于对齐说明符，结构被填充
G:\Strata\Strata-Safetensors\include\strata/kernels/cpu/pool.hpp(274): warning C4324: “strata::kernels::cpu::ExpertPool”: 由于对齐说明符，结构被填充
G:\Strata\Strata-Safetensors\include\strata/core/dma_batch.hpp(32): warning C4996: 'getenv': This function or variable may be unsafe. Consider using _dupenv_s instead. To disable deprecation, use _CRT_SECURE_NO_WARNINGS. See online help for details.
G:\Strata\Strata-Safetensors\include\strata/core/spec_prob.hpp(47): warning C4996: 'getenv': This function or variable may be unsafe. Consider using _dupenv_s instead. To disable deprecation, use _CRT_SECURE_NO_WARNINGS. See online help for details.
G:\Strata\Strata-Safetensors\include\strata/core/spec_prob.hpp(57): warning C4996: 'getenv': This function or variable may be unsafe. Consider using _dupenv_s instead. To disable deprecation, use _CRT_SECURE_NO_WARNINGS. See online help for details.
G:\Strata\Strata-Safetensors\include\strata/core/spec_prob.hpp(69): warning C4996: 'getenv': This function or variable may be unsafe. Consider using _dupenv_s instead. To disable deprecation, use _CRT_SECURE_NO_WARNINGS. See online help for details.
G:\Strata\Strata-Safetensors\src\core\verify.cpp(65): warning C4996: 'getenv': This function or variable may be unsafe. Consider using _dupenv_s instead. To disable deprecation, use _CRT_SECURE_NO_WARNINGS. See online help for details.
G:\Strata\Strata-Safetensors\src\core\verify.cpp(66): warning C4996: 'getenv': This function or variable may be unsafe. Consider using _dupenv_s instead. To disable deprecation, use _CRT_SECURE_NO_WARNINGS. See online help for details.
G:\Strata\Strata-Safetensors\src\core\verify.cpp(95): warning C4996: 'getenv': This function or variable may be unsafe. Consider using _dupenv_s instead. To disable deprecation, use _CRT_SECURE_NO_WARNINGS. See online help for details.
G:\Strata\Strata-Safetensors\src\core\verify.cpp(96): warning C4996: 'getenv': This function or variable may be unsafe. Consider using _dupenv_s instead. To disable deprecation, use _CRT_SECURE_NO_WARNINGS. See online help for details.
G:\Strata\Strata-Safetensors\src\core\verify.cpp(101): warning C4996: 'getenv': This function or variable may be unsafe. Consider using _dupenv_s instead. To disable deprecation, use _CRT_SECURE_NO_WARNINGS. See online help for details.
G:\Strata\Strata-Safetensors\src\core\verify.cpp(102): warning C4996: 'getenv': This function or variable may be unsafe. Consider using _dupenv_s instead. To disable deprecation, use _CRT_SECURE_NO_WARNINGS. See online help for details.
G:\Strata\Strata-Safetensors\src\core\verify.cpp(103): warning C4996: 'getenv': This function or variable may be unsafe. Consider using _dupenv_s instead. To disable deprecation, use _CRT_SECURE_NO_WARNINGS. See online help for details.
G:\Strata\Strata-Safetensors\src\core\verify.cpp(107): warning C4996: 'getenv': This function or variable may be unsafe. Consider using _dupenv_s instead. To disable deprecation, use _CRT_SECURE_NO_WARNINGS. See online help for details.
G:\Strata\Strata-Safetensors\src\core\verify.cpp(108): warning C4996: 'getenv': This function or variable may be unsafe. Consider using _dupenv_s instead. To disable deprecation, use _CRT_SECURE_NO_WARNINGS. See online help for details.
G:\Strata\Strata-Safetensors\src\core\verify.cpp(125): warning C4996: 'getenv': This function or variable may be unsafe. Consider using _dupenv_s instead. To disable deprecation, use _CRT_SECURE_NO_WARNINGS. See online help for details.
G:\Strata\Strata-Safetensors\src\core\verify.cpp(146): warning C4996: 'getenv': This function or variable may be unsafe. Consider using _dupenv_s instead. To disable deprecation, use _CRT_SECURE_NO_WARNINGS. See online help for details.
G:\Strata\Strata-Safetensors\src\core\verify.cpp(166): warning C4996: 'getenv': This function or variable may be unsafe. Consider using _dupenv_s instead. To disable deprecation, use _CRT_SECURE_NO_WARNINGS. See online help for details.
G:\Strata\Strata-Safetensors\src\core\verify.cpp(178): warning C4996: 'getenv': This function or variable may be unsafe. Consider using _dupenv_s instead. To disable deprecation, use _CRT_SECURE_NO_WARNINGS. See online help for details.
G:\Strata\Strata-Safetensors\src\core\verify.cpp(268): warning C4996: 'getenv': This function or variable may be unsafe. Consider using _dupenv_s instead. To disable deprecation, use _CRT_SECURE_NO_WARNINGS. See online help for details.
G:\Strata\Strata-Safetensors\src\core\verify.cpp(430): warning C4996: 'getenv': This function or variable may be unsafe. Consider using _dupenv_s instead. To disable deprecation, use _CRT_SECURE_NO_WARNINGS. See online help for details.
G:\Strata\Strata-Safetensors\src\core\verify.cpp(432): warning C4996: 'getenv': This function or variable may be unsafe. Consider using _dupenv_s instead. To disable deprecation, use _CRT_SECURE_NO_WARNINGS. See online help for details.
G:\Strata\Strata-Safetensors\src\core\verify.cpp(607): warning C4996: 'getenv': This function or variable may be unsafe. Consider using _dupenv_s instead. To disable deprecation, use _CRT_SECURE_NO_WARNINGS. See online help for details.
G:\Strata\Strata-Safetensors\src\core\verify.cpp(645): warning C4996: 'getenv': This function or variable may be unsafe. Consider using _dupenv_s instead. To disable deprecation, use _CRT_SECURE_NO_WARNINGS. See online help for details.
G:\Strata\Strata-Safetensors\src\core\verify.cpp(663): warning C4996: 'getenv': This function or variable may be unsafe. Consider using _dupenv_s instead. To disable deprecation, use _CRT_SECURE_NO_WARNINGS. See online help for details.
G:\Strata\Strata-Safetensors\src\core\verify.cpp(680): warning C4996: 'getenv': This function or variable may be unsafe. Consider using _dupenv_s instead. To disable deprecation, use _CRT_SECURE_NO_WARNINGS. See online help for details.
G:\Strata\Strata-Safetensors\src\core\verify.cpp(740): warning C4996: 'getenv': This function or variable may be unsafe. Consider using _dupenv_s instead. To disable deprecation, use _CRT_SECURE_NO_WARNINGS. See online help for details.
G:\Strata\Strata-Safetensors\src\core\verify.cpp(857): warning C4996: 'getenv': This function or variable may be unsafe. Consider using _dupenv_s instead. To disable deprecation, use _CRT_SECURE_NO_WARNINGS. See online help for details.
G:\Strata\Strata-Safetensors\src\core\verify.cpp(866): warning C4996: 'getenv': This function or variable may be unsafe. Consider using _dupenv_s instead. To disable deprecation, use _CRT_SECURE_NO_WARNINGS. See online help for details.
G:\Strata\Strata-Safetensors\src\core\verify.cpp(901): warning C4996: 'getenv': This function or variable may be unsafe. Consider using _dupenv_s instead. To disable deprecation, use _CRT_SECURE_NO_WARNINGS. See online help for details.
G:\Strata\Strata-Safetensors\src\core\verify.cpp(1107): warning C4996: 'getenv': This function or variable may be unsafe. Consider using _dupenv_s instead. To disable deprecation, use _CRT_SECURE_NO_WARNINGS. See online help for details.
G:\Strata\Strata-Safetensors\src\core\verify.cpp(1190): warning C4456: “st”的声明隐藏了上一个本地声明
G:\Strata\Strata-Safetensors\src\core\verify.cpp(1073): note: 参见“st”的声明
G:\Strata\Strata-Safetensors\src\core\verify.cpp(1319): warning C4996: 'getenv': This function or variable may be unsafe. Consider using _dupenv_s instead. To disable deprecation, use _CRT_SECURE_NO_WARNINGS. See online help for details.
G:\Strata\Strata-Safetensors\src\core\verify.cpp(1447): warning C4996: 'getenv': This function or variable may be unsafe. Consider using _dupenv_s instead. To disable deprecation, use _CRT_SECURE_NO_WARNINGS. See online help for details.
G:\Strata\Strata-Safetensors\src\core\verify.cpp(1766): warning C4996: 'getenv': This function or variable may be unsafe. Consider using _dupenv_s instead. To disable deprecation, use _CRT_SECURE_NO_WARNINGS. See online help for details.
G:\Strata\Strata-Safetensors\src\core\verify.cpp(1883): warning C4996: 'getenv': This function or variable may be unsafe. Consider using _dupenv_s instead. To disable deprecation, use _CRT_SECURE_NO_WARNINGS. See online help for details.
G:\Strata\Strata-Safetensors\src\core\verify.cpp(2136): warning C4996: 'fopen': This function or variable may be unsafe. Consider using fopen_s instead. To disable deprecation, use _CRT_SECURE_NO_WARNINGS. See online help for details.
G:\Strata\Strata-Safetensors\src\core\verify.cpp(2199): warning C4996: 'getenv': This function or variable may be unsafe. Consider using _dupenv_s instead. To disable deprecation, use _CRT_SECURE_NO_WARNINGS. See online help for details.
G:\Strata\Strata-Safetensors\src\core\verify.cpp(2348): warning C4996: 'getenv': This function or variable may be unsafe. Consider using _dupenv_s instead. To disable deprecation, use _CRT_SECURE_NO_WARNINGS. See online help for details.
G:\Strata\Strata-Safetensors\src\core\verify.cpp(2366): warning C4996: 'getenv': This function or variable may be unsafe. Consider using _dupenv_s instead. To disable deprecation, use _CRT_SECURE_NO_WARNINGS. See online help for details.
G:\Strata\Strata-Safetensors\src\core\verify.cpp(2547): warning C4996: 'getenv': This function or variable may be unsafe. Consider using _dupenv_s instead. To disable deprecation, use _CRT_SECURE_NO_WARNINGS. See online help for details.
[8/12] Linking CXX static library strata_engine.lib
[9/12] Building CXX object CMakeFiles\strata_prefill.dir\src\prefill\prefill.cpp.obj
G:\Strata\Strata-Safetensors\include\strata/kernels/cpu/expert.hpp(74): warning C4324: “strata::kernels::cpu::ActQ”: 由于对齐说明符，结构被填充
G:\Strata\Strata-Safetensors\include\strata/kernels/cpu/pool.hpp(267): warning C4324: “strata::kernels::cpu::ExpertPool”: 由于对齐说明符，结构被填充
G:\Strata\Strata-Safetensors\include\strata/kernels/cpu/pool.hpp(268): warning C4324: “strata::kernels::cpu::ExpertPool”: 由于对齐说明符，结构被填充
G:\Strata\Strata-Safetensors\include\strata/kernels/cpu/pool.hpp(269): warning C4324: “strata::kernels::cpu::ExpertPool”: 由于对齐说明符，结构被填充
G:\Strata\Strata-Safetensors\include\strata/kernels/cpu/pool.hpp(270): warning C4324: “strata::kernels::cpu::ExpertPool”: 由于对齐说明符，结构被填充
G:\Strata\Strata-Safetensors\include\strata/kernels/cpu/pool.hpp(271): warning C4324: “strata::kernels::cpu::ExpertPool”: 由于对齐说明符，结构被填充
G:\Strata\Strata-Safetensors\include\strata/kernels/cpu/pool.hpp(274): warning C4324: “strata::kernels::cpu::ExpertPool”: 由于对齐说明符，结构被填充
G:\Strata\Strata-Safetensors\include\strata/core/emulate.hpp(17): warning C4996: 'getenv': This function or variable may be unsafe. Consider using _dupenv_s instead. To disable deprecation, use _CRT_SECURE_NO_WARNINGS. See online help for details.
G:\Strata\Strata-Safetensors\src\prefill\prefill.cpp(117): warning C4996: 'getenv': This function or variable may be unsafe. Consider using _dupenv_s instead. To disable deprecation, use _CRT_SECURE_NO_WARNINGS. See online help for details.
G:\Strata\Strata-Safetensors\src\prefill\prefill.cpp(125): warning C4996: 'getenv': This function or variable may be unsafe. Consider using _dupenv_s instead. To disable deprecation, use _CRT_SECURE_NO_WARNINGS. See online help for details.
G:\Strata\Strata-Safetensors\src\prefill\prefill.cpp(133): warning C4996: 'getenv': This function or variable may be unsafe. Consider using _dupenv_s instead. To disable deprecation, use _CRT_SECURE_NO_WARNINGS. See online help for details.
G:\Strata\Strata-Safetensors\src\prefill\prefill.cpp(142): warning C4996: 'getenv': This function or variable may be unsafe. Consider using _dupenv_s instead. To disable deprecation, use _CRT_SECURE_NO_WARNINGS. See online help for details.
G:\Strata\Strata-Safetensors\src\prefill\prefill.cpp(150): warning C4996: 'getenv': This function or variable may be unsafe. Consider using _dupenv_s instead. To disable deprecation, use _CRT_SECURE_NO_WARNINGS. See online help for details.
G:\Strata\Strata-Safetensors\src\prefill\prefill.cpp(161): warning C4996: 'getenv': This function or variable may be unsafe. Consider using _dupenv_s instead. To disable deprecation, use _CRT_SECURE_NO_WARNINGS. See online help for details.
G:\Strata\Strata-Safetensors\src\prefill\prefill.cpp(170): warning C4996: 'getenv': This function or variable may be unsafe. Consider using _dupenv_s instead. To disable deprecation, use _CRT_SECURE_NO_WARNINGS. See online help for details.
G:\Strata\Strata-Safetensors\src\prefill\prefill.cpp(188): warning C4996: 'getenv': This function or variable may be unsafe. Consider using _dupenv_s instead. To disable deprecation, use _CRT_SECURE_NO_WARNINGS. See online help for details.
G:\Strata\Strata-Safetensors\src\prefill\prefill.cpp(215): warning C4996: 'getenv': This function or variable may be unsafe. Consider using _dupenv_s instead. To disable deprecation, use _CRT_SECURE_NO_WARNINGS. See online help for details.
G:\Strata\Strata-Safetensors\src\prefill\prefill.cpp(242): warning C4996: 'getenv': This function or variable may be unsafe. Consider using _dupenv_s instead. To disable deprecation, use _CRT_SECURE_NO_WARNINGS. See online help for details.
G:\Strata\Strata-Safetensors\src\prefill\prefill.cpp(245): warning C4996: 'getenv': This function or variable may be unsafe. Consider using _dupenv_s instead. To disable deprecation, use _CRT_SECURE_NO_WARNINGS. See online help for details.
G:\Strata\Strata-Safetensors\src\prefill\prefill.cpp(318): warning C4996: 'getenv': This function or variable may be unsafe. Consider using _dupenv_s instead. To disable deprecation, use _CRT_SECURE_NO_WARNINGS. See online help for details.
G:\Strata\Strata-Safetensors\src\prefill\prefill.cpp(322): warning C4996: 'getenv': This function or variable may be unsafe. Consider using _dupenv_s instead. To disable deprecation, use _CRT_SECURE_NO_WARNINGS. See online help for details.
G:\Strata\Strata-Safetensors\src\prefill\prefill.cpp(332): warning C4996: 'getenv': This function or variable may be unsafe. Consider using _dupenv_s instead. To disable deprecation, use _CRT_SECURE_NO_WARNINGS. See online help for details.
G:\Strata\Strata-Safetensors\src\prefill\prefill.cpp(365): warning C4996: 'getenv': This function or variable may be unsafe. Consider using _dupenv_s instead. To disable deprecation, use _CRT_SECURE_NO_WARNINGS. See online help for details.
G:\Strata\Strata-Safetensors\src\prefill\prefill.cpp(377): warning C4996: 'getenv': This function or variable may be unsafe. Consider using _dupenv_s instead. To disable deprecation, use _CRT_SECURE_NO_WARNINGS. See online help for details.
G:\Strata\Strata-Safetensors\src\prefill\prefill.cpp(381): warning C4996: 'getenv': This function or variable may be unsafe. Consider using _dupenv_s instead. To disable deprecation, use _CRT_SECURE_NO_WARNINGS. See online help for details.
G:\Strata\Strata-Safetensors\src\prefill\prefill.cpp(416): warning C4996: 'getenv': This function or variable may be unsafe. Consider using _dupenv_s instead. To disable deprecation, use _CRT_SECURE_NO_WARNINGS. See online help for details.
G:\Strata\Strata-Safetensors\src\prefill\prefill.cpp(424): warning C4996: 'getenv': This function or variable may be unsafe. Consider using _dupenv_s instead. To disable deprecation, use _CRT_SECURE_NO_WARNINGS. See online help for details.
G:\Strata\Strata-Safetensors\src\prefill\prefill.cpp(429): warning C4996: 'getenv': This function or variable may be unsafe. Consider using _dupenv_s instead. To disable deprecation, use _CRT_SECURE_NO_WARNINGS. See online help for details.
G:\Strata\Strata-Safetensors\src\prefill\prefill.cpp(437): warning C4996: 'getenv': This function or variable may be unsafe. Consider using _dupenv_s instead. To disable deprecation, use _CRT_SECURE_NO_WARNINGS. See online help for details.
G:\Strata\Strata-Safetensors\src\prefill\prefill.cpp(446): warning C4996: 'getenv': This function or variable may be unsafe. Consider using _dupenv_s instead. To disable deprecation, use _CRT_SECURE_NO_WARNINGS. See online help for details.
G:\Strata\Strata-Safetensors\src\prefill\prefill.cpp(523): warning C4996: 'getenv': This function or variable may be unsafe. Consider using _dupenv_s instead. To disable deprecation, use _CRT_SECURE_NO_WARNINGS. See online help for details.
G:\Strata\Strata-Safetensors\src\prefill\prefill.cpp(904): warning C4996: 'getenv': This function or variable may be unsafe. Consider using _dupenv_s instead. To disable deprecation, use _CRT_SECURE_NO_WARNINGS. See online help for details.
G:\Strata\Strata-Safetensors\src\prefill\prefill.cpp(1028): warning C4996: 'getenv': This function or variable may be unsafe. Consider using _dupenv_s instead. To disable deprecation, use _CRT_SECURE_NO_WARNINGS. See online help for details.
G:\Strata\Strata-Safetensors\src\prefill\prefill.cpp(1141): warning C4996: 'getenv': This function or variable may be unsafe. Consider using _dupenv_s instead. To disable deprecation, use _CRT_SECURE_NO_WARNINGS. See online help for details.
G:\Strata\Strata-Safetensors\src\prefill\prefill.cpp(1153): warning C4996: 'getenv': This function or variable may be unsafe. Consider using _dupenv_s instead. To disable deprecation, use _CRT_SECURE_NO_WARNINGS. See online help for details.
G:\Strata\Strata-Safetensors\src\prefill\prefill.cpp(1161): warning C4996: 'getenv': This function or variable may be unsafe. Consider using _dupenv_s instead. To disable deprecation, use _CRT_SECURE_NO_WARNINGS. See online help for details.
G:\Strata\Strata-Safetensors\src\prefill\prefill.cpp(1165): warning C4996: 'getenv': This function or variable may be unsafe. Consider using _dupenv_s instead. To disable deprecation, use _CRT_SECURE_NO_WARNINGS. See online help for details.
G:\Strata\Strata-Safetensors\src\prefill\prefill.cpp(1176): warning C4996: 'getenv': This function or variable may be unsafe. Consider using _dupenv_s instead. To disable deprecation, use _CRT_SECURE_NO_WARNINGS. See online help for details.
G:\Strata\Strata-Safetensors\src\prefill\prefill.cpp(1249): warning C4996: 'getenv': This function or variable may be unsafe. Consider using _dupenv_s instead. To disable deprecation, use _CRT_SECURE_NO_WARNINGS. See online help for details.
G:\Strata\Strata-Safetensors\src\prefill\prefill.cpp(1399): warning C4996: 'getenv': This function or variable may be unsafe. Consider using _dupenv_s instead. To disable deprecation, use _CRT_SECURE_NO_WARNINGS. See online help for details.
G:\Strata\Strata-Safetensors\src\prefill\prefill.cpp(1404): warning C4996: 'getenv': This function or variable may be unsafe. Consider using _dupenv_s instead. To disable deprecation, use _CRT_SECURE_NO_WARNINGS. See online help for details.
G:\Strata\Strata-Safetensors\src\prefill\prefill.cpp(1414): warning C4996: 'getenv': This function or variable may be unsafe. Consider using _dupenv_s instead. To disable deprecation, use _CRT_SECURE_NO_WARNINGS. See online help for details.
G:\Strata\Strata-Safetensors\src\prefill\prefill.cpp(1445): warning C4996: 'getenv': This function or variable may be unsafe. Consider using _dupenv_s instead. To disable deprecation, use _CRT_SECURE_NO_WARNINGS. See online help for details.
G:\Strata\Strata-Safetensors\src\prefill\prefill.cpp(1476): warning C4996: 'getenv': This function or variable may be unsafe. Consider using _dupenv_s instead. To disable deprecation, use _CRT_SECURE_NO_WARNINGS. See online help for details.
G:\Strata\Strata-Safetensors\src\prefill\prefill.cpp(1480): warning C4996: 'getenv': This function or variable may be unsafe. Consider using _dupenv_s instead. To disable deprecation, use _CRT_SECURE_NO_WARNINGS. See online help for details.
G:\Strata\Strata-Safetensors\src\prefill\prefill.cpp(1590): warning C4996: 'getenv': This function or variable may be unsafe. Consider using _dupenv_s instead. To disable deprecation, use _CRT_SECURE_NO_WARNINGS. See online help for details.
G:\Strata\Strata-Safetensors\src\prefill\prefill.cpp(1602): warning C4996: 'getenv': This function or variable may be unsafe. Consider using _dupenv_s instead. To disable deprecation, use _CRT_SECURE_NO_WARNINGS. See online help for details.
G:\Strata\Strata-Safetensors\src\prefill\prefill.cpp(1721): warning C4996: 'getenv': This function or variable may be unsafe. Consider using _dupenv_s instead. To disable deprecation, use _CRT_SECURE_NO_WARNINGS. See online help for details.
G:\Strata\Strata-Safetensors\src\prefill\prefill.cpp(1738): warning C4996: 'getenv': This function or variable may be unsafe. Consider using _dupenv_s instead. To disable deprecation, use _CRT_SECURE_NO_WARNINGS. See online help for details.
G:\Strata\Strata-Safetensors\src\prefill\prefill.cpp(1753): warning C4996: 'getenv': This function or variable may be unsafe. Consider using _dupenv_s instead. To disable deprecation, use _CRT_SECURE_NO_WARNINGS. See online help for details.
G:\Strata\Strata-Safetensors\src\prefill\prefill.cpp(1769): warning C4996: 'getenv': This function or variable may be unsafe. Consider using _dupenv_s instead. To disable deprecation, use _CRT_SECURE_NO_WARNINGS. See online help for details.
G:\Strata\Strata-Safetensors\src\prefill\prefill.cpp(1783): warning C4996: 'getenv': This function or variable may be unsafe. Consider using _dupenv_s instead. To disable deprecation, use _CRT_SECURE_NO_WARNINGS. See online help for details.
G:\Strata\Strata-Safetensors\src\prefill\prefill.cpp(1787): warning C4996: 'getenv': This function or variable may be unsafe. Consider using _dupenv_s instead. To disable deprecation, use _CRT_SECURE_NO_WARNINGS. See online help for details.
G:\Strata\Strata-Safetensors\src\prefill\prefill.cpp(1810): warning C4996: 'getenv': This function or variable may be unsafe. Consider using _dupenv_s instead. To disable deprecation, use _CRT_SECURE_NO_WARNINGS. See online help for details.
G:\Strata\Strata-Safetensors\src\prefill\prefill.cpp(1814): warning C4996: 'getenv': This function or variable may be unsafe. Consider using _dupenv_s instead. To disable deprecation, use _CRT_SECURE_NO_WARNINGS. See online help for details.
G:\Strata\Strata-Safetensors\src\prefill\prefill.cpp(1817): warning C4996: 'getenv': This function or variable may be unsafe. Consider using _dupenv_s instead. To disable deprecation, use _CRT_SECURE_NO_WARNINGS. See online help for details.
G:\Strata\Strata-Safetensors\src\prefill\prefill.cpp(2140): warning C4996: 'getenv': This function or variable may be unsafe. Consider using _dupenv_s instead. To disable deprecation, use _CRT_SECURE_NO_WARNINGS. See online help for details.
G:\Strata\Strata-Safetensors\src\prefill\prefill.cpp(2193): warning C4996: 'getenv': This function or variable may be unsafe. Consider using _dupenv_s instead. To disable deprecation, use _CRT_SECURE_NO_WARNINGS. See online help for details.
G:\Strata\Strata-Safetensors\src\prefill\prefill.cpp(2487): warning C4996: 'getenv': This function or variable may be unsafe. Consider using _dupenv_s instead. To disable deprecation, use _CRT_SECURE_NO_WARNINGS. See online help for details.
G:\Strata\Strata-Safetensors\src\prefill\prefill.cpp(2555): warning C4996: 'getenv': This function or variable may be unsafe. Consider using _dupenv_s instead. To disable deprecation, use _CRT_SECURE_NO_WARNINGS. See online help for details.
G:\Strata\Strata-Safetensors\src\prefill\prefill.cpp(2663): warning C4996: 'getenv': This function or variable may be unsafe. Consider using _dupenv_s instead. To disable deprecation, use _CRT_SECURE_NO_WARNINGS. See online help for details.
G:\Strata\Strata-Safetensors\src\prefill\prefill.cpp(2975): warning C4996: 'getenv': This function or variable may be unsafe. Consider using _dupenv_s instead. To disable deprecation, use _CRT_SECURE_NO_WARNINGS. See online help for details.
G:\Strata\Strata-Safetensors\src\prefill\prefill.cpp(2985): warning C4996: 'getenv': This function or variable may be unsafe. Consider using _dupenv_s instead. To disable deprecation, use _CRT_SECURE_NO_WARNINGS. See online help for details.
G:\Strata\Strata-Safetensors\src\prefill\prefill.cpp(2986): warning C4996: 'fopen': This function or variable may be unsafe. Consider using fopen_s instead. To disable deprecation, use _CRT_SECURE_NO_WARNINGS. See online help for details.
G:\Strata\Strata-Safetensors\src\prefill\prefill.cpp(3075): warning C4996: 'getenv': This function or variable may be unsafe. Consider using _dupenv_s instead. To disable deprecation, use _CRT_SECURE_NO_WARNINGS. See online help for details.
G:\Strata\Strata-Safetensors\src\prefill\prefill.cpp(3209): warning C4456: “g”的声明隐藏了上一个本地声明
G:\Strata\Strata-Safetensors\src\prefill\prefill.cpp(2128): note: 参见“g”的声明
G:\Strata\Strata-Safetensors\src\prefill\prefill.cpp(3223): warning C4456: “v”的声明隐藏了上一个本地声明
G:\Strata\Strata-Safetensors\src\prefill\prefill.cpp(2570): note: 参见“v”的声明
G:\Strata\Strata-Safetensors\src\prefill\prefill.cpp(3470): warning C4457: “n”的声明隐藏了函数参数
G:\Strata\Strata-Safetensors\src\prefill\prefill.cpp(2124): note: 参见“n”的声明
G:\Strata\Strata-Safetensors\src\prefill\prefill.cpp(3474): warning C4456: “g”的声明隐藏了上一个本地声明
G:\Strata\Strata-Safetensors\src\prefill\prefill.cpp(2128): note: 参见“g”的声明
G:\Strata\Strata-Safetensors\src\prefill\prefill.cpp(3528): warning C4457: “n”的声明隐藏了函数参数
G:\Strata\Strata-Safetensors\src\prefill\prefill.cpp(2124): note: 参见“n”的声明
G:\Strata\Strata-Safetensors\src\prefill\prefill.cpp(4050): warning C4244: “参数”: 从“const int64_t”转换到“int32_t”，可能丢失数据
G:\Strata\Strata-Safetensors\src\prefill\prefill.cpp(4091): warning C4996: 'getenv': This function or variable may be unsafe. Consider using _dupenv_s instead. To disable deprecation, use _CRT_SECURE_NO_WARNINGS. See online help for details.
G:\Strata\Strata-Safetensors\src\prefill\prefill.cpp(4158): warning C4996: 'getenv': This function or variable may be unsafe. Consider using _dupenv_s instead. To disable deprecation, use _CRT_SECURE_NO_WARNINGS. See online help for details.
G:\Strata\Strata-Safetensors\src\prefill\prefill.cpp(2217): warning C4996: 'getenv': This function or variable may be unsafe. Consider using _dupenv_s instead. To disable deprecation, use _CRT_SECURE_NO_WARNINGS. See online help for details.
G:\Strata\Strata-Safetensors\src\prefill\prefill.cpp(2223): warning C4996: 'getenv': This function or variable may be unsafe. Consider using _dupenv_s instead. To disable deprecation, use _CRT_SECURE_NO_WARNINGS. See online help for details.
G:\Strata\Strata-Safetensors\src\prefill\prefill.cpp(2815): warning C4996: 'getenv': This function or variable may be unsafe. Consider using _dupenv_s instead. To disable deprecation, use _CRT_SECURE_NO_WARNINGS. See online help for details.
G:\Strata\Strata-Safetensors\src\prefill\prefill.cpp(2837): warning C4996: 'getenv': This function or variable may be unsafe. Consider using _dupenv_s instead. To disable deprecation, use _CRT_SECURE_NO_WARNINGS. See online help for details.
G:\Strata\Strata-Safetensors\src\prefill\prefill.cpp(2848): warning C4996: 'getenv': This function or variable may be unsafe. Consider using _dupenv_s instead. To disable deprecation, use _CRT_SECURE_NO_WARNINGS. See online help for details.
G:\Strata\Strata-Safetensors\src\prefill\prefill.cpp(2870): warning C4996: 'getenv': This function or variable may be unsafe. Consider using _dupenv_s instead. To disable deprecation, use _CRT_SECURE_NO_WARNINGS. See online help for details.
G:\Strata\Strata-Safetensors\src\prefill\prefill.cpp(2916): warning C4996: 'getenv': This function or variable may be unsafe. Consider using _dupenv_s instead. To disable deprecation, use _CRT_SECURE_NO_WARNINGS. See online help for details.
G:\Strata\Strata-Safetensors\src\prefill\prefill.cpp(2917): warning C4996: 'getenv': This function or variable may be unsafe. Consider using _dupenv_s instead. To disable deprecation, use _CRT_SECURE_NO_WARNINGS. See online help for details.
G:\Strata\Strata-Safetensors\src\prefill\prefill.cpp(2918): warning C4996: 'getenv': This function or variable may be unsafe. Consider using _dupenv_s instead. To disable deprecation, use _CRT_SECURE_NO_WARNINGS. See online help for details.
G:\Strata\Strata-Safetensors\src\prefill\prefill.cpp(2923): warning C4996: 'fopen': This function or variable may be unsafe. Consider using fopen_s instead. To disable deprecation, use _CRT_SECURE_NO_WARNINGS. See online help for details.
G:\Strata\Strata-Safetensors\src\prefill\prefill.cpp(2938): warning C4996: 'getenv': This function or variable may be unsafe. Consider using _dupenv_s instead. To disable deprecation, use _CRT_SECURE_NO_WARNINGS. See online help for details.
G:\Strata\Strata-Safetensors\src\prefill\prefill.cpp(2969): warning C4996: 'getenv': This function or variable may be unsafe. Consider using _dupenv_s instead. To disable deprecation, use _CRT_SECURE_NO_WARNINGS. See online help for details.
G:\Strata\Strata-Safetensors\src\prefill\prefill.cpp(2970): warning C4996: 'getenv': This function or variable may be unsafe. Consider using _dupenv_s instead. To disable deprecation, use _CRT_SECURE_NO_WARNINGS. See online help for details.
G:\Strata\Strata-Safetensors\src\prefill\prefill.cpp(2972): warning C4996: 'fopen': This function or variable may be unsafe. Consider using fopen_s instead. To disable deprecation, use _CRT_SECURE_NO_WARNINGS. See online help for details.
G:\Strata\Strata-Safetensors\src\prefill\prefill.cpp(3229): warning C4996: 'getenv': This function or variable may be unsafe. Consider using _dupenv_s instead. To disable deprecation, use _CRT_SECURE_NO_WARNINGS. See online help for details.
G:\Strata\Strata-Safetensors\src\prefill\prefill.cpp(3358): warning C4996: 'getenv': This function or variable may be unsafe. Consider using _dupenv_s instead. To disable deprecation, use _CRT_SECURE_NO_WARNINGS. See online help for details.
G:\Strata\Strata-Safetensors\src\prefill\prefill.cpp(3359): warning C4996: 'getenv': This function or variable may be unsafe. Consider using _dupenv_s instead. To disable deprecation, use _CRT_SECURE_NO_WARNINGS. See online help for details.
G:\Strata\Strata-Safetensors\src\prefill\prefill.cpp(3360): warning C4996: 'getenv': This function or variable may be unsafe. Consider using _dupenv_s instead. To disable deprecation, use _CRT_SECURE_NO_WARNINGS. See online help for details.
G:\Strata\Strata-Safetensors\src\prefill\prefill.cpp(3372): warning C4996: 'fopen': This function or variable may be unsafe. Consider using fopen_s instead. To disable deprecation, use _CRT_SECURE_NO_WARNINGS. See online help for details.
G:\Strata\Strata-Safetensors\src\prefill\prefill.cpp(3381): warning C4996: 'getenv': This function or variable may be unsafe. Consider using _dupenv_s instead. To disable deprecation, use _CRT_SECURE_NO_WARNINGS. See online help for details.
G:\Strata\Strata-Safetensors\src\prefill\prefill.cpp(3386): warning C4996: 'fopen': This function or variable may be unsafe. Consider using fopen_s instead. To disable deprecation, use _CRT_SECURE_NO_WARNINGS. See online help for details.
G:\Strata\Strata-Safetensors\src\prefill\prefill.cpp(4094): warning C4996: 'getenv': This function or variable may be unsafe. Consider using _dupenv_s instead. To disable deprecation, use _CRT_SECURE_NO_WARNINGS. See online help for details.
G:\Strata\Strata-Safetensors\src\prefill\prefill.cpp(4113): warning C4996: 'getenv': This function or variable may be unsafe. Consider using _dupenv_s instead. To disable deprecation, use _CRT_SECURE_NO_WARNINGS. See online help for details.
G:\Strata\Strata-Safetensors\src\prefill\prefill.cpp(4235): warning C4996: 'getenv': This function or variable may be unsafe. Consider using _dupenv_s instead. To disable deprecation, use _CRT_SECURE_NO_WARNINGS. See online help for details.
G:\Strata\Strata-Safetensors\src\prefill\prefill.cpp(4237): warning C4996: 'fopen': This function or variable may be unsafe. Consider using fopen_s instead. To disable deprecation, use _CRT_SECURE_NO_WARNINGS. See online help for details.
G:\Strata\Strata-Safetensors\src\prefill\prefill.cpp(4248): warning C4996: 'getenv': This function or variable may be unsafe. Consider using _dupenv_s instead. To disable deprecation, use _CRT_SECURE_NO_WARNINGS. See online help for details.
G:\Strata\Strata-Safetensors\src\prefill\prefill.cpp(4252): warning C4996: 'fopen': This function or variable may be unsafe. Consider using fopen_s instead. To disable deprecation, use _CRT_SECURE_NO_WARNINGS. See online help for details.
G:\Strata\Strata-Safetensors\src\prefill\prefill.cpp(4281): warning C4996: 'getenv': This function or variable may be unsafe. Consider using _dupenv_s instead. To disable deprecation, use _CRT_SECURE_NO_WARNINGS. See online help for details.
G:\Strata\Strata-Safetensors\src\prefill\prefill.cpp(4295): warning C4996: 'getenv': This function or variable may be unsafe. Consider using _dupenv_s instead. To disable deprecation, use _CRT_SECURE_NO_WARNINGS. See online help for details.
G:\Strata\Strata-Safetensors\src\prefill\prefill.cpp(4331): warning C4996: 'getenv': This function or variable may be unsafe. Consider using _dupenv_s instead. To disable deprecation, use _CRT_SECURE_NO_WARNINGS. See online help for details.
G:\Strata\Strata-Safetensors\src\prefill\prefill.cpp(4366): warning C4996: 'getenv': This function or variable may be unsafe. Consider using _dupenv_s instead. To disable deprecation, use _CRT_SECURE_NO_WARNINGS. See online help for details.
[10/12] Linking CXX static library strata_prefill.lib
[11/12] Building CXX object CMakeFiles\strata.dir\src\program\generate.cpp.obj
G:\Strata\Strata-Safetensors\include\strata/platform/memory.hpp(58): warning C4996: 'sscanf': This function or variable may be unsafe. Consider using sscanf_s instead. To disable deprecation, use _CRT_SECURE_NO_WARNINGS. See online help for details.
G:\Strata\Strata-Safetensors\include\strata/core/dma_batch.hpp(32): warning C4996: 'getenv': This function or variable may be unsafe. Consider using _dupenv_s instead. To disable deprecation, use _CRT_SECURE_NO_WARNINGS. See online help for details.
G:\Strata\Strata-Safetensors\include\strata/kernels/cpu/expert.hpp(74): warning C4324: “strata::kernels::cpu::ActQ”: 由于对齐说明符，结构被填充
G:\Strata\Strata-Safetensors\include\strata/kernels/cpu/pool.hpp(267): warning C4324: “strata::kernels::cpu::ExpertPool”: 由于对齐说明符，结构被填充
G:\Strata\Strata-Safetensors\include\strata/kernels/cpu/pool.hpp(268): warning C4324: “strata::kernels::cpu::ExpertPool”: 由于对齐说明符，结构被填充
G:\Strata\Strata-Safetensors\include\strata/kernels/cpu/pool.hpp(269): warning C4324: “strata::kernels::cpu::ExpertPool”: 由于对齐说明符，结构被填充
G:\Strata\Strata-Safetensors\include\strata/kernels/cpu/pool.hpp(270): warning C4324: “strata::kernels::cpu::ExpertPool”: 由于对齐说明符，结构被填充
G:\Strata\Strata-Safetensors\include\strata/kernels/cpu/pool.hpp(271): warning C4324: “strata::kernels::cpu::ExpertPool”: 由于对齐说明符，结构被填充
G:\Strata\Strata-Safetensors\include\strata/kernels/cpu/pool.hpp(274): warning C4324: “strata::kernels::cpu::ExpertPool”: 由于对齐说明符，结构被填充
G:\Strata\Strata-Safetensors\include\strata/core/coupled_draft.hpp(59): warning C4996: 'getenv': This function or variable may be unsafe. Consider using _dupenv_s instead. To disable deprecation, use _CRT_SECURE_NO_WARNINGS. See online help for details.
G:\Strata\Strata-Safetensors\include\strata/core/coupled_draft.hpp(69): warning C4996: 'getenv': This function or variable may be unsafe. Consider using _dupenv_s instead. To disable deprecation, use _CRT_SECURE_NO_WARNINGS. See online help for details.
G:\Strata\Strata-Safetensors\include\strata/core/emulate.hpp(17): warning C4996: 'getenv': This function or variable may be unsafe. Consider using _dupenv_s instead. To disable deprecation, use _CRT_SECURE_NO_WARNINGS. See online help for details.
G:\Strata\Strata-Safetensors\src\program\generate.cpp(224): warning C4996: 'getenv': This function or variable may be unsafe. Consider using _dupenv_s instead. To disable deprecation, use _CRT_SECURE_NO_WARNINGS. See online help for details.
G:\Strata\Strata-Safetensors\src\program\generate.cpp(226): warning C4996: 'fopen': This function or variable may be unsafe. Consider using fopen_s instead. To disable deprecation, use _CRT_SECURE_NO_WARNINGS. See online help for details.
G:\Strata\Strata-Safetensors\src\program\generate.cpp(238): warning C4996: 'getenv': This function or variable may be unsafe. Consider using _dupenv_s instead. To disable deprecation, use _CRT_SECURE_NO_WARNINGS. See online help for details.
G:\Strata\Strata-Safetensors\src\program\generate.cpp(247): warning C4996: 'getenv': This function or variable may be unsafe. Consider using _dupenv_s instead. To disable deprecation, use _CRT_SECURE_NO_WARNINGS. See online help for details.
G:\Strata\Strata-Safetensors\src\program\generate.cpp(248): warning C4996: 'getenv': This function or variable may be unsafe. Consider using _dupenv_s instead. To disable deprecation, use _CRT_SECURE_NO_WARNINGS. See online help for details.
G:\Strata\Strata-Safetensors\src\program\generate.cpp(1217): warning C4996: 'getenv': This function or variable may be unsafe. Consider using _dupenv_s instead. To disable deprecation, use _CRT_SECURE_NO_WARNINGS. See online help for details.
G:\Strata\Strata-Safetensors\src\program\generate.cpp(1274): warning C4996: 'getenv': This function or variable may be unsafe. Consider using _dupenv_s instead. To disable deprecation, use _CRT_SECURE_NO_WARNINGS. See online help for details.
G:\Strata\Strata-Safetensors\src\program\generate.cpp(1287): warning C4996: 'getenv': This function or variable may be unsafe. Consider using _dupenv_s instead. To disable deprecation, use _CRT_SECURE_NO_WARNINGS. See online help for details.
G:\Strata\Strata-Safetensors\src\program\generate.cpp(1288): warning C4996: 'getenv': This function or variable may be unsafe. Consider using _dupenv_s instead. To disable deprecation, use _CRT_SECURE_NO_WARNINGS. See online help for details.
G:\Strata\Strata-Safetensors\src\program\generate.cpp(1300): warning C4996: 'getenv': This function or variable may be unsafe. Consider using _dupenv_s instead. To disable deprecation, use _CRT_SECURE_NO_WARNINGS. See online help for details.
G:\Strata\Strata-Safetensors\src\program\generate.cpp(1310): warning C4996: 'getenv': This function or variable may be unsafe. Consider using _dupenv_s instead. To disable deprecation, use _CRT_SECURE_NO_WARNINGS. See online help for details.
G:\Strata\Strata-Safetensors\src\program\generate.cpp(1316): warning C4996: 'getenv': This function or variable may be unsafe. Consider using _dupenv_s instead. To disable deprecation, use _CRT_SECURE_NO_WARNINGS. See online help for details.
G:\Strata\Strata-Safetensors\src\program\generate.cpp(1427): warning C4996: 'getenv': This function or variable may be unsafe. Consider using _dupenv_s instead. To disable deprecation, use _CRT_SECURE_NO_WARNINGS. See online help for details.
G:\Strata\Strata-Safetensors\src\program\generate.cpp(2107): warning C4996: 'getenv': This function or variable may be unsafe. Consider using _dupenv_s instead. To disable deprecation, use _CRT_SECURE_NO_WARNINGS. See online help for details.
G:\Strata\Strata-Safetensors\src\program\generate.cpp(2736): warning C4996: 'getenv': This function or variable may be unsafe. Consider using _dupenv_s instead. To disable deprecation, use _CRT_SECURE_NO_WARNINGS. See online help for details.
G:\Strata\Strata-Safetensors\src\program\generate.cpp(2898): warning C4996: 'getenv': This function or variable may be unsafe. Consider using _dupenv_s instead. To disable deprecation, use _CRT_SECURE_NO_WARNINGS. See online help for details.
G:\Strata\Strata-Safetensors\src\program\generate.cpp(2918): warning C4996: 'fopen': This function or variable may be unsafe. Consider using fopen_s instead. To disable deprecation, use _CRT_SECURE_NO_WARNINGS. See online help for details.
G:\Strata\Strata-Safetensors\src\program\generate.cpp(2922): warning C4996: 'sscanf': This function or variable may be unsafe. Consider using sscanf_s instead. To disable deprecation, use _CRT_SECURE_NO_WARNINGS. See online help for details.
G:\Strata\Strata-Safetensors\src\program\generate.cpp(3677): warning C4996: 'getenv': This function or variable may be unsafe. Consider using _dupenv_s instead. To disable deprecation, use _CRT_SECURE_NO_WARNINGS. See online help for details.
G:\Strata\Strata-Safetensors\src\program\generate.cpp(3778): warning C4996: 'getenv': This function or variable may be unsafe. Consider using _dupenv_s instead. To disable deprecation, use _CRT_SECURE_NO_WARNINGS. See online help for details.
G:\Strata\Strata-Safetensors\src\program\generate.cpp(3921): warning C4996: 'getenv': This function or variable may be unsafe. Consider using _dupenv_s instead. To disable deprecation, use _CRT_SECURE_NO_WARNINGS. See online help for details.
G:\Strata\Strata-Safetensors\src\program\generate.cpp(4692): warning C4996: 'getenv': This function or variable may be unsafe. Consider using _dupenv_s instead. To disable deprecation, use _CRT_SECURE_NO_WARNINGS. See online help for details.
G:\Strata\Strata-Safetensors\src\program\generate.cpp(5240): warning C4996: 'getenv': This function or variable may be unsafe. Consider using _dupenv_s instead. To disable deprecation, use _CRT_SECURE_NO_WARNINGS. See online help for details.
G:\Strata\Strata-Safetensors\src\program\generate.cpp(5246): warning C4996: 'getenv': This function or variable may be unsafe. Consider using _dupenv_s instead. To disable deprecation, use _CRT_SECURE_NO_WARNINGS. See online help for details.
G:\Strata\Strata-Safetensors\src\program\generate.cpp(5398): warning C4996: 'getenv': This function or variable may be unsafe. Consider using _dupenv_s instead. To disable deprecation, use _CRT_SECURE_NO_WARNINGS. See online help for details.
G:\Strata\Strata-Safetensors\src\program\generate.cpp(5420): warning C4996: 'getenv': This function or variable may be unsafe. Consider using _dupenv_s instead. To disable deprecation, use _CRT_SECURE_NO_WARNINGS. See online help for details.
G:\Strata\Strata-Safetensors\src\program\generate.cpp(5421): warning C4996: 'getenv': This function or variable may be unsafe. Consider using _dupenv_s instead. To disable deprecation, use _CRT_SECURE_NO_WARNINGS. See online help for details.
G:\Strata\Strata-Safetensors\src\program\generate.cpp(5423): warning C4996: 'getenv': This function or variable may be unsafe. Consider using _dupenv_s instead. To disable deprecation, use _CRT_SECURE_NO_WARNINGS. See online help for details.
G:\Strata\Strata-Safetensors\src\program\generate.cpp(5705): warning C4244: “=”: 从“const int64_t”转换到“int32_t”，可能丢失数据
G:\Strata\Strata-Safetensors\src\program\generate.cpp(6189): warning C4996: 'getenv': This function or variable may be unsafe. Consider using _dupenv_s instead. To disable deprecation, use _CRT_SECURE_NO_WARNINGS. See online help for details.
G:\Strata\Strata-Safetensors\src\program\generate.cpp(6210): warning C4996: 'getenv': This function or variable may be unsafe. Consider using _dupenv_s instead. To disable deprecation, use _CRT_SECURE_NO_WARNINGS. See online help for details.
G:\Strata\Strata-Safetensors\src\program\generate.cpp(6318): warning C4996: 'getenv': This function or variable may be unsafe. Consider using _dupenv_s instead. To disable deprecation, use _CRT_SECURE_NO_WARNINGS. See online help for details.
G:\Strata\Strata-Safetensors\src\program\generate.cpp(6374): warning C4996: 'getenv': This function or variable may be unsafe. Consider using _dupenv_s instead. To disable deprecation, use _CRT_SECURE_NO_WARNINGS. See online help for details.
G:\Strata\Strata-Safetensors\src\program\generate.cpp(6376): warning C4996: 'getenv': This function or variable may be unsafe. Consider using _dupenv_s instead. To disable deprecation, use _CRT_SECURE_NO_WARNINGS. See online help for details.
G:\Strata\Strata-Safetensors\src\program\generate.cpp(6426): warning C4456: “r”的声明隐藏了上一个本地声明
G:\Strata\Strata-Safetensors\src\program\generate.cpp(6398): note: 参见“r”的声明
G:\Strata\Strata-Safetensors\src\program\generate.cpp(6449): warning C4996: 'getenv': This function or variable may be unsafe. Consider using _dupenv_s instead. To disable deprecation, use _CRT_SECURE_NO_WARNINGS. See online help for details.
G:\Strata\Strata-Safetensors\src\program\generate.cpp(6593): warning C4996: 'getenv': This function or variable may be unsafe. Consider using _dupenv_s instead. To disable deprecation, use _CRT_SECURE_NO_WARNINGS. See online help for details.
G:\Strata\Strata-Safetensors\src\program\generate.cpp(6737): warning C4456: “sp”的声明隐藏了上一个本地声明
G:\Strata\Strata-Safetensors\src\program\generate.cpp(5664): note: 参见“sp”的声明
G:\Strata\Strata-Safetensors\src\program\generate.cpp(6958): warning C4996: 'getenv': This function or variable may be unsafe. Consider using _dupenv_s instead. To disable deprecation, use _CRT_SECURE_NO_WARNINGS. See online help for details.
G:\Strata\Strata-Safetensors\src\program\generate.cpp(7568): warning C4996: 'getenv': This function or variable may be unsafe. Consider using _dupenv_s instead. To disable deprecation, use _CRT_SECURE_NO_WARNINGS. See online help for details.
G:\Strata\Strata-Safetensors\src\program\generate.cpp(7595): warning C4996: 'getenv': This function or variable may be unsafe. Consider using _dupenv_s instead. To disable deprecation, use _CRT_SECURE_NO_WARNINGS. See online help for details.
G:\Strata\Strata-Safetensors\src\program\generate.cpp(7602): warning C4996: 'getenv': This function or variable may be unsafe. Consider using _dupenv_s instead. To disable deprecation, use _CRT_SECURE_NO_WARNINGS. See online help for details.
G:\Strata\Strata-Safetensors\src\program\generate.cpp(7605): warning C4996: 'getenv': This function or variable may be unsafe. Consider using _dupenv_s instead. To disable deprecation, use _CRT_SECURE_NO_WARNINGS. See online help for details.
G:\Strata\Strata-Safetensors\src\program\generate.cpp(7608): warning C4996: 'getenv': This function or variable may be unsafe. Consider using _dupenv_s instead. To disable deprecation, use _CRT_SECURE_NO_WARNINGS. See online help for details.
G:\Strata\Strata-Safetensors\src\program\generate.cpp(7874): warning C4996: 'getenv': This function or variable may be unsafe. Consider using _dupenv_s instead. To disable deprecation, use _CRT_SECURE_NO_WARNINGS. See online help for details.
G:\Strata\Strata-Safetensors\src\program\generate.cpp(7913): warning C4996: 'getenv': This function or variable may be unsafe. Consider using _dupenv_s instead. To disable deprecation, use _CRT_SECURE_NO_WARNINGS. See online help for details.
G:\Strata\Strata-Safetensors\src\program\generate.cpp(8156): warning C4996: 'getenv': This function or variable may be unsafe. Consider using _dupenv_s instead. To disable deprecation, use _CRT_SECURE_NO_WARNINGS. See online help for details.
G:\Strata\Strata-Safetensors\src\program\generate.cpp(8165): warning C4996: 'getenv': This function or variable may be unsafe. Consider using _dupenv_s instead. To disable deprecation, use _CRT_SECURE_NO_WARNINGS. See online help for details.
G:\Strata\Strata-Safetensors\src\program\generate.cpp(9623): warning C4189: “w”: 局部变量已初始化但不引用
G:\Strata\Strata-Safetensors\src\program\generate.cpp(9822): warning C4456: “wo”的声明隐藏了上一个本地声明
G:\Strata\Strata-Safetensors\src\program\generate.cpp(4426): note: 参见“wo”的声明
G:\Strata\Strata-Safetensors\src\program\generate.cpp(9957): warning C4456: “tok”的声明隐藏了上一个本地声明
G:\Strata\Strata-Safetensors\src\program\generate.cpp(5744): note: 参见“tok”的声明
G:\Strata\Strata-Safetensors\src\program\generate.cpp(10018): warning C4456: “hdr”的声明隐藏了上一个本地声明
G:\Strata\Strata-Safetensors\src\program\generate.cpp(5684): note: 参见“hdr”的声明
G:\Strata\Strata-Safetensors\src\program\generate.cpp(10332): warning C4996: 'getenv': This function or variable may be unsafe. Consider using _dupenv_s instead. To disable deprecation, use _CRT_SECURE_NO_WARNINGS. See online help for details.
G:\Strata\Strata-Safetensors\src\program\generate.cpp(10571): warning C4996: 'getenv': This function or variable may be unsafe. Consider using _dupenv_s instead. To disable deprecation, use _CRT_SECURE_NO_WARNINGS. See online help for details.
G:\Strata\Strata-Safetensors\src\program\generate.cpp(10572): warning C4996: 'fopen': This function or variable may be unsafe. Consider using fopen_s instead. To disable deprecation, use _CRT_SECURE_NO_WARNINGS. See online help for details.
G:\Strata\Strata-Safetensors\src\program\generate.cpp(10575): warning C4996: 'getenv': This function or variable may be unsafe. Consider using _dupenv_s instead. To disable deprecation, use _CRT_SECURE_NO_WARNINGS. See online help for details.
G:\Strata\Strata-Safetensors\src\program\generate.cpp(10543): warning C4996: 'getenv': This function or variable may be unsafe. Consider using _dupenv_s instead. To disable deprecation, use _CRT_SECURE_NO_WARNINGS. See online help for details.
G:\Strata\Strata-Safetensors\src\program\generate.cpp(10715): warning C4996: 'getenv': This function or variable may be unsafe. Consider using _dupenv_s instead. To disable deprecation, use _CRT_SECURE_NO_WARNINGS. See online help for details.
G:\Strata\Strata-Safetensors\src\program\generate.cpp(10868): warning C4996: 'getenv': This function or variable may be unsafe. Consider using _dupenv_s instead. To disable deprecation, use _CRT_SECURE_NO_WARNINGS. See online help for details.
G:\Strata\Strata-Safetensors\src\program\generate.cpp(10975): warning C4456: “sbuf”的声明隐藏了上一个本地声明
G:\Strata\Strata-Safetensors\src\program\generate.cpp(3186): note: 参见“sbuf”的声明
G:\Strata\Strata-Safetensors\src\program\generate.cpp(11752): warning C4996: 'getenv': This function or variable may be unsafe. Consider using _dupenv_s instead. To disable deprecation, use _CRT_SECURE_NO_WARNINGS. See online help for details.
G:\Strata\Strata-Safetensors\src\program\generate.cpp(11962): warning C4456: “pool”的声明隐藏了上一个本地声明
G:\Strata\Strata-Safetensors\src\program\generate.cpp(4597): note: 参见“pool”的声明
G:\Strata\Strata-Safetensors\src\program\generate.cpp(11971): warning C4456: “pool”的声明隐藏了上一个本地声明
G:\Strata\Strata-Safetensors\src\program\generate.cpp(4597): note: 参见“pool”的声明
G:\Strata\Strata-Safetensors\src\program\generate.cpp(12721): warning C4996: 'getenv': This function or variable may be unsafe. Consider using _dupenv_s instead. To disable deprecation, use _CRT_SECURE_NO_WARNINGS. See online help for details.
G:\Strata\Strata-Safetensors\src\program\generate.cpp(12756): warning C4996: 'getenv': This function or variable may be unsafe. Consider using _dupenv_s instead. To disable deprecation, use _CRT_SECURE_NO_WARNINGS. See online help for details.
G:\Strata\Strata-Safetensors\src\program\generate.cpp(12879): warning C4456: “sbuf”的声明隐藏了上一个本地声明
G:\Strata\Strata-Safetensors\src\program\generate.cpp(3186): note: 参见“sbuf”的声明
G:\Strata\Strata-Safetensors\src\program\generate.cpp(13280): warning C4456: “hdr”的声明隐藏了上一个本地声明
G:\Strata\Strata-Safetensors\src\program\generate.cpp(5684): note: 参见“hdr”的声明
G:\Strata\Strata-Safetensors\src\program\generate.cpp(1691): warning C4996: 'getenv': This function or variable may be unsafe. Consider using _dupenv_s instead. To disable deprecation, use _CRT_SECURE_NO_WARNINGS. See online help for details.
G:\Strata\Strata-Safetensors\src\program\generate.cpp(1713): warning C4996: 'getenv': This function or variable may be unsafe. Consider using _dupenv_s instead. To disable deprecation, use _CRT_SECURE_NO_WARNINGS. See online help for details.
G:\Strata\Strata-Safetensors\src\program\generate.cpp(1880): warning C4996: 'getenv': This function or variable may be unsafe. Consider using _dupenv_s instead. To disable deprecation, use _CRT_SECURE_NO_WARNINGS. See online help for details.
G:\Strata\Strata-Safetensors\src\program\generate.cpp(2034): warning C4996: 'getenv': This function or variable may be unsafe. Consider using _dupenv_s instead. To disable deprecation, use _CRT_SECURE_NO_WARNINGS. See online help for details.
G:\Strata\Strata-Safetensors\src\program\generate.cpp(2036): warning C4996: 'getenv': This function or variable may be unsafe. Consider using _dupenv_s instead. To disable deprecation, use _CRT_SECURE_NO_WARNINGS. See online help for details.
G:\Strata\Strata-Safetensors\src\program\generate.cpp(2053): warning C4996: 'getenv': This function or variable may be unsafe. Consider using _dupenv_s instead. To disable deprecation, use _CRT_SECURE_NO_WARNINGS. See online help for details.
G:\Strata\Strata-Safetensors\src\program\generate.cpp(2055): warning C4996: 'getenv': This function or variable may be unsafe. Consider using _dupenv_s instead. To disable deprecation, use _CRT_SECURE_NO_WARNINGS. See online help for details.
G:\Strata\Strata-Safetensors\src\program\generate.cpp(2088): warning C4996: 'getenv': This function or variable may be unsafe. Consider using _dupenv_s instead. To disable deprecation, use _CRT_SECURE_NO_WARNINGS. See online help for details.
G:\Strata\Strata-Safetensors\src\program\generate.cpp(2123): warning C4996: 'getenv': This function or variable may be unsafe. Consider using _dupenv_s instead. To disable deprecation, use _CRT_SECURE_NO_WARNINGS. See online help for details.
G:\Strata\Strata-Safetensors\src\program\generate.cpp(2151): warning C4996: 'getenv': This function or variable may be unsafe. Consider using _dupenv_s instead. To disable deprecation, use _CRT_SECURE_NO_WARNINGS. See online help for details.
G:\Strata\Strata-Safetensors\src\program\generate.cpp(2243): warning C4996: 'getenv': This function or variable may be unsafe. Consider using _dupenv_s instead. To disable deprecation, use _CRT_SECURE_NO_WARNINGS. See online help for details.
G:\Strata\Strata-Safetensors\src\program\generate.cpp(2328): warning C4996: 'getenv': This function or variable may be unsafe. Consider using _dupenv_s instead. To disable deprecation, use _CRT_SECURE_NO_WARNINGS. See online help for details.
G:\Strata\Strata-Safetensors\src\program\generate.cpp(2429): warning C4996: 'getenv': This function or variable may be unsafe. Consider using _dupenv_s instead. To disable deprecation, use _CRT_SECURE_NO_WARNINGS. See online help for details.
G:\Strata\Strata-Safetensors\src\program\generate.cpp(2694): warning C4996: 'getenv': This function or variable may be unsafe. Consider using _dupenv_s instead. To disable deprecation, use _CRT_SECURE_NO_WARNINGS. See online help for details.
G:\Strata\Strata-Safetensors\src\program\generate.cpp(2745): warning C4996: 'getenv': This function or variable may be unsafe. Consider using _dupenv_s instead. To disable deprecation, use _CRT_SECURE_NO_WARNINGS. See online help for details.
G:\Strata\Strata-Safetensors\src\program\generate.cpp(3091): warning C4996: 'getenv': This function or variable may be unsafe. Consider using _dupenv_s instead. To disable deprecation, use _CRT_SECURE_NO_WARNINGS. See online help for details.
G:\Strata\Strata-Safetensors\src\program\generate.cpp(3115): warning C4996: 'getenv': This function or variable may be unsafe. Consider using _dupenv_s instead. To disable deprecation, use _CRT_SECURE_NO_WARNINGS. See online help for details.
G:\Strata\Strata-Safetensors\src\program\generate.cpp(3212): warning C4996: 'fopen': This function or variable may be unsafe. Consider using fopen_s instead. To disable deprecation, use _CRT_SECURE_NO_WARNINGS. See online help for details.
G:\Strata\Strata-Safetensors\src\program\generate.cpp(3255): warning C4996: 'getenv': This function or variable may be unsafe. Consider using _dupenv_s instead. To disable deprecation, use _CRT_SECURE_NO_WARNINGS. See online help for details.
G:\Strata\Strata-Safetensors\src\program\generate.cpp(3256): warning C4996: 'getenv': This function or variable may be unsafe. Consider using _dupenv_s instead. To disable deprecation, use _CRT_SECURE_NO_WARNINGS. See online help for details.
G:\Strata\Strata-Safetensors\src\program\generate.cpp(3552): warning C4996: 'getenv': This function or variable may be unsafe. Consider using _dupenv_s instead. To disable deprecation, use _CRT_SECURE_NO_WARNINGS. See online help for details.
G:\Strata\Strata-Safetensors\src\program\generate.cpp(3554): warning C4996: 'getenv': This function or variable may be unsafe. Consider using _dupenv_s instead. To disable deprecation, use _CRT_SECURE_NO_WARNINGS. See online help for details.
G:\Strata\Strata-Safetensors\src\program\generate.cpp(3730): warning C4996: 'getenv': This function or variable may be unsafe. Consider using _dupenv_s instead. To disable deprecation, use _CRT_SECURE_NO_WARNINGS. See online help for details.
G:\Strata\Strata-Safetensors\src\program\generate.cpp(3756): warning C4996: 'getenv': This function or variable may be unsafe. Consider using _dupenv_s instead. To disable deprecation, use _CRT_SECURE_NO_WARNINGS. See online help for details.
G:\Strata\Strata-Safetensors\src\program\generate.cpp(3762): warning C4996: 'getenv': This function or variable may be unsafe. Consider using _dupenv_s instead. To disable deprecation, use _CRT_SECURE_NO_WARNINGS. See online help for details.
G:\Strata\Strata-Safetensors\src\program\generate.cpp(4195): warning C4996: 'getenv': This function or variable may be unsafe. Consider using _dupenv_s instead. To disable deprecation, use _CRT_SECURE_NO_WARNINGS. See online help for details.
G:\Strata\Strata-Safetensors\src\program\generate.cpp(4203): warning C4996: 'getenv': This function or variable may be unsafe. Consider using _dupenv_s instead. To disable deprecation, use _CRT_SECURE_NO_WARNINGS. See online help for details.
G:\Strata\Strata-Safetensors\src\program\generate.cpp(4217): warning C4996: 'getenv': This function or variable may be unsafe. Consider using _dupenv_s instead. To disable deprecation, use _CRT_SECURE_NO_WARNINGS. See online help for details.
G:\Strata\Strata-Safetensors\src\program\generate.cpp(4283): warning C4996: 'getenv': This function or variable may be unsafe. Consider using _dupenv_s instead. To disable deprecation, use _CRT_SECURE_NO_WARNINGS. See online help for details.
G:\Strata\Strata-Safetensors\src\program\generate.cpp(4494): warning C4996: 'getenv': This function or variable may be unsafe. Consider using _dupenv_s instead. To disable deprecation, use _CRT_SECURE_NO_WARNINGS. See online help for details.
G:\Strata\Strata-Safetensors\src\program\generate.cpp(4513): warning C4996: 'getenv': This function or variable may be unsafe. Consider using _dupenv_s instead. To disable deprecation, use _CRT_SECURE_NO_WARNINGS. See online help for details.
G:\Strata\Strata-Safetensors\src\program\generate.cpp(4531): warning C4996: 'getenv': This function or variable may be unsafe. Consider using _dupenv_s instead. To disable deprecation, use _CRT_SECURE_NO_WARNINGS. See online help for details.
G:\Strata\Strata-Safetensors\src\program\generate.cpp(4532): warning C4996: 'getenv': This function or variable may be unsafe. Consider using _dupenv_s instead. To disable deprecation, use _CRT_SECURE_NO_WARNINGS. See online help for details.
G:\Strata\Strata-Safetensors\src\program\generate.cpp(4542): warning C4996: 'getenv': This function or variable may be unsafe. Consider using _dupenv_s instead. To disable deprecation, use _CRT_SECURE_NO_WARNINGS. See online help for details.
G:\Strata\Strata-Safetensors\src\program\generate.cpp(4558): warning C4996: 'getenv': This function or variable may be unsafe. Consider using _dupenv_s instead. To disable deprecation, use _CRT_SECURE_NO_WARNINGS. See online help for details.
G:\Strata\Strata-Safetensors\src\program\generate.cpp(4627): warning C4996: 'getenv': This function or variable may be unsafe. Consider using _dupenv_s instead. To disable deprecation, use _CRT_SECURE_NO_WARNINGS. See online help for details.
G:\Strata\Strata-Safetensors\src\program\generate.cpp(4949): warning C4996: 'getenv': This function or variable may be unsafe. Consider using _dupenv_s instead. To disable deprecation, use _CRT_SECURE_NO_WARNINGS. See online help for details.
G:\Strata\Strata-Safetensors\src\program\generate.cpp(5043): warning C4996: 'getenv': This function or variable may be unsafe. Consider using _dupenv_s instead. To disable deprecation, use _CRT_SECURE_NO_WARNINGS. See online help for details.
G:\Strata\Strata-Safetensors\src\program\generate.cpp(5044): warning C4996: 'getenv': This function or variable may be unsafe. Consider using _dupenv_s instead. To disable deprecation, use _CRT_SECURE_NO_WARNINGS. See online help for details.
G:\Strata\Strata-Safetensors\src\program\generate.cpp(5045): warning C4996: 'getenv': This function or variable may be unsafe. Consider using _dupenv_s instead. To disable deprecation, use _CRT_SECURE_NO_WARNINGS. See online help for details.
G:\Strata\Strata-Safetensors\src\program\generate.cpp(5084): warning C4996: 'getenv': This function or variable may be unsafe. Consider using _dupenv_s instead. To disable deprecation, use _CRT_SECURE_NO_WARNINGS. See online help for details.
G:\Strata\Strata-Safetensors\src\program\generate.cpp(5129): warning C4996: 'getenv': This function or variable may be unsafe. Consider using _dupenv_s instead. To disable deprecation, use _CRT_SECURE_NO_WARNINGS. See online help for details.
G:\Strata\Strata-Safetensors\src\program\generate.cpp(5434): warning C4996: 'getenv': This function or variable may be unsafe. Consider using _dupenv_s instead. To disable deprecation, use _CRT_SECURE_NO_WARNINGS. See online help for details.
G:\Strata\Strata-Safetensors\src\program\generate.cpp(5437): warning C4996: 'getenv': This function or variable may be unsafe. Consider using _dupenv_s instead. To disable deprecation, use _CRT_SECURE_NO_WARNINGS. See online help for details.
G:\Strata\Strata-Safetensors\src\program\generate.cpp(5542): warning C4996: 'fopen': This function or variable may be unsafe. Consider using fopen_s instead. To disable deprecation, use _CRT_SECURE_NO_WARNINGS. See online help for details.
G:\Strata\Strata-Safetensors\src\program\generate.cpp(5692): warning C4996: 'fopen': This function or variable may be unsafe. Consider using fopen_s instead. To disable deprecation, use _CRT_SECURE_NO_WARNINGS. See online help for details.
G:\Strata\Strata-Safetensors\src\program\generate.cpp(5716): warning C4996: 'fopen': This function or variable may be unsafe. Consider using fopen_s instead. To disable deprecation, use _CRT_SECURE_NO_WARNINGS. See online help for details.
G:\Strata\Strata-Safetensors\src\program\generate.cpp(6050): warning C4996: 'getenv': This function or variable may be unsafe. Consider using _dupenv_s instead. To disable deprecation, use _CRT_SECURE_NO_WARNINGS. See online help for details.
G:\Strata\Strata-Safetensors\src\program\generate.cpp(6717): warning C4996: 'getenv': This function or variable may be unsafe. Consider using _dupenv_s instead. To disable deprecation, use _CRT_SECURE_NO_WARNINGS. See online help for details.
G:\Strata\Strata-Safetensors\src\program\generate.cpp(6796): warning C4996: 'getenv': This function or variable may be unsafe. Consider using _dupenv_s instead. To disable deprecation, use _CRT_SECURE_NO_WARNINGS. See online help for details.
G:\Strata\Strata-Safetensors\src\program\generate.cpp(7131): warning C4996: 'getenv': This function or variable may be unsafe. Consider using _dupenv_s instead. To disable deprecation, use _CRT_SECURE_NO_WARNINGS. See online help for details.
G:\Strata\Strata-Safetensors\src\program\generate.cpp(7164): warning C4996: 'getenv': This function or variable may be unsafe. Consider using _dupenv_s instead. To disable deprecation, use _CRT_SECURE_NO_WARNINGS. See online help for details.
G:\Strata\Strata-Safetensors\src\program\generate.cpp(7166): warning C4996: 'getenv': This function or variable may be unsafe. Consider using _dupenv_s instead. To disable deprecation, use _CRT_SECURE_NO_WARNINGS. See online help for details.
G:\Strata\Strata-Safetensors\src\program\generate.cpp(7983): warning C4996: 'getenv': This function or variable may be unsafe. Consider using _dupenv_s instead. To disable deprecation, use _CRT_SECURE_NO_WARNINGS. See online help for details.
G:\Strata\Strata-Safetensors\src\program\generate.cpp(7984): warning C4996: 'getenv': This function or variable may be unsafe. Consider using _dupenv_s instead. To disable deprecation, use _CRT_SECURE_NO_WARNINGS. See online help for details.
G:\Strata\Strata-Safetensors\src\program\generate.cpp(8072): warning C4996: 'getenv': This function or variable may be unsafe. Consider using _dupenv_s instead. To disable deprecation, use _CRT_SECURE_NO_WARNINGS. See online help for details.
G:\Strata\Strata-Safetensors\src\program\generate.cpp(8843): warning C4996: 'getenv': This function or variable may be unsafe. Consider using _dupenv_s instead. To disable deprecation, use _CRT_SECURE_NO_WARNINGS. See online help for details.
G:\Strata\Strata-Safetensors\src\program\generate.cpp(8855): warning C4996: 'getenv': This function or variable may be unsafe. Consider using _dupenv_s instead. To disable deprecation, use _CRT_SECURE_NO_WARNINGS. See online help for details.
G:\Strata\Strata-Safetensors\src\program\generate.cpp(8986): warning C4996: 'getenv': This function or variable may be unsafe. Consider using _dupenv_s instead. To disable deprecation, use _CRT_SECURE_NO_WARNINGS. See online help for details.
G:\Strata\Strata-Safetensors\src\program\generate.cpp(8990): warning C4996: 'getenv': This function or variable may be unsafe. Consider using _dupenv_s instead. To disable deprecation, use _CRT_SECURE_NO_WARNINGS. See online help for details.
G:\Strata\Strata-Safetensors\src\program\generate.cpp(10015): warning C4996: 'fopen': This function or variable may be unsafe. Consider using fopen_s instead. To disable deprecation, use _CRT_SECURE_NO_WARNINGS. See online help for details.
G:\Strata\Strata-Safetensors\src\program\generate.cpp(10277): warning C4996: 'getenv': This function or variable may be unsafe. Consider using _dupenv_s instead. To disable deprecation, use _CRT_SECURE_NO_WARNINGS. See online help for details.
G:\Strata\Strata-Safetensors\src\program\generate.cpp(10304): warning C4996: 'getenv': This function or variable may be unsafe. Consider using _dupenv_s instead. To disable deprecation, use _CRT_SECURE_NO_WARNINGS. See online help for details.
G:\Strata\Strata-Safetensors\src\program\generate.cpp(10360): warning C4996: 'getenv': This function or variable may be unsafe. Consider using _dupenv_s instead. To disable deprecation, use _CRT_SECURE_NO_WARNINGS. See online help for details.
G:\Strata\Strata-Safetensors\src\program\generate.cpp(10417): warning C4996: 'getenv': This function or variable may be unsafe. Consider using _dupenv_s instead. To disable deprecation, use _CRT_SECURE_NO_WARNINGS. See online help for details.
G:\Strata\Strata-Safetensors\src\program\generate.cpp(10439): warning C4996: 'fopen': This function or variable may be unsafe. Consider using fopen_s instead. To disable deprecation, use _CRT_SECURE_NO_WARNINGS. See online help for details.
G:\Strata\Strata-Safetensors\src\program\generate.cpp(10632): warning C4996: 'getenv': This function or variable may be unsafe. Consider using _dupenv_s instead. To disable deprecation, use _CRT_SECURE_NO_WARNINGS. See online help for details.
G:\Strata\Strata-Safetensors\src\program\generate.cpp(10905): warning C4996: 'getenv': This function or variable may be unsafe. Consider using _dupenv_s instead. To disable deprecation, use _CRT_SECURE_NO_WARNINGS. See online help for details.
G:\Strata\Strata-Safetensors\src\program\generate.cpp(10992): warning C4996: 'getenv': This function or variable may be unsafe. Consider using _dupenv_s instead. To disable deprecation, use _CRT_SECURE_NO_WARNINGS. See online help for details.
G:\Strata\Strata-Safetensors\src\program\generate.cpp(11001): warning C4996: 'getenv': This function or variable may be unsafe. Consider using _dupenv_s instead. To disable deprecation, use _CRT_SECURE_NO_WARNINGS. See online help for details.
G:\Strata\Strata-Safetensors\src\program\generate.cpp(11600): warning C4996: 'fopen': This function or variable may be unsafe. Consider using fopen_s instead. To disable deprecation, use _CRT_SECURE_NO_WARNINGS. See online help for details.
G:\Strata\Strata-Safetensors\src\program\generate.cpp(11721): warning C4996: 'getenv': This function or variable may be unsafe. Consider using _dupenv_s instead. To disable deprecation, use _CRT_SECURE_NO_WARNINGS. See online help for details.
G:\Strata\Strata-Safetensors\src\program\generate.cpp(11726): warning C4996: 'fopen': This function or variable may be unsafe. Consider using fopen_s instead. To disable deprecation, use _CRT_SECURE_NO_WARNINGS. See online help for details.
G:\Strata\Strata-Safetensors\src\program\generate.cpp(11856): warning C4996: 'getenv': This function or variable may be unsafe. Consider using _dupenv_s instead. To disable deprecation, use _CRT_SECURE_NO_WARNINGS. See online help for details.
G:\Strata\Strata-Safetensors\src\program\generate.cpp(11914): warning C4996: 'getenv': This function or variable may be unsafe. Consider using _dupenv_s instead. To disable deprecation, use _CRT_SECURE_NO_WARNINGS. See online help for details.
G:\Strata\Strata-Safetensors\src\program\generate.cpp(12156): warning C4996: 'getenv': This function or variable may be unsafe. Consider using _dupenv_s instead. To disable deprecation, use _CRT_SECURE_NO_WARNINGS. See online help for details.
G:\Strata\Strata-Safetensors\src\program\generate.cpp(12185): warning C4996: 'getenv': This function or variable may be unsafe. Consider using _dupenv_s instead. To disable deprecation, use _CRT_SECURE_NO_WARNINGS. See online help for details.
G:\Strata\Strata-Safetensors\src\program\generate.cpp(12218): warning C4996: 'fopen': This function or variable may be unsafe. Consider using fopen_s instead. To disable deprecation, use _CRT_SECURE_NO_WARNINGS. See online help for details.
G:\Strata\Strata-Safetensors\src\program\generate.cpp(12645): warning C4996: 'getenv': This function or variable may be unsafe. Consider using _dupenv_s instead. To disable deprecation, use _CRT_SECURE_NO_WARNINGS. See online help for details.
G:\Strata\Strata-Safetensors\src\program\generate.cpp(12646): warning C4996: 'getenv': This function or variable may be unsafe. Consider using _dupenv_s instead. To disable deprecation, use _CRT_SECURE_NO_WARNINGS. See online help for details.
G:\Strata\Strata-Safetensors\src\program\generate.cpp(12647): warning C4996: 'getenv': This function or variable may be unsafe. Consider using _dupenv_s instead. To disable deprecation, use _CRT_SECURE_NO_WARNINGS. See online help for details.
G:\Strata\Strata-Safetensors\src\program\generate.cpp(12656): warning C4996: 'getenv': This function or variable may be unsafe. Consider using _dupenv_s instead. To disable deprecation, use _CRT_SECURE_NO_WARNINGS. See online help for details.
G:\Strata\Strata-Safetensors\src\program\generate.cpp(12867): warning C4996: 'fopen': This function or variable may be unsafe. Consider using fopen_s instead. To disable deprecation, use _CRT_SECURE_NO_WARNINGS. See online help for details.
G:\Strata\Strata-Safetensors\src\program\generate.cpp(12898): warning C4996: 'getenv': This function or variable may be unsafe. Consider using _dupenv_s instead. To disable deprecation, use _CRT_SECURE_NO_WARNINGS. See online help for details.
G:\Strata\Strata-Safetensors\src\program\generate.cpp(12931): warning C4996: 'getenv': This function or variable may be unsafe. Consider using _dupenv_s instead. To disable deprecation, use _CRT_SECURE_NO_WARNINGS. See online help for details.
G:\Strata\Strata-Safetensors\src\program\generate.cpp(13020): warning C4996: 'getenv': This function or variable may be unsafe. Consider using _dupenv_s instead. To disable deprecation, use _CRT_SECURE_NO_WARNINGS. See online help for details.
G:\Strata\Strata-Safetensors\src\program\generate.cpp(13022): warning C4996: 'fopen': This function or variable may be unsafe. Consider using fopen_s instead. To disable deprecation, use _CRT_SECURE_NO_WARNINGS. See online help for details.
G:\Strata\Strata-Safetensors\src\program\generate.cpp(13030): warning C4996: 'getenv': This function or variable may be unsafe. Consider using _dupenv_s instead. To disable deprecation, use _CRT_SECURE_NO_WARNINGS. See online help for details.
G:\Strata\Strata-Safetensors\src\program\generate.cpp(13255): warning C4996: 'fopen': This function or variable may be unsafe. Consider using fopen_s instead. To disable deprecation, use _CRT_SECURE_NO_WARNINGS. See online help for details.
G:\Strata\Strata-Safetensors\src\program\generate.cpp(13275): warning C4996: 'fopen': This function or variable may be unsafe. Consider using fopen_s instead. To disable deprecation, use _CRT_SECURE_NO_WARNINGS. See online help for details.
C:\Program Files (x86)\Microsoft Visual Studio\2022\BuildTools\VC\Tools\MSVC\14.44.35207\include\vector(1461): warning C4244: “=”: 从“__int64”转换到“int”，可能丢失数据
C:\Program Files (x86)\Microsoft Visual Studio\2022\BuildTools\VC\Tools\MSVC\14.44.35207\include\vector(1461): note: 模板实例化上下文(最早的实例化上下文)为
G:\Strata\Strata-Safetensors\src\program\generate.cpp(7810): note: 查看对正在编译的函数 模板 实例化“void std::vector<int32_t,std::allocator<int>>::assign<std::_Vector_iterator<std::_Vector_val<std::_Simple_types<_Ty>>>,0>(_Iter,_Iter)”的引用
        with
        [
            _Ty=int64_t,
            _Iter=std::_Vector_iterator<std::_Vector_val<std::_Simple_types<int64_t>>>
        ]
G:\Strata\Strata-Safetensors\src\program\generate.cpp(7810): note: 请参阅 "strata_main::<lambda_87>::operator ()" 中对 "std::vector<int32_t,std::allocator<int>>::assign" 的第一个引用
C:\Program Files (x86)\Microsoft Visual Studio\2022\BuildTools\VC\Tools\MSVC\14.44.35207\include\vector(1491): note: 查看对正在编译的函数 模板 实例化“void std::vector<int32_t,std::allocator<int>>::_Assign_counted_range<__int64*>(_Iter,const unsigned __int64)”的引用
        with
        [
            _Iter=__int64 *
        ]
C:\Program Files (x86)\Microsoft Visual Studio\2022\BuildTools\VC\Tools\MSVC\14.44.35207\include\xutility(4813): warning C4244: “=”: 从“__int64”转换到“int”，可能丢失数据
C:\Program Files (x86)\Microsoft Visual Studio\2022\BuildTools\VC\Tools\MSVC\14.44.35207\include\xutility(4813): note: 模板实例化上下文(最早的实例化上下文)为
C:\Program Files (x86)\Microsoft Visual Studio\2022\BuildTools\VC\Tools\MSVC\14.44.35207\include\vector(1491): note: 查看对正在编译的函数 模板 实例化“void std::vector<int32_t,std::allocator<int>>::_Assign_counted_range<__int64*>(_Iter,const unsigned __int64)”的引用
        with
        [
            _Iter=__int64 *
        ]
C:\Program Files (x86)\Microsoft Visual Studio\2022\BuildTools\VC\Tools\MSVC\14.44.35207\include\vector(1475): note: 查看对正在编译的函数 模板 实例化“_OutIt *std::_Copy_n_unchecked4<__int64*,unsigned __int64,int*>(_InIt,_SizeTy,_OutIt)”的引用
        with
        [
            _OutIt=int *,
            _InIt=__int64 *,
            _SizeTy=unsigned __int64
        ]
C:\Program Files (x86)\Microsoft Visual Studio\2022\BuildTools\VC\Tools\MSVC\14.44.35207\include\xutility(462): warning C4244: “初始化”: 从“int64_t”转换到“_Ty”，可能丢失数据
        with
        [
            _Ty=int
        ]
C:\Program Files (x86)\Microsoft Visual Studio\2022\BuildTools\VC\Tools\MSVC\14.44.35207\include\xutility(462): note: 模板实例化上下文(最早的实例化上下文)为
C:\Program Files (x86)\Microsoft Visual Studio\2022\BuildTools\VC\Tools\MSVC\14.44.35207\include\vector(1436): note: 查看对正在编译的函数 模板 实例化“int *std::_Uninitialized_copy_n<__int64*,std::allocator<int>>(_InIt,size_t,int *,_Alloc &)”的引用
        with
        [
            _InIt=__int64 *,
            _Alloc=std::allocator<int>
        ]
C:\Program Files (x86)\Microsoft Visual Studio\2022\BuildTools\VC\Tools\MSVC\14.44.35207\include\xmemory(1938): note: 查看对正在编译的函数 模板 实例化“void std::_Uninitialized_backout_al<std::allocator<int>>::_Emplace_back<__int64&>(__int64 &)”的引用
C:\Program Files (x86)\Microsoft Visual Studio\2022\BuildTools\VC\Tools\MSVC\14.44.35207\include\xmemory(1844): note: 查看对正在编译的函数 模板 实例化“void std::_Default_allocator_traits<_Alloc>::construct<_Ty,int64_t&>(_Alloc &,_Objty *const ,int64_t &)”的引用
        with
        [
            _Alloc=std::allocator<int>,
            _Ty=int,
            _Objty=int
        ]
C:\Program Files (x86)\Microsoft Visual Studio\2022\BuildTools\VC\Tools\MSVC\14.44.35207\include\xmemory(730): note: 查看对正在编译的函数 模板 实例化“_Ty *std::construct_at<_Objty,int64_t&>(_Ty *const ,int64_t &) noexcept(<expr>)”的引用
        with
        [
            _Ty=int,
            _Objty=int
        ]
C:\Program Files (x86)\Microsoft Visual Studio\2022\BuildTools\VC\Tools\MSVC\14.44.35207\include\xutility(463): warning C4244: “初始化”: 从“int64_t”转换到“_Objty”，可能丢失数据
        with
        [
            _Objty=int
        ]
C:\Program Files (x86)\Microsoft Visual Studio\2022\BuildTools\VC\Tools\MSVC\14.44.35207\include\xutility(463): note: 模板实例化上下文(最早的实例化上下文)为
C:\Program Files (x86)\Microsoft Visual Studio\2022\BuildTools\VC\Tools\MSVC\14.44.35207\include\xmemory(1844): note: 查看对正在编译的函数 模板 实例化“void std::_Default_allocator_traits<_Alloc>::construct<_Ty,int64_t&>(_Alloc &,_Objty *const ,int64_t &)”的引用
        with
        [
            _Alloc=std::allocator<int>,
            _Ty=int,
            _Objty=int
        ]
C:\Program Files (x86)\Microsoft Visual Studio\2022\BuildTools\VC\Tools\MSVC\14.44.35207\include\xmemory(730): note: 查看对正在编译的函数 模板 实例化“_Ty *std::construct_at<_Objty,int64_t&>(_Ty *const ,int64_t &) noexcept”的引用
        with
        [
            _Ty=int,
            _Objty=int
        ]
[12/12] Linking CXX executable strata-concurrency4.exe
