-- Strata: CUDA enabled, arch 120
-- strata: pack/full/experts.bin absent - the expert arena load test is NOT registered
-- Warning: ccache not found - consider installing it for faster compilation or disable this warning with GGML_CCACHE=OFF
-- CMAKE_SYSTEM_PROCESSOR: AMD64
-- CMAKE_GENERATOR_PLATFORM:
-- GGML_SYSTEM_ARCH: x86
-- Including CPU backend
-- x86 detected
-- Adding CPU backend variant ggml-cpu: /arch:AVX512 GGML_AVX512
-- ggml version: 0.24.0
-- ggml commit:  unknown
-- Configuring done (4.9s)
-- Generating done (0.2s)
-- Build files have been written to: G:/Strata/Strata-Safetensors/build-native-engine
[1/8] Building CXX object CMakeFiles\strata_kernels_cpu.dir\src\kernels\cpu\nvfp4_avx512.cpp.obj
[2/8] Building CXX object CMakeFiles\strata_kernels_cpu.dir\src\kernels\cpu\native_expert.cpp.obj
[3/8] Linking CXX static library strata_kernels_cpu.lib
[4/8] Building CXX object CMakeFiles\nvfp4_cpu_rows_bench.dir\src\weights\nvfp4_cpu_rows_bench.cpp.obj
[5/8] Building CXX object CMakeFiles\nvfp4_cpu_f32_test.dir\src\weights\nvfp4_cpu_f32_test.cpp.obj
[6/8] Linking CXX executable nvfp4_cpu_f32_test.exe
[7/8] Linking CXX executable nvfp4_cpu_rows_bench.exe
[8/8] Linking CXX executable strata-efficiency3.exe
