-- Strata: CUDA enabled, arch 120
-- strata: pack/full/experts.bin absent - the expert arena load test is NOT registered
-- Warning: ccache not found - consider installing it for faster compilation or disable this warning with GGML_CCACHE=OFF
-- CMAKE_SYSTEM_PROCESSOR: AMD64
-- CMAKE_GENERATOR_PLATFORM:
-- GGML_SYSTEM_ARCH: x86
-- Including CPU backend
-- x86 detected
-- Adding CPU backend variant ggml-cpu: /arch:AVX512 GGML_AVX512
-- ggml version: 0.24.0
-- ggml commit:  unknown
-- Configuring done (3.4s)
-- Generating done (0.1s)
-- Build files have been written to: G:/Strata/Strata-Safetensors/build-native-engine
[1/8] Building CXX object CMakeFiles\strata_kernels_cpu.dir\src\kernels\cpu\nvfp4_avx512.cpp.obj
[2/8] Linking CXX static library strata_kernels_cpu.lib
[3/8] Linking CXX executable nvfp4_cpu_f32_test.exe
[4/8] Building CUDA object CMakeFiles\strata_kernels.dir\src\kernels\cuda\iq_kernels.cu.obj
G:\Strata\Strata-Safetensors\src\kernels\cuda\iq_kernels.cu(2394): warning #20199-D: unrecognized #pragma in device code
  #pragma clang fp contract(off)
          ^

Remark: The warnings can be suppressed with "-diag-suppress <warning-number>"

G:\Strata\Strata-Safetensors\src\kernels\cuda\iq_kernels.cu(2936): warning #20058-D: the #pragma unroll must precede a loop
  #pragma unroll
          ^

G:\Strata\Strata-Safetensors\src\kernels\cuda\iq_kernels.cu(2266): warning #128-D: loop is not reachable
          for (int q = 0; q < RPW; ++q)
          ^
          detected during:
            instantiation of "void strata::kernels::<unnamed>::s26_gu_l_kernel<LT,LX,RPW,SL,TS>(const unsigned long long *, const int32_t *, const int32_t *, const int32_t *, const block_q8_1 *, strata::kernels::NativeExpertLayout, float *, float *) [with LT=true, LX=true, RPW=4, SL=true, TS=true]" at line 2417
            instantiation of "void strata::kernels::<unnamed>::s26_launch_l<LT,LX,RG,RD,SL,FQ,TS,BD>(const strata::kernels::NativeExpertLayout &, int64_t, cudaStream_t, const unsigned long long *, const int32_t *, const int32_t *, const int32_t *, const int32_t *, const block_q8_1 *, float *, float *, float *, block_q8_1 *, float *, long long) [with LT=true, LX=true, RG=4, RD=4, SL=true, FQ=true, TS=true, BD=1]" at line 3727

G:\Strata\Strata-Safetensors\src\kernels\cuda\iq_kernels.cu(2377): warning #128-D: loop is not reachable
          for (int q = 0; q < RPW; ++q)
          ^
          detected during:
            instantiation of "void strata::kernels::<unnamed>::s26_down_l_kernel<LX,RPW,SL,TS,BAL>(const unsigned long long *, const int32_t *, const int32_t *, const int32_t *, const block_q8_1 *, strata::kernels::NativeExpertLayout, float *) [with LX=true, RPW=4, SL=true, TS=true, BAL=1]" at line 2425
            instantiation of "void strata::kernels::<unnamed>::s26_launch_l<LT,LX,RG,RD,SL,FQ,TS,BD>(const strata::kernels::NativeExpertLayout &, int64_t, cudaStream_t, const unsigned long long *, const int32_t *, const int32_t *, const int32_t *, const int32_t *, const block_q8_1 *, float *, float *, float *, block_q8_1 *, float *, long long) [with LT=true, LX=true, RG=4, RD=4, SL=true, FQ=true, TS=true, BD=1]" at line 3727

G:\Strata\Strata-Safetensors\src\kernels\cuda\iq_kernels.cu(2633): warning #128-D: loop is not reachable
          for (int q = 0; q < RPW; ++q)
          ^
          detected during:
            instantiation of "void strata::kernels::<unnamed>::s27_gu_kernel<TG,LX,RPW,TS>(const unsigned long long *, const int32_t *, const int32_t *, const int32_t *, const block_q8_1 *, strata::kernels::NativeExpertLayout, float *, float *) [with TG=12, LX=true, RPW=4, TS=true]" at line 2731
            instantiation of "void strata::kernels::<unnamed>::s27_launch<TG,TD,LX,RG,RD,TS>(const strata::kernels::NativeExpertLayout &, int64_t, cudaStream_t, const unsigned long long *, const int32_t *, const int32_t *, const int32_t *, const int32_t *, const block_q8_1 *, float *, float *, float *, block_q8_1 *, float *, long long) [with TG=12, TD=7, LX=true, RG=4, RD=4, TS=true]" at line 2741
            instantiation of "void strata::kernels::<unnamed>::s27_launch_ts<TG,TD>(__nv_bool, const strata::kernels::NativeExpertLayout &, int64_t, cudaStream_t, const unsigned long long *, const int32_t *, const int32_t *, const int32_t *, const int32_t *, const block_q8_1 *, float *, float *, float *, block_q8_1 *, float *, long long) [with TG=12, TD=7]" at line 3741

G:\Strata\Strata-Safetensors\src\kernels\cuda\iq_kernels.cu(2714): warning #128-D: loop is not reachable
          for (int q = 0; q < RPW; ++q)
          ^
          detected during:
            instantiation of "void strata::kernels::<unnamed>::s27_down_kernel<TD,LX,RPW,TS>(const unsigned long long *, const int32_t *, const int32_t *, const int32_t *, const block_q8_1 *, strata::kernels::NativeExpertLayout, float *) [with TD=7, LX=true, RPW=4, TS=true]" at line 2734
            instantiation of "void strata::kernels::<unnamed>::s27_launch<TG,TD,LX,RG,RD,TS>(const strata::kernels::NativeExpertLayout &, int64_t, cudaStream_t, const unsigned long long *, const int32_t *, const int32_t *, const int32_t *, const int32_t *, const block_q8_1 *, float *, float *, float *, block_q8_1 *, float *, long long) [with TG=12, TD=7, LX=true, RG=4, RD=4, TS=true]" at line 2741
            instantiation of "void strata::kernels::<unnamed>::s27_launch_ts<TG,TD>(__nv_bool, const strata::kernels::NativeExpertLayout &, int64_t, cudaStream_t, const unsigned long long *, const int32_t *, const int32_t *, const int32_t *, const int32_t *, const block_q8_1 *, float *, float *, float *, block_q8_1 *, float *, long long) [with TG=12, TD=7]" at line 3741

G:\Strata\Strata-Safetensors\src\kernels\cuda\iq_kernels.cu(2714): warning #128-D: loop is not reachable
          for (int q = 0; q < RPW; ++q)
          ^
          detected during:
            instantiation of "void strata::kernels::<unnamed>::s27_down_kernel<TD,LX,RPW,TS>(const unsigned long long *, const int32_t *, const int32_t *, const int32_t *, const block_q8_1 *, strata::kernels::NativeExpertLayout, float *) [with TD=8, LX=true, RPW=4, TS=true]" at line 2734
            instantiation of "void strata::kernels::<unnamed>::s27_launch<TG,TD,LX,RG,RD,TS>(const strata::kernels::NativeExpertLayout &, int64_t, cudaStream_t, const unsigned long long *, const int32_t *, const int32_t *, const int32_t *, const int32_t *, const block_q8_1 *, float *, float *, float *, block_q8_1 *, float *, long long) [with TG=12, TD=8, LX=true, RG=4, RD=4, TS=true]" at line 2741
            instantiation of "void strata::kernels::<unnamed>::s27_launch_ts<TG,TD>(__nv_bool, const strata::kernels::NativeExpertLayout &, int64_t, cudaStream_t, const unsigned long long *, const int32_t *, const int32_t *, const int32_t *, const int32_t *, const block_q8_1 *, float *, float *, float *, block_q8_1 *, float *, long long) [with TG=12, TD=8]" at line 3742

G:\Strata\Strata-Safetensors\src\kernels\cuda\iq_kernels.cu(2633): warning #128-D: loop is not reachable
          for (int q = 0; q < RPW; ++q)
          ^
          detected during:
            instantiation of "void strata::kernels::<unnamed>::s27_gu_kernel<TG,LX,RPW,TS>(const unsigned long long *, const int32_t *, const int32_t *, const int32_t *, const block_q8_1 *, strata::kernels::NativeExpertLayout, float *, float *) [with TG=13, LX=true, RPW=4, TS=true]" at line 2731
            instantiation of "void strata::kernels::<unnamed>::s27_launch<TG,TD,LX,RG,RD,TS>(const strata::kernels::NativeExpertLayout &, int64_t, cudaStream_t, const unsigned long long *, const int32_t *, const int32_t *, const int32_t *, const int32_t *, const block_q8_1 *, float *, float *, float *, block_q8_1 *, float *, long long) [with TG=13, TD=7, LX=true, RG=4, RD=4, TS=true]" at line 2741
            instantiation of "void strata::kernels::<unnamed>::s27_launch_ts<TG,TD>(__nv_bool, const strata::kernels::NativeExpertLayout &, int64_t, cudaStream_t, const unsigned long long *, const int32_t *, const int32_t *, const int32_t *, const int32_t *, const block_q8_1 *, float *, float *, float *, block_q8_1 *, float *, long long) [with TG=13, TD=7]" at line 3743

G:\Strata\Strata-Safetensors\src\kernels\cuda\iq_kernels.cu(3321): warning #128-D: loop is not reachable
              for (int j = 0; j < cn; ++j) {
              ^
          detected during instantiation of "void strata::kernels::native_gu_lds_kernel<TG,SG,TI>(const unsigned long long *, const int32_t *, const int32_t *, const int32_t *, const block_q8_1 *, strata::kernels::NativeExpertLayout, float *, float *) [with TG=16, SG=1, TI=true]" at line 3787

G:\Strata\Strata-Safetensors\src\kernels\cuda\iq_kernels.cu(3321): warning #128-D: loop is not reachable
              for (int j = 0; j < cn; ++j) {
              ^
          detected during instantiation of "void strata::kernels::native_gu_lds_kernel<TG,SG,TI>(const unsigned long long *, const int32_t *, const int32_t *, const int32_t *, const block_q8_1 *, strata::kernels::NativeExpertLayout, float *, float *) [with TG=18, SG=1, TI=true]" at line 3788

G:\Strata\Strata-Safetensors\src\kernels\cuda\iq_kernels.cu(3321): warning #128-D: loop is not reachable
              for (int j = 0; j < cn; ++j) {
              ^
          detected during instantiation of "void strata::kernels::native_gu_lds_kernel<TG,SG,TI>(const unsigned long long *, const int32_t *, const int32_t *, const int32_t *, const block_q8_1 *, strata::kernels::NativeExpertLayout, float *, float *) [with TG=21, SG=1, TI=true]" at line 3789

G:\Strata\Strata-Safetensors\src\kernels\cuda\iq_kernels.cu(3321): warning #128-D: loop is not reachable
              for (int j = 0; j < cn; ++j) {
              ^
          detected during instantiation of "void strata::kernels::native_gu_lds_kernel<TG,SG,TI>(const unsigned long long *, const int32_t *, const int32_t *, const int32_t *, const block_q8_1 *, strata::kernels::NativeExpertLayout, float *, float *) [with TG=23, SG=1, TI=true]" at line 3790

G:\Strata\Strata-Safetensors\src\kernels\cuda\iq_kernels.cu(3321): warning #128-D: loop is not reachable
              for (int j = 0; j < cn; ++j) {
              ^
          detected during instantiation of "void strata::kernels::native_gu_lds_kernel<TG,SG,TI>(const unsigned long long *, const int32_t *, const int32_t *, const int32_t *, const block_q8_1 *, strata::kernels::NativeExpertLayout, float *, float *) [with TG=22, SG=1, TI=true]" at line 3791

G:\Strata\Strata-Safetensors\src\kernels\cuda\iq_kernels.cu(631): warning #177-D: function "strata::kernels::<unnamed>::Fmt<14>::dot" was declared but never referenced
      __declspec(__device__) static float dot(const void* v, const block_q8_1* y, int kbx, int iqs) { return vec_dot_q6_K_q8_1(v, y, kbx, iqs); } };
                                          ^

G:\Strata\Strata-Safetensors\src\kernels\cuda\iq_kernels.cu(630): warning #177-D: member "strata::kernels::<unnamed>::Fmt<14>::qk" was declared but never referenced
  template<> struct Fmt<14> { static constexpr int qk = 256, ipb = (256 / (4*2)) / VDR_Q6_K, step = VDR_Q6_K;
                                                   ^

G:\Strata\Strata-Safetensors\src\kernels\cuda\iq_kernels.cu(630): warning #177-D: member "strata::kernels::<unnamed>::Fmt<14>::ipb" was declared but never referenced
  template<> struct Fmt<14> { static constexpr int qk = 256, ipb = (256 / (4*2)) / VDR_Q6_K, step = VDR_Q6_K;
                                                             ^

G:\Strata\Strata-Safetensors\src\kernels\cuda\iq_kernels.cu(630): warning #177-D: member "strata::kernels::<unnamed>::Fmt<14>::step" was declared but never referenced
  template<> struct Fmt<14> { static constexpr int qk = 256, ipb = (256 / (4*2)) / VDR_Q6_K, step = VDR_Q6_K;
                                                                                             ^

iq_kernels.cu
tmpxft_00005a58_00000000-7_iq_kernels.cudafe1.cpp
[5/8] Linking CXX static library strata_kernels.lib
[6/8] Linking CXX executable nvfp4_gpu_reuse_bench.exe
[7/8] Linking CXX executable nvfp4_expert_gpu_parity.exe
[8/8] Linking CXX executable strata-efficiency8.exe
